Component: ARM Compiler 5.06 update 7 (build 960) Tool: armlink [4d3601]

==============================================================================

Section Cross References

    startup_stm32l432xx.o(STACK) refers (Special) to heapauxi.o(.text) for __use_two_region_memory
    startup_stm32l432xx.o(HEAP) refers (Special) to heapauxi.o(.text) for __use_two_region_memory
    startup_stm32l432xx.o(RESET) refers (Special) to heapauxi.o(.text) for __use_two_region_memory
    startup_stm32l432xx.o(RESET) refers to startup_stm32l432xx.o(STACK) for __initial_sp
    startup_stm32l432xx.o(RESET) refers to startup_stm32l432xx.o(.text) for Reset_Handler
    startup_stm32l432xx.o(RESET) refers to stm32l4xx_it.o(i.NMI_Handler) for NMI_Handler
    startup_stm32l432xx.o(RESET) refers to stm32l4xx_it.o(i.HardFault_Handler) for HardFault_Handler
    startup_stm32l432xx.o(RESET) refers to stm32l4xx_it.o(i.MemManage_Handler) for MemManage_Handler
    startup_stm32l432xx.o(RESET) refers to stm32l4xx_it.o(i.BusFault_Handler) for BusFault_Handler
    startup_stm32l432xx.o(RESET) refers to stm32l4xx_it.o(i.UsageFault_Handler) for UsageFault_Handler
    startup_stm32l432xx.o(RESET) refers to stm32l4xx_it.o(i.SVC_Handler) for SVC_Handler
    startup_stm32l432xx.o(RESET) refers to stm32l4xx_it.o(i.DebugMon_Handler) for DebugMon_Handler
    startup_stm32l432xx.o(RESET) refers to stm32l4xx_it.o(i.PendSV_Handler) for PendSV_Handler
    startup_stm32l432xx.o(RESET) refers to stm32l4xx_it.o(i.SysTick_Handler) for SysTick_Handler
    startup_stm32l432xx.o(RESET) refers to stm32l4xx_it.o(i.DMA1_Channel1_IRQHandler) for DMA1_Channel1_IRQHandler
    startup_stm32l432xx.o(RESET) refers to stm32l4xx_it.o(i.ADC1_IRQHandler) for ADC1_IRQHandler
    startup_stm32l432xx.o(.text) refers (Special) to heapauxi.o(.text) for __use_two_region_memory
    startup_stm32l432xx.o(.text) refers to system_stm32l4xx.o(i.SystemInit) for SystemInit
    startup_stm32l432xx.o(.text) refers to __main.o(!!!main) for __main
    startup_stm32l432xx.o(.text) refers to startup_stm32l432xx.o(HEAP) for Heap_Mem
    startup_stm32l432xx.o(.text) refers to startup_stm32l432xx.o(STACK) for Stack_Mem
    main.o(i.SystemClock_Config) refers to rt_memclr_w.o(.text) for __aeabi_memclr4
    main.o(i.SystemClock_Config) refers to stm32l4xx_hal_pwr_ex.o(i.HAL_PWREx_ControlVoltageScaling) for HAL_PWREx_ControlVoltageScaling
    main.o(i.SystemClock_Config) refers to stm32l4xx_hal_rcc.o(i.HAL_RCC_OscConfig) for HAL_RCC_OscConfig
    main.o(i.SystemClock_Config) refers to stm32l4xx_hal_rcc.o(i.HAL_RCC_ClockConfig) for HAL_RCC_ClockConfig
    main.o(i.main) refers to stm32l4xx_hal.o(i.HAL_Init) for HAL_Init
    main.o(i.main) refers to main.o(i.SystemClock_Config) for SystemClock_Config
    main.o(i.main) refers to gpio.o(i.MX_GPIO_Init) for MX_GPIO_Init
    main.o(i.main) refers to dma.o(i.MX_DMA_Init) for MX_DMA_Init
    main.o(i.main) refers to adc.o(i.MX_ADC1_Init) for MX_ADC1_Init
    main.o(i.main) refers to dac.o(i.MX_DAC1_Init) for MX_DAC1_Init
    main.o(i.main) refers to i2c.o(i.MX_I2C1_Init) for MX_I2C1_Init
    main.o(i.main) refers to usart.o(i.MX_USART2_UART_Init) for MX_USART2_UART_Init
    main.o(i.main) refers to tim.o(i.MX_TIM1_Init) for MX_TIM1_Init
    main.o(i.main) refers to tasks.o(i.startup) for startup
    main.o(i.main) refers to stm32l4xx_hal_tim.o(i.HAL_TIM_Base_Start) for HAL_TIM_Base_Start
    main.o(i.main) refers to stm32l4xx_hal_tim.o(i.HAL_TIM_PWM_Start) for HAL_TIM_PWM_Start
    main.o(i.main) refers to tim.o(.bss) for htim1
    gpio.o(i.MX_GPIO_Init) refers to rt_memclr_w.o(.text) for __aeabi_memclr4
    gpio.o(i.MX_GPIO_Init) refers to stm32l4xx_hal_gpio.o(i.HAL_GPIO_WritePin) for HAL_GPIO_WritePin
    gpio.o(i.MX_GPIO_Init) refers to stm32l4xx_hal_gpio.o(i.HAL_GPIO_Init) for HAL_GPIO_Init
    adc.o(i.HAL_ADC_MspDeInit) refers to stm32l4xx_hal_gpio.o(i.HAL_GPIO_DeInit) for HAL_GPIO_DeInit
    adc.o(i.HAL_ADC_MspDeInit) refers to stm32l4xx_hal_dma.o(i.HAL_DMA_DeInit) for HAL_DMA_DeInit
    adc.o(i.HAL_ADC_MspDeInit) refers to stm32l4xx_hal_cortex.o(i.HAL_NVIC_DisableIRQ) for HAL_NVIC_DisableIRQ
    adc.o(i.HAL_ADC_MspInit) refers to rt_memclr_w.o(.text) for __aeabi_memclr4
    adc.o(i.HAL_ADC_MspInit) refers to stm32l4xx_hal_rcc_ex.o(i.HAL_RCCEx_PeriphCLKConfig) for HAL_RCCEx_PeriphCLKConfig
    adc.o(i.HAL_ADC_MspInit) refers to main.o(i.Error_Handler) for Error_Handler
    adc.o(i.HAL_ADC_MspInit) refers to stm32l4xx_hal_gpio.o(i.HAL_GPIO_Init) for HAL_GPIO_Init
    adc.o(i.HAL_ADC_MspInit) refers to stm32l4xx_hal_dma.o(i.HAL_DMA_Init) for HAL_DMA_Init
    adc.o(i.HAL_ADC_MspInit) refers to stm32l4xx_hal_cortex.o(i.HAL_NVIC_SetPriority) for HAL_NVIC_SetPriority
    adc.o(i.HAL_ADC_MspInit) refers to stm32l4xx_hal_cortex.o(i.HAL_NVIC_EnableIRQ) for HAL_NVIC_EnableIRQ
    adc.o(i.HAL_ADC_MspInit) refers to adc.o(.bss) for .bss
    adc.o(i.MX_ADC1_Init) refers to rt_memclr_w.o(.text) for __aeabi_memclr4
[...]
    i.__ARM_fpclassify                       0x08005168   Section        0  fpclassify.o(i.__ARM_fpclassify)
    i.__NVIC_SetPriority                     0x08005198   Section        0  stm32l4xx_hal_cortex.o(i.__NVIC_SetPriority)
    __NVIC_SetPriority                       0x08005199   Thumb Code    32  stm32l4xx_hal_cortex.o(i.__NVIC_SetPriority)
    i._is_digit                              0x080051b8   Section        0  __printf_wp.o(i._is_digit)
    i.arm_bitreversal_32                     0x080051c8   Section        0  transformfunctions.o(i.arm_bitreversal_32)
    i.arm_cfft_f32                           0x08005206   Section        0  transformfunctions.o(i.arm_cfft_f32)
    i.arm_cfft_radix8by2_f32                 0x080052d2   Section        0  transformfunctions.o(i.arm_cfft_radix8by2_f32)
    i.arm_cfft_radix8by4_f32                 0x0800545a   Section        0  transformfunctions.o(i.arm_cfft_radix8by4_f32)
    i.arm_cmplx_mag_f32                      0x08005890   Section        0  complexmathfunctions.o(i.arm_cmplx_mag_f32)
    i.arm_radix8_butterfly_f32               0x080058d4   Section        0  transformfunctions.o(i.arm_radix8_butterfly_f32)
    i.calculate_fft                          0x08005dac   Section        0  tasks.o(i.calculate_fft)
    i.main                                   0x08005e4c   Section        0  main.o(i.main)
    i.myprintf                               0x08005e88   Section        0  uart.o(i.myprintf)
    i.startup                                0x08005eb8   Section        0  tasks.o(i.startup)
    locale$$code                             0x08005f24   Section       44  lc_numeric_c.o(locale$$code)
    locale$$code                             0x08005f50   Section       44  lc_ctype_c.o(locale$$code)
    x$fpl$dretinf                            0x08005f7c   Section       12  dretinf.o(x$fpl$dretinf)
    $v0                                      0x08005f7c   Number         0  dretinf.o(x$fpl$dretinf)
    x$fpl$f2d                                0x08005f88   Section       86  f2d.o(x$fpl$f2d)
    $v0                                      0x08005f88   Number         0  f2d.o(x$fpl$f2d)
    x$fpl$fnaninf                            0x08005fde   Section      140  fnaninf.o(x$fpl$fnaninf)
    $v0                                      0x08005fde   Number         0  fnaninf.o(x$fpl$fnaninf)
    x$fpl$fpinit                             0x0800606a   Section       10  fpinit.o(x$fpl$fpinit)
    $v0                                      0x0800606a   Number         0  fpinit.o(x$fpl$fpinit)
    x$fpl$printf1                            0x08006074   Section        4  printf1.o(x$fpl$printf1)
    $v0                                      0x08006074   Number         0  printf1.o(x$fpl$printf1)
    x$fpl$printf2                            0x08006078   Section        4  printf2.o(x$fpl$printf2)
    $v0                                      0x08006078   Number         0  printf2.o(x$fpl$printf2)
    .constdata                               0x0800607c   Section       64  system_stm32l4xx.o(.constdata)
    x$fpl$usenofp                            0x0800607c   Section        0  usenofp.o(x$fpl$usenofp)
    .constdata                               0x080060bc   Section        8  system_stm32l4xx.o(.constdata)
    .constdata                               0x080060c4   Section     8192  commontables.o(.constdata)
    .constdata                               0x080080c4   Section     3600  commontables.o(.constdata)
    .constdata                               0x08008ed4   Section       16  commontables.o(.constdata)
    .constdata                               0x08008ee4   Section        8  _printf_wctomb.o(.constdata)
    initial_mbstate                          0x08008ee4   Data           8  _printf_wctomb.o(.constdata)
    .constdata                               0x08008eec   Section       40  _printf_hex_int_ll_ptr.o(.constdata)
    uc_hextab                                0x08008eec   Data          20  _printf_hex_int_ll_ptr.o(.constdata)
    lc_hextab                                0x08008f00   Data          20  _printf_hex_int_ll_ptr.o(.constdata)
    .constdata                               0x08008f14   Section       17  __printf_flags_ss_wp.o(.constdata)
    maptable                                 0x08008f14   Data          17  __printf_flags_ss_wp.o(.constdata)
    .constdata                               0x08008f25   Section       38  _printf_fp_hex.o(.constdata)
    lc_hextab                                0x08008f25   Data          19  _printf_fp_hex.o(.constdata)
    uc_hextab                                0x08008f38   Data          19  _printf_fp_hex.o(.constdata)
    .constdata                               0x08008f4c   Section      148  bigflt0.o(.constdata)
    tenpwrs_x                                0x08008f4c   Data          60  bigflt0.o(.constdata)
    tenpwrs_i                                0x08008f88   Data          64  bigflt0.o(.constdata)
    locale$$data                             0x08009000   Section       28  lc_numeric_c.o(locale$$data)
    __lcnum_c_name                           0x08009004   Data           2  lc_numeric_c.o(locale$$data)
    __lcnum_c_start                          0x0800900c   Data           0  lc_numeric_c.o(locale$$data)
    __lcnum_c_point                          0x08009018   Data           0  lc_numeric_c.o(locale$$data)
    __lcnum_c_thousands                      0x0800901a   Data           0  lc_numeric_c.o(locale$$data)
    __lcnum_c_grouping                       0x0800901b   Data           0  lc_numeric_c.o(locale$$data)
    locale$$data                             0x0800901c   Section      272  lc_ctype_c.o(locale$$data)
    __lcnum_c_end                            0x0800901c   Data           0  lc_numeric_c.o(locale$$data)
    __lcctype_c_name                         0x08009020   Data           2  lc_ctype_c.o(locale$$data)
    __lcctype_c_start                        0x08009028   Data           0  lc_ctype_c.o(locale$$data)
    __lcctype_c_end                          0x0800912c   Data           0  lc_ctype_c.o(locale$$data)
    .data                                    0x20000000   Section       12  stm32l4xx_hal.o(.data)
    .data                                    0x2000000c   Section        4  system_stm32l4xx.o(.data)
    .bss                                     0x20000010   Section      172  adc.o(.bss)
    .bss                                     0x200000bc   Section       20  dac.o(.bss)
    .bss                                     0x200000d0   Section       84  i2c.o(.bss)
    .bss                                     0x20000124   Section       76  tim.o(.bss)
    .bss                                     0x20000170   Section      132  usart.o(.bss)
    .bss                                     0x200001f4   Section    16388  tasks.o(.bss)
    My_adcData                               0x200001f4   Data        2050  tasks.o(.bss)
    Process_Buffer                           0x200009f6   Data        2048  tasks.o(.bss)
    fft_inputbuf                             0x200011f8   Data        8192  tasks.o(.bss)
    fft_outputbuf                            0x200031f8   Data        4096  tasks.o(.bss)
    .bss                                     0x200041f8   Section       96  libspace.o(.bss)
    HEAP                                     0x20004258   Section      512  startup_stm32l432xx.o(HEAP)
    Heap_Mem                                 0x20004258   Data         512  startup_stm32l432xx.o(HEAP)
    STACK                                    0x20004458   Section     1024  startup_stm32l432xx.o(STACK)
    Stack_Mem                                0x20004458   Data        1024  startup_stm32l432xx.o(STACK)
    __initial_sp                             0x20004858   Data           0  startup_stm32l432xx.o(STACK)

    Global Symbols

    Symbol Name                              Value     Ov Type        Size  Object(Section)

    BuildAttributes$$THM_ISAv4$E$P$D$K$B$S$7EM$VFPi3$EXTD16$VFPS$VFMA$PE$A:L22UL41UL21$X:L11$S22US41US21$IEEE1$IW$USESV6$~STKCKD$USESV7$~SHL$OTIME$ROPI$IEEEX$EBA8$UX$STANDARDLIB$REQ8$PRES8$EABIv2 0x00000000   Number         0  anon$$obj.o ABSOLUTE
    __ARM_use_no_argv                        0x00000000   Number         0  main.o ABSOLUTE
    _printf_flags                            0x00000000   Number         0  printf_stubs.o ABSOLUTE
    _printf_return_value                     0x00000000   Number         0  printf_stubs.o ABSOLUTE
    _printf_sizespec                         0x00000000   Number         0  printf_stubs.o ABSOLUTE
    _printf_widthprec                        0x00000000   Number         0  printf_stubs.o ABSOLUTE
    __ARM_exceptions_init                     - Undefined Weak Reference
    __alloca_initialize                       - Undefined Weak Reference
    __arm_fini_                               - Undefined Weak Reference
    __arm_preinit_                            - Undefined Weak Reference
    __cpp_initialize__aeabi_                  - Undefined Weak Reference
    __cxa_finalize                            - Undefined Weak Reference
    __sigvec_lookup                           - Undefined Weak Reference
    _atexit_init                              - Undefined Weak Reference
    _call_atexit_fns                          - Undefined Weak Reference
    _clock_init                               - Undefined Weak Reference
    _fp_trap_init                             - Undefined Weak Reference
    _fp_trap_shutdown                         - Undefined Weak Reference
    _get_lc_collate                           - Undefined Weak Reference
    _get_lc_monetary                          - Undefined Weak Reference
    _get_lc_time                              - Undefined Weak Reference
    _getenv_init                              - Undefined Weak Reference
    _handle_redirection                       - Undefined Weak Reference
    _init_alloc                               - Undefined Weak Reference
    _init_user_alloc                          - Undefined Weak Reference
    _initio                                   - Undefined Weak Reference
    _printf_mbtowc                            - Undefined Weak Reference
    _printf_wc                                - Undefined Weak Reference
    _rand_init                                - Undefined Weak Reference
    _signal_finish                            - Undefined Weak Reference
    _signal_init                              - Undefined Weak Reference
    _terminate_alloc                          - Undefined Weak Reference
    _terminate_user_alloc                     - Undefined Weak Reference
    _terminateio                              - Undefined Weak Reference
    __Vectors_Size                           0x0000018c   Number         0  startup_stm32l432xx.o ABSOLUTE
    __Vectors                                0x08000000   Data           4  startup_stm32l432xx.o(RESET)
    __Vectors_End                            0x0800018c   Data           0  startup_stm32l432xx.o(RESET)
    __main                                   0x0800018d   Thumb Code     8  __main.o(!!!main)
    __scatterload                            0x08000195   Thumb Code     0  __scatter.o(!!!scatter)
    __scatterload_rt2                        0x08000195   Thumb Code    44  __scatter.o(!!!scatter)
    __scatterload_rt2_thumb_only             0x08000195   Thumb Code     0  __scatter.o(!!!scatter)
    __scatterload_null                       0x080001a3   Thumb Code     0  __scatter.o(!!!scatter)
    __scatterload_copy                       0x080001c9   Thumb Code    26  __scatter_copy.o(!!handler_copy)
    __scatterload_zeroinit                   0x080001e5   Thumb Code    28  __scatter_zi.o(!!handler_zi)
    _printf_n                                0x08000201   Thumb Code     0  _printf_n.o(.ARM.Collect$$_printf_percent$$00000001)
    _printf_percent                          0x08000201   Thumb Code     0  _printf_percent.o(.ARM.Collect$$_printf_percent$$00000000)
    _printf_p                                0x08000207   Thumb Code     0  _printf_p.o(.ARM.Collect$$_printf_percent$$00000002)
    _printf_f                                0x0800020d   Thumb Code     0  _printf_f.o(.ARM.Collect$$_printf_percent$$00000003)
    _printf_e                                0x08000213   Thumb Code     0  _printf_e.o(.ARM.Collect$$_printf_percent$$00000004)
    _printf_g                                0x08000219   Thumb Code     0  _printf_g.o(.ARM.Collect$$_printf_percent$$00000005)
    _printf_a                                0x0800021f   Thumb Code     0  _printf_a.o(.ARM.Collect$$_printf_percent$$00000006)
    _printf_ll                               0x08000225   Thumb Code     0  _printf_ll.o(.ARM.Collect$$_printf_percent$$00000007)
    _printf_i                                0x0800022f   Thumb Code     0  _printf_i.o(.ARM.Collect$$_printf_percent$$00000008)
    _printf_d                                0x08000235   Thumb Code     0  _printf_d.o(.ARM.Collect$$_printf_percent$$00000009)
    _printf_u                                0x0800023b   Thumb Code     0  _printf_u.o(.ARM.Collect$$_printf_percent$$0000000A)
    _printf_o                                0x08000241   Thumb Code     0  _printf_o.o(.ARM.Collect$$_printf_percent$$0000000B)
    _printf_x                                0x08000247   Thumb Code     0  _printf_x.o(.ARM.Collect$$_printf_percent$$0000000C)
    _printf_lli                              0x0800024d   Thumb Code     0  _printf_lli.o(.ARM.Collect$$_printf_percent$$0000000D)
    _printf_lld                              0x08000253   Thumb Code     0  _printf_lld.o(.ARM.Collect$$_printf_percent$$0000000E)
    _printf_llu                              0x08000259   Thumb Code     0  _printf_llu.o(.ARM.Collect$$_printf_percent$$0000000F)
    _printf_llo                              0x0800025f   Thumb Code     0  _printf_llo.o(.ARM.Collect$$_printf_percent$$00000010)
    _printf_llx                              0x08000265   Thumb Code     0  _printf_llx.o(.ARM.Collect$$_printf_percent$$00000011)
    _printf_l                                0x0800026b   Thumb Code     0  _printf_l.o(.ARM.Collect$$_printf_percent$$00000012)
    _printf_c                                0x08000275   Thumb Code     0  _printf_c.o(.ARM.Collect$$_printf_percent$$00000013)
    _printf_s                                0x0800027b   Thumb Code     0  _printf_s.o(.ARM.Collect$$_printf_percent$$00000014)
    _printf_lc                               0x08000281   Thumb Code     0  _printf_lc.o(.ARM.Collect$$_printf_percent$$00000015)
    _printf_ls                               0x08000287   Thumb Code     0  _printf_ls.o(.ARM.Collect$$_printf_percent$$00000016)
    _printf_percent_end                      0x0800028d   Thumb Code     0  _printf_percent_end.o(.ARM.Collect$$_printf_percent$$00000017)
    __rt_lib_init                            0x08000291   Thumb Code     0  libinit.o(.ARM.Collect$$libinit$$00000000)
    __rt_lib_init_fp_1                       0x08000293   Thumb Code     0  libinit2.o(.ARM.Collect$$libinit$$00000001)
    __rt_lib_init_heap_1                     0x08000297   Thumb Code     0  libinit2.o(.ARM.Collect$$libinit$$0000000A)
    __rt_lib_init_lc_common                  0x08000297   Thumb Code     0  libinit2.o(.ARM.Collect$$libinit$$0000000F)
    __rt_lib_init_preinit_1                  0x08000297   Thumb Code     0  libinit2.o(.ARM.Collect$$libinit$$00000004)
    __rt_lib_init_rand_1                     0x08000297   Thumb Code     0  libinit2.o(.ARM.Collect$$libinit$$0000000E)
    __rt_lib_init_user_alloc_1               0x08000297   Thumb Code     0  libinit2.o(.ARM.Collect$$libinit$$0000000C)
    __rt_lib_init_lc_collate_1               0x0800029d   Thumb Code     0  libinit2.o(.ARM.Collect$$libinit$$00000011)
    __rt_lib_init_lc_ctype_2                 0x0800029d   Thumb Code     0  libinit2.o(.ARM.Collect$$libinit$$00000012)
    __rt_lib_init_lc_ctype_1                 0x080002a9   Thumb Code     0  libinit2.o(.ARM.Collect$$libinit$$00000013)
    __rt_lib_init_lc_monetary_1              0x080002a9   Thumb Code     0  libinit2.o(.ARM.Collect$$libinit$$00000015)
    __rt_lib_init_lc_numeric_2               0x080002a9   Thumb Code     0  libinit2.o(.ARM.Collect$$libinit$$00000016)
    __rt_lib_init_alloca_1                   0x080002b3   Thumb Code     0  libinit2.o(.ARM.Collect$$libinit$$0000002E)
    __rt_lib_init_argv_1                     0x080002b3   Thumb Code     0  libinit2.o(.ARM.Collect$$libinit$$0000002C)
    __rt_lib_init_atexit_1                   0x080002b3   Thumb Code     0  libinit2.o(.ARM.Collect$$libinit$$0000001B)
    __rt_lib_init_clock_1                    0x080002b3   Thumb Code     0  libinit2.o(.ARM.Collect$$libinit$$00000021)
    __rt_lib_init_cpp_1                      0x080002b3   Thumb Code     0  libinit2.o(.ARM.Collect$$libinit$$00000032)
    __rt_lib_init_exceptions_1               0x080002b3   Thumb Code     0  libinit2.o(.ARM.Collect$$libinit$$00000030)
    __rt_lib_init_fp_trap_1                  0x080002b3   Thumb Code     0  libinit2.o(.ARM.Collect$$libinit$$0000001F)
    __rt_lib_init_getenv_1                   0x080002b3   Thumb Code     0  libinit2.o(.ARM.Collect$$libinit$$00000023)
    __rt_lib_init_lc_numeric_1               0x080002b3   Thumb Code     0  libinit2.o(.ARM.Collect$$libinit$$00000017)
    __rt_lib_init_lc_time_1                  0x080002b3   Thumb Code     0  libinit2.o(.ARM.Collect$$libinit$$00000019)
    __rt_lib_init_return                     0x080002b3   Thumb Code     0  libinit2.o(.ARM.Collect$$libinit$$00000033)
    __rt_lib_init_signal_1                   0x080002b3   Thumb Code     0  libinit2.o(.ARM.Collect$$libinit$$0000001D)
    __rt_lib_init_stdio_1                    0x080002b3   Thumb Code     0  libinit2.o(.ARM.Collect$$libinit$$00000025)
    __rt_lib_shutdown                        0x080002b5   Thumb Code     0  libshutdown.o(.ARM.Collect$$libshutdown$$00000000)
    __rt_lib_shutdown_cpp_1                  0x080002b7   Thumb Code     0  libshutdown2.o(.ARM.Collect$$libshutdown$$00000004)
    __rt_lib_shutdown_fini_1                 0x080002b7   Thumb Code     0  libshutdown2.o(.ARM.Collect$$libshutdown$$00000002)
    __rt_lib_shutdown_fp_trap_1              0x080002b7   Thumb Code     0  libshutdown2.o(.ARM.Collect$$libshutdown$$00000009)
    __rt_lib_shutdown_heap_1                 0x080002b7   Thumb Code     0  libshutdown2.o(.ARM.Collect$$libshutdown$$00000011)
    __rt_lib_shutdown_return                 0x080002b7   Thumb Code     0  libshutdown2.o(.ARM.Collect$$libshutdown$$00000012)
    __rt_lib_shutdown_signal_1               0x080002b7   Thumb Code     0  libshutdown2.o(.ARM.Collect$$libshutdown$$0000000C)
    __rt_lib_shutdown_stdio_1                0x080002b7   Thumb Code     0  libshutdown2.o(.ARM.Collect$$libshutdown$$00000006)
    __rt_lib_shutdown_user_alloc_1           0x080002b7   Thumb Code     0  libshutdown2.o(.ARM.Collect$$libshutdown$$0000000E)
    __rt_entry                               0x080002b9   Thumb Code     0  __rtentry.o(.ARM.Collect$$rtentry$$00000000)
    __rt_entry_presh_1                       0x080002b9   Thumb Code     0  __rtentry2.o(.ARM.Collect$$rtentry$$00000002)
    __rt_entry_sh                            0x080002b9   Thumb Code     0  __rtentry4.o(.ARM.Collect$$rtentry$$00000004)
    __rt_entry_li                            0x080002bf   Thumb Code     0  __rtentry2.o(.ARM.Collect$$rtentry$$0000000A)
    __rt_entry_postsh_1                      0x080002bf   Thumb Code     0  __rtentry2.o(.ARM.Collect$$rtentry$$00000009)
    __rt_entry_main                          0x080002c3   Thumb Code     0  __rtentry2.o(.ARM.Collect$$rtentry$$0000000D)
    __rt_entry_postli_1                      0x080002c3   Thumb Code     0  __rtentry2.o(.ARM.Collect$$rtentry$$0000000C)
    __rt_exit                                0x080002cb   Thumb Code     0  rtexit.o(.ARM.Collect$$rtexit$$00000000)
    __rt_exit_ls                             0x080002cd   Thumb Code     0  rtexit2.o(.ARM.Collect$$rtexit$$00000003)
    __rt_exit_prels_1                        0x080002cd   Thumb Code     0  rtexit2.o(.ARM.Collect$$rtexit$$00000002)
    __rt_exit_exit                           0x080002d1   Thumb Code     0  rtexit2.o(.ARM.Collect$$rtexit$$00000004)
    Reset_Handler                            0x080002d9   Thumb Code     8  startup_stm32l432xx.o(.text)
    CAN1_RX0_IRQHandler                      0x080002f3   Thumb Code     0  startup_stm32l432xx.o(.text)
    CAN1_RX1_IRQHandler                      0x080002f3   Thumb Code     0  startup_stm32l432xx.o(.text)
    CAN1_SCE_IRQHandler                      0x080002f3   Thumb Code     0  startup_stm32l432xx.o(.text)
    CAN1_TX_IRQHandler                       0x080002f3   Thumb Code     0  startup_stm32l432xx.o(.text)
    COMP_IRQHandler                          0x080002f3   Thumb Code     0  startup_stm32l432xx.o(.text)
    CRS_IRQHandler                           0x080002f3   Thumb Code     0  startup_stm32l432xx.o(.text)
    DMA1_Channel2_IRQHandler                 0x080002f3   Thumb Code     0  startup_stm32l432xx.o(.text)
    DMA1_Channel3_IRQHandler                 0x080002f3   Thumb Code     0  startup_stm32l432xx.o(.text)
    DMA1_Channel4_IRQHandler                 0x080002f3   Thumb Code     0  startup_stm32l432xx.o(.text)
    DMA1_Channel5_IRQHandler                 0x080002f3   Thumb Code     0  startup_stm32l432xx.o(.text)
    DMA1_Channel6_IRQHandler                 0x080002f3   Thumb Code     0  startup_stm32l432xx.o(.text)
    DMA1_Channel7_IRQHandler                 0x080002f3   Thumb Code     0  startup_stm32l432xx.o(.text)
    DMA2_Channel1_IRQHandler                 0x080002f3   Thumb Code     0  startup_stm32l432xx.o(.text)
    DMA2_Channel2_IRQHandler                 0x080002f3   Thumb Code     0  startup_stm32l432xx.o(.text)
    DMA2_Channel3_IRQHandler                 0x080002f3   Thumb Code     0  startup_stm32l432xx.o(.text)
    DMA2_Channel4_IRQHandler                 0x080002f3   Thumb Code     0  startup_stm32l432xx.o(.text)
    DMA2_Channel5_IRQHandler                 0x080002f3   Thumb Code     0  startup_stm32l432xx.o(.text)
    DMA2_Channel6_IRQHandler                 0x080002f3   Thumb Code     0  startup_stm32l432xx.o(.text)
    DMA2_Channel7_IRQHandler                 0x080002f3   Thumb Code     0  startup_stm32l432xx.o(.text)
    EXTI0_IRQHandler                         0x080002f3   Thumb Code     0  startup_stm32l432xx.o(.text)
    EXTI15_10_IRQHandler                     0x080002f3   Thumb Code     0  startup_stm32l432xx.o(.text)
    EXTI1_IRQHandler                         0x080002f3   Thumb Code     0  startup_stm32l432xx.o(.text)
    EXTI2_IRQHandler                         0x080002f3   Thumb Code     0  startup_stm32l432xx.o(.text)
    EXTI3_IRQHandler                         0x080002f3   Thumb Code     0  startup_stm32l432xx.o(.text)
    EXTI4_IRQHandler                         0x080002f3   Thumb Code     0  startup_stm32l432xx.o(.text)
    EXTI9_5_IRQHandler                       0x080002f3   Thumb Code     0  startup_stm32l432xx.o(.text)
    FLASH_IRQHandler                         0x080002f3   Thumb Code     0  startup_stm32l432xx.o(.text)
    FPU_IRQHandler                           0x080002f3   Thumb Code     0  startup_stm32l432xx.o(.text)
    I2C1_ER_IRQHandler                       0x080002f3   Thumb Code     0  startup_stm32l432xx.o(.text)
    I2C1_EV_IRQHandler                       0x080002f3   Thumb Code     0  startup_stm32l432xx.o(.text)
    I2C3_ER_IRQHandler                       0x080002f3   Thumb Code     0  startup_stm32l432xx.o(.text)
    I2C3_EV_IRQHandler                       0x080002f3   Thumb Code     0  startup_stm32l432xx.o(.text)
    LPTIM1_IRQHandler                        0x080002f3   Thumb Code     0  startup_stm32l432xx.o(.text)
    LPTIM2_IRQHandler                        0x080002f3   Thumb Code     0  startup_stm32l432xx.o(.text)
    LPUART1_IRQHandler                       0x080002f3   Thumb Code     0  startup_stm32l432xx.o(.text)
    PVD_PVM_IRQHandler                       0x080002f3   Thumb Code     0  startup_stm32l432xx.o(.text)
    QUADSPI_IRQHandler                       0x080002f3   Thumb Code     0  startup_stm32l432xx.o(.text)
    RCC_IRQHandler                           0x080002f3   Thumb Code     0  startup_stm32l432xx.o(.text)
    RNG_IRQHandler                           0x080002f3   Thumb Code     0  startup_stm32l432xx.o(.text)
    RTC_Alarm_IRQHandler                     0x080002f3   Thumb Code     0  startup_stm32l432xx.o(.text)
    RTC_WKUP_IRQHandler                      0x080002f3   Thumb Code     0  startup_stm32l432xx.o(.text)
    SAI1_IRQHandler                          0x080002f3   Thumb Code     0  startup_stm32l432xx.o(.text)
    SPI1_IRQHandler                          0x080002f3   Thumb Code     0  startup_stm32l432xx.o(.text)
    SPI3_IRQHandler                          0x080002f3   Thumb Code     0  startup_stm32l432xx.o(.text)
    SWPMI1_IRQHandler                        0x080002f3   Thumb Code     0  startup_stm32l432xx.o(.text)
    TAMP_STAMP_IRQHandler                    0x080002f3   Thumb Code     0  startup_stm32l432xx.o(.text)
    TIM1_BRK_TIM15_IRQHandler                0x080002f3   Thumb Code     0  startup_stm32l432xx.o(.text)
    TIM1_CC_IRQHandler                       0x080002f3   Thumb Code     0  startup_stm32l432xx.o(.text)
    TIM1_TRG_COM_IRQHandler                  0x080002f3   Thumb Code     0  startup_stm32l432xx.o(.text)
    TIM1_UP_TIM16_IRQHandler                 0x080002f3   Thumb Code     0  startup_stm32l432xx.o(.text)
    TIM2_IRQHandler                          0x080002f3   Thumb Code     0  startup_stm32l432xx.o(.text)
    TIM6_DAC_IRQHandler                      0x080002f3   Thumb Code     0  startup_stm32l432xx.o(.text)
    TIM7_IRQHandler                          0x080002f3   Thumb Code     0  startup_stm32l432xx.o(.text)
    TSC_IRQHandler                           0x080002f3   Thumb Code     0  startup_stm32l432xx.o(.text)
    USART1_IRQHandler                        0x080002f3   Thumb Code     0  startup_stm32l432xx.o(.text)
    USART2_IRQHandler                        0x080002f3   Thumb Code     0  startup_stm32l432xx.o(.text)
    USB_IRQHandler                           0x080002f3   Thumb Code     0  startup_stm32l432xx.o(.text)
    WWDG_IRQHandler                          0x080002f3   Thumb Code     0  startup_stm32l432xx.o(.text)
    __user_initial_stackheap                 0x080002f5   Thumb Code     0  startup_stm32l432xx.o(.text)
    __aeabi_uldivmod                         0x08000319   Thumb Code     0  lludivv7m.o(.text)
    _ll_udiv                                 0x08000319   Thumb Code   238  lludivv7m.o(.text)
    vsnprintf                                0x08000409   Thumb Code    48  vsnprintf.o(.text)
    strlen                                   0x0800043d   Thumb Code    62  strlen.o(.text)
    __aeabi_memcpy                           0x0800047b   Thumb Code     0  rt_memcpy_v6.o(.text)
    __rt_memcpy                              0x0800047b   Thumb Code   138  rt_memcpy_v6.o(.text)
    _memcpy_lastbytes                        0x080004e1   Thumb Code     0  rt_memcpy_v6.o(.text)
    __aeabi_memcpy4                          0x08000505   Thumb Code     0  rt_memcpy_w.o(.text)
    __aeabi_memcpy8                          0x08000505   Thumb Code     0  rt_memcpy_w.o(.text)
    __rt_memcpy_w                            0x08000505   Thumb Code   100  rt_memcpy_w.o(.text)
    _memcpy_lastbytes_aligned                0x0800054d   Thumb Code     0  rt_memcpy_w.o(.text)
    __aeabi_memclr4                          0x08000569   Thumb Code     0  rt_memclr_w.o(.text)
    __aeabi_memclr8                          0x08000569   Thumb Code     0  rt_memclr_w.o(.text)
    __rt_memclr_w                            0x08000569   Thumb Code    78  rt_memclr_w.o(.text)
    _memset_w                                0x0800056d   Thumb Code     0  rt_memclr_w.o(.text)
    __use_two_region_memory                  0x080005b7   Thumb Code     2  heapauxi.o(.text)
    __rt_heap_escrow$2region                 0x080005b9   Thumb Code     2  heapauxi.o(.text)
    __rt_heap_expand$2region                 0x080005bb   Thumb Code     2  heapauxi.o(.text)
    _printf_pre_padding                      0x080005bd   Thumb Code    44  _printf_pad.o(.text)
    _printf_post_padding                     0x080005e9   Thumb Code    34  _printf_pad.o(.text)
    _printf_truncate_signed                  0x0800060b   Thumb Code    18  _printf_truncate.o(.text)
    _printf_truncate_unsigned                0x0800061d   Thumb Code    18  _printf_truncate.o(.text)
    _printf_str                              0x0800062f   Thumb Code    82  _printf_str.o(.text)
    _printf_int_dec                          0x08000681   Thumb Code   104  _printf_dec.o(.text)
    _printf_charcount                        0x080006f9   Thumb Code    40  _printf_charcount.o(.text)
    _printf_char_common                      0x0800072b   Thumb Code    32  _printf_char_common.o(.text)
    _sputc                                   0x08000751   Thumb Code    10  _sputc.o(.text)
    _snputc                                  0x0800075b   Thumb Code    16  _snputc.o(.text)
    _printf_wctomb                           0x0800076d   Thumb Code   182  _printf_wctomb.o(.text)
    _printf_longlong_dec                     0x08000831   Thumb Code   108  _printf_longlong_dec.o(.text)
    _printf_longlong_oct                     0x080008ad   Thumb Code    66  _printf_oct_int_ll.o(.text)
    _printf_int_oct                          0x080008ef   Thumb Code    24  _printf_oct_int_ll.o(.text)
    _printf_ll_oct                           0x08000907   Thumb Code    12  _printf_oct_int_ll.o(.text)
    _printf_longlong_hex                     0x0800091d   Thumb Code    86  _printf_hex_int_ll_ptr.o(.text)
    _printf_int_hex                          0x08000973   Thumb Code    28  _printf_hex_int_ll_ptr.o(.text)
    _printf_ll_hex                           0x0800098f   Thumb Code    12  _printf_hex_int_ll_ptr.o(.text)
    _printf_hex_ptr                          0x0800099b   Thumb Code    18  _printf_hex_int_ll_ptr.o(.text)
    __printf                                 0x080009b1   Thumb Code   388  __printf_flags_ss_wp.o(.text)
    _ll_udiv10                               0x08000b3f   Thumb Code   138  lludiv10.o(.text)
    _printf_int_common                       0x08000bc9   Thumb Code   178  _printf_intcommon.o(.text)
    __lib_sel_fp_printf                      0x08000c7b   Thumb Code     2  _printf_fp_dec.o(.text)
    _printf_fp_dec_real                      0x08000e2d   Thumb Code   620  _printf_fp_dec.o(.text)
    _printf_fp_hex_real                      0x080010a1   Thumb Code   756  _printf_fp_hex.o(.text)
    _printf_cs_common                        0x080013a3   Thumb Code    20  _printf_char.o(.text)
    _printf_char                             0x080013b7   Thumb Code    16  _printf_char.o(.text)
    _printf_string                           0x080013c7   Thumb Code     8  _printf_char.o(.text)
    _printf_lcs_common                       0x080013cf   Thumb Code    20  _printf_wchar.o(.text)
    _printf_wchar                            0x080013e3   Thumb Code    16  _printf_wchar.o(.text)
    _printf_wstring                          0x080013f3   Thumb Code     8  _printf_wchar.o(.text)
    _wcrtomb                                 0x080013fb   Thumb Code    64  _wcrtomb.o(.text)
    __user_libspace                          0x0800143d   Thumb Code     8  libspace.o(.text)
    __user_perproc_libspace                  0x0800143d   Thumb Code     0  libspace.o(.text)
    __user_perthread_libspace                0x0800143d   Thumb Code     0  libspace.o(.text)
    __user_setup_stackheap                   0x08001445   Thumb Code    74  sys_stackheap_outer.o(.text)
    __rt_ctype_table                         0x08001491   Thumb Code    16  rt_ctype_table.o(.text)
    __rt_locale                              0x080014a1   Thumb Code     8  rt_locale_intlibspace.o(.text)
    _printf_fp_infnan                        0x080014a9   Thumb Code   112  _printf_fp_infnan.o(.text)
    _btod_etento                             0x08001529   Thumb Code   224  bigflt0.o(.text)
    exit                                     0x0800160d   Thumb Code    18  exit.o(.text)
    strcmp                                   0x08001621   Thumb Code   128  strcmpv7m.o(.text)
    _sys_exit                                0x080016a1   Thumb Code     8  sys_exit.o(.text)
    __I$use$semihosting                      0x080016ad   Thumb Code     0  use_no_semi.o(.text)
    __use_no_semihosting_swi                 0x080016ad   Thumb Code     2  use_no_semi.o(.text)
    __semihosting_library_function           0x080016af   Thumb Code     0  indicate_semi.o(.text)
    _btod_d2e                                0x080016af   Thumb Code    62  btod.o(CL$$btod_d2e)
    _d2e_denorm_low                          0x080016ed   Thumb Code    70  btod.o(CL$$btod_d2e_denorm_low)
    _d2e_norm_op1                            0x08001733   Thumb Code    96  btod.o(CL$$btod_d2e_norm_op1)
    __btod_div_common                        0x08001793   Thumb Code   696  btod.o(CL$$btod_div_common)
    _e2e                                     0x08001acb   Thumb Code   220  btod.o(CL$$btod_e2e)
    _btod_ediv                               0x08001ba7   Thumb Code    42  btod.o(CL$$btod_ediv)
    _btod_emul                               0x08001bd1   Thumb Code    42  btod.o(CL$$btod_emul)
    __btod_mult_common                       0x08001bfb   Thumb Code   580  btod.o(CL$$btod_mult_common)
    ADC1_IRQHandler                          0x08001e41   Thumb Code     6  stm32l4xx_it.o(i.ADC1_IRQHandler)
    ADC_DMAConvCplt                          0x08001e4d   Thumb Code   104  stm32l4xx_hal_adc.o(i.ADC_DMAConvCplt)
    ADC_DMAError                             0x08001eb5   Thumb Code    26  stm32l4xx_hal_adc.o(i.ADC_DMAError)
    ADC_DMAHalfConvCplt                      0x08001ecf   Thumb Code    10  stm32l4xx_hal_adc.o(i.ADC_DMAHalfConvCplt)
    ADC_Disable                              0x08001ed9   Thumb Code   106  stm32l4xx_hal_adc.o(i.ADC_Disable)
    ADC_Enable                               0x08001f49   Thumb Code   154  stm32l4xx_hal_adc.o(i.ADC_Enable)
    BusFault_Handler                         0x08001ff5   Thumb Code     2  stm32l4xx_it.o(i.BusFault_Handler)
    DMA1_Channel1_IRQHandler                 0x08001ff9   Thumb Code     6  stm32l4xx_it.o(i.DMA1_Channel1_IRQHandler)
    DebugMon_Handler                         0x08002033   Thumb Code     2  stm32l4xx_it.o(i.DebugMon_Handler)
    Error_Handler                            0x08002035   Thumb Code     4  main.o(i.Error_Handler)
    HAL_ADCEx_Calibration_Start              0x08002039   Thumb Code   140  stm32l4xx_hal_adc_ex.o(i.HAL_ADCEx_Calibration_Start)
    HAL_ADCEx_EndOfSamplingCallback          0x080020c9   Thumb Code     2  stm32l4xx_hal_adc_ex.o(i.HAL_ADCEx_EndOfSamplingCallback)
    HAL_ADCEx_InjectedConvCpltCallback       0x080020cb   Thumb Code     2  stm32l4xx_hal_adc_ex.o(i.HAL_ADCEx_InjectedConvCpltCallback)
    HAL_ADCEx_InjectedQueueOverflowCallback  0x080020cd   Thumb Code     2  stm32l4xx_hal_adc_ex.o(i.HAL_ADCEx_InjectedQueueOverflowCallback)
    HAL_ADCEx_LevelOutOfWindow2Callback      0x080020cf   Thumb Code     2  stm32l4xx_hal_adc_ex.o(i.HAL_ADCEx_LevelOutOfWindow2Callback)
    HAL_ADCEx_LevelOutOfWindow3Callback      0x080020d1   Thumb Code     2  stm32l4xx_hal_adc_ex.o(i.HAL_ADCEx_LevelOutOfWindow3Callback)
    HAL_ADC_ConfigChannel                    0x080020d5   Thumb Code   960  stm32l4xx_hal_adc.o(i.HAL_ADC_ConfigChannel)
    HAL_ADC_ConvCpltCallback                 0x080024c9   Thumb Code    48  tasks.o(i.HAL_ADC_ConvCpltCallback)
    HAL_ADC_ConvHalfCpltCallback             0x08002505   Thumb Code     2  stm32l4xx_hal_adc.o(i.HAL_ADC_ConvHalfCpltCallback)
    HAL_ADC_ErrorCallback                    0x08002507   Thumb Code     2  stm32l4xx_hal_adc.o(i.HAL_ADC_ErrorCallback)
    HAL_ADC_IRQHandler                       0x08002509   Thumb Code   514  stm32l4xx_hal_adc.o(i.HAL_ADC_IRQHandler)
    HAL_ADC_Init                             0x0800270d   Thumb Code   400  stm32l4xx_hal_adc.o(i.HAL_ADC_Init)
    HAL_ADC_LevelOutOfWindowCallback         0x080028bd   Thumb Code     2  stm32l4xx_hal_adc.o(i.HAL_ADC_LevelOutOfWindowCallback)
    HAL_ADC_MspInit                          0x080028c1   Thumb Code   196  adc.o(i.HAL_ADC_MspInit)
    HAL_ADC_Start_DMA                        0x08002995   Thumb Code   162  stm32l4xx_hal_adc.o(i.HAL_ADC_Start_DMA)
    HAL_DAC_ConfigChannel                    0x08002a49   Thumb Code   286  stm32l4xx_hal_dac.o(i.HAL_DAC_ConfigChannel)
    HAL_DAC_Init                             0x08002b67   Thumb Code    40  stm32l4xx_hal_dac.o(i.HAL_DAC_Init)
    HAL_DAC_MspInit                          0x08002b91   Thumb Code    82  dac.o(i.HAL_DAC_MspInit)
    HAL_DMA_IRQHandler                       0x08002bed   Thumb Code   186  stm32l4xx_hal_dma.o(i.HAL_DMA_IRQHandler)
    HAL_DMA_Init                             0x08002ca9   Thumb Code   178  stm32l4xx_hal_dma.o(i.HAL_DMA_Init)
    HAL_DMA_Start_IT                         0x08002d69   Thumb Code   112  stm32l4xx_hal_dma.o(i.HAL_DMA_Start_IT)
    HAL_Delay                                0x08002dd9   Thumb Code    32  stm32l4xx_hal.o(i.HAL_Delay)
    HAL_GPIO_Init                            0x08002dfd   Thumb Code   488  stm32l4xx_hal_gpio.o(i.HAL_GPIO_Init)
    HAL_GPIO_WritePin                        0x08002fff   Thumb Code    10  stm32l4xx_hal_gpio.o(i.HAL_GPIO_WritePin)
    HAL_GetTick                              0x08003009   Thumb Code     6  stm32l4xx_hal.o(i.HAL_GetTick)
    HAL_I2CEx_ConfigAnalogFilter             0x08003015   Thumb Code    86  stm32l4xx_hal_i2c_ex.o(i.HAL_I2CEx_ConfigAnalogFilter)
    HAL_I2CEx_ConfigDigitalFilter            0x0800306b   Thumb Code    82  stm32l4xx_hal_i2c_ex.o(i.HAL_I2CEx_ConfigDigitalFilter)
    HAL_I2C_Init                             0x080030bd   Thumb Code   178  stm32l4xx_hal_i2c.o(i.HAL_I2C_Init)
    HAL_I2C_MspInit                          0x08003175   Thumb Code   118  i2c.o(i.HAL_I2C_MspInit)
    HAL_IncTick                              0x080031f5   Thumb Code    12  stm32l4xx_hal.o(i.HAL_IncTick)
    HAL_Init                                 0x08003205   Thumb Code    30  stm32l4xx_hal.o(i.HAL_Init)
    HAL_InitTick                             0x08003225   Thumb Code    58  stm32l4xx_hal.o(i.HAL_InitTick)
    HAL_MspInit                              0x08003269   Thumb Code    38  stm32l4xx_hal_msp.o(i.HAL_MspInit)
    HAL_NVIC_EnableIRQ                       0x08003295   Thumb Code    26  stm32l4xx_hal_cortex.o(i.HAL_NVIC_EnableIRQ)
    HAL_NVIC_SetPriority                     0x080032b1   Thumb Code    60  stm32l4xx_hal_cortex.o(i.HAL_NVIC_SetPriority)
    HAL_NVIC_SetPriorityGrouping             0x080032f1   Thumb Code    26  stm32l4xx_hal_cortex.o(i.HAL_NVIC_SetPriorityGrouping)
    HAL_PWREx_ControlVoltageScaling          0x08003315   Thumb Code    90  stm32l4xx_hal_pwr_ex.o(i.HAL_PWREx_ControlVoltageScaling)
    HAL_PWREx_GetVoltageRange                0x0800337d   Thumb Code    10  stm32l4xx_hal_pwr_ex.o(i.HAL_PWREx_GetVoltageRange)
    HAL_RCCEx_PeriphCLKConfig                0x0800338d   Thumb Code   634  stm32l4xx_hal_rcc_ex.o(i.HAL_RCCEx_PeriphCLKConfig)
    HAL_RCC_ClockConfig                      0x08003619   Thumb Code   304  stm32l4xx_hal_rcc.o(i.HAL_RCC_ClockConfig)
    HAL_RCC_GetPCLK1Freq                     0x0800375d   Thumb Code    24  stm32l4xx_hal_rcc.o(i.HAL_RCC_GetPCLK1Freq)
    HAL_RCC_GetPCLK2Freq                     0x08003781   Thumb Code    24  stm32l4xx_hal_rcc.o(i.HAL_RCC_GetPCLK2Freq)
    HAL_RCC_GetSysClockFreq                  0x080037a5   Thumb Code   150  stm32l4xx_hal_rcc.o(i.HAL_RCC_GetSysClockFreq)
    HAL_RCC_OscConfig                        0x08003849   Thumb Code  1366  stm32l4xx_hal_rcc.o(i.HAL_RCC_OscConfig)
    HAL_SYSTICK_Config                       0x08003da9   Thumb Code    40  stm32l4xx_hal_cortex.o(i.HAL_SYSTICK_Config)
    HAL_TIMEx_ConfigBreakDeadTime            0x08003dd1   Thumb Code   126  stm32l4xx_hal_tim_ex.o(i.HAL_TIMEx_ConfigBreakDeadTime)
    HAL_TIMEx_MasterConfigSynchronization    0x08003e55   Thumb Code    98  stm32l4xx_hal_tim_ex.o(i.HAL_TIMEx_MasterConfigSynchronization)
    HAL_TIM_Base_Init                        0x08003ec1   Thumb Code    98  stm32l4xx_hal_tim.o(i.HAL_TIM_Base_Init)
    HAL_TIM_Base_MspInit                     0x08003f25   Thumb Code    30  tim.o(i.HAL_TIM_Base_MspInit)
    HAL_TIM_Base_Start                       0x08003f4d   Thumb Code    66  stm32l4xx_hal_tim.o(i.HAL_TIM_Base_Start)
    HAL_TIM_ConfigClockSource                0x08003f9d   Thumb Code   220  stm32l4xx_hal_tim.o(i.HAL_TIM_ConfigClockSource)
    HAL_TIM_MspPostInit                      0x0800407d   Thumb Code    74  tim.o(i.HAL_TIM_MspPostInit)
    HAL_TIM_PWM_ConfigChannel                0x080040d1   Thumb Code   292  stm32l4xx_hal_tim.o(i.HAL_TIM_PWM_ConfigChannel)
    HAL_TIM_PWM_Init                         0x080041f5   Thumb Code    98  stm32l4xx_hal_tim.o(i.HAL_TIM_PWM_Init)
    HAL_TIM_PWM_MspInit                      0x08004257   Thumb Code     2  stm32l4xx_hal_tim.o(i.HAL_TIM_PWM_MspInit)
    HAL_TIM_PWM_Start                        0x08004259   Thumb Code   190  stm32l4xx_hal_tim.o(i.HAL_TIM_PWM_Start)
    HAL_UART_Init                            0x08004329   Thumb Code   102  stm32l4xx_hal_uart.o(i.HAL_UART_Init)
    HAL_UART_MspInit                         0x08004391   Thumb Code   136  usart.o(i.HAL_UART_MspInit)
    HAL_UART_Transmit                        0x08004421   Thumb Code   182  stm32l4xx_hal_uart.o(i.HAL_UART_Transmit)
    HardFault_Handler                        0x080044d7   Thumb Code     2  stm32l4xx_it.o(i.HardFault_Handler)
    MX_ADC1_Init                             0x08004535   Thumb Code   106  adc.o(i.MX_ADC1_Init)
    MX_DAC1_Init                             0x080045ad   Thumb Code    64  dac.o(i.MX_DAC1_Init)
    MX_DMA_Init                              0x080045f5   Thumb Code    40  dma.o(i.MX_DMA_Init)
    MX_GPIO_Init                             0x08004621   Thumb Code   100  gpio.o(i.MX_GPIO_Init)
    MX_I2C1_Init                             0x0800468d   Thumb Code    76  i2c.o(i.MX_I2C1_Init)
    MX_TIM1_Init                             0x080046e5   Thumb Code   206  tim.o(i.MX_TIM1_Init)
    MX_USART2_UART_Init                      0x080047bd   Thumb Code    52  usart.o(i.MX_USART2_UART_Init)
    MemManage_Handler                        0x080047f9   Thumb Code     2  stm32l4xx_it.o(i.MemManage_Handler)
    NMI_Handler                              0x080047fb   Thumb Code     2  stm32l4xx_it.o(i.NMI_Handler)
    PendSV_Handler                           0x080047fd   Thumb Code     2  stm32l4xx_it.o(i.PendSV_Handler)
    SVC_Handler                              0x080049a9   Thumb Code     2  stm32l4xx_it.o(i.SVC_Handler)
    SysTick_Handler                          0x080049ab   Thumb Code     4  stm32l4xx_it.o(i.SysTick_Handler)
    SystemClock_Config                       0x080049af   Thumb Code   114  main.o(i.SystemClock_Config)
    SystemInit                               0x08004a21   Thumb Code    12  system_stm32l4xx.o(i.SystemInit)
    TIM_Base_SetConfig                       0x08004a31   Thumb Code    94  stm32l4xx_hal_tim.o(i.TIM_Base_SetConfig)
    TIM_CCxChannelCmd                        0x08004a9d   Thumb Code    26  stm32l4xx_hal_tim.o(i.TIM_CCxChannelCmd)
    TIM_ETR_SetConfig                        0x08004ab7   Thumb Code    20  stm32l4xx_hal_tim.o(i.TIM_ETR_SetConfig)
    TIM_OC2_SetConfig                        0x08004b55   Thumb Code   102  stm32l4xx_hal_tim.o(i.TIM_OC2_SetConfig)
    UART_AdvFeatureConfig                    0x08004d9f   Thumb Code   200  stm32l4xx_hal_uart.o(i.UART_AdvFeatureConfig)
    UART_CheckIdleState                      0x08004e67   Thumb Code    92  stm32l4xx_hal_uart.o(i.UART_CheckIdleState)
    UART_SetConfig                           0x08004ec5   Thumb Code   448  stm32l4xx_hal_uart.o(i.UART_SetConfig)
    UART_WaitOnFlagUntilTimeout              0x080050a1   Thumb Code   198  stm32l4xx_hal_uart.o(i.UART_WaitOnFlagUntilTimeout)
    UsageFault_Handler                       0x08005167   Thumb Code     2  stm32l4xx_it.o(i.UsageFault_Handler)
    __ARM_fpclassify                         0x08005169   Thumb Code    48  fpclassify.o(i.__ARM_fpclassify)
    _is_digit                                0x080051b9   Thumb Code    14  __printf_wp.o(i._is_digit)
    arm_bitreversal_32                       0x080051c9   Thumb Code    62  transformfunctions.o(i.arm_bitreversal_32)
    arm_cfft_f32                             0x08005207   Thumb Code   204  transformfunctions.o(i.arm_cfft_f32)
    arm_cfft_radix8by2_f32                   0x080052d3   Thumb Code   392  transformfunctions.o(i.arm_cfft_radix8by2_f32)
    arm_cfft_radix8by4_f32                   0x0800545b   Thumb Code  1068  transformfunctions.o(i.arm_cfft_radix8by4_f32)
    arm_cmplx_mag_f32                        0x08005891   Thumb Code    62  complexmathfunctions.o(i.arm_cmplx_mag_f32)
    arm_radix8_butterfly_f32                 0x080058d5   Thumb Code  1220  transformfunctions.o(i.arm_radix8_butterfly_f32)
    calculate_fft                            0x08005dad   Thumb Code   124  tasks.o(i.calculate_fft)
    main                                     0x08005e4d   Thumb Code    56  main.o(i.main)
    myprintf                                 0x08005e89   Thumb Code    44  uart.o(i.myprintf)
    startup                                  0x08005eb9   Thumb Code    78  tasks.o(i.startup)
    _get_lc_numeric                          0x08005f25   Thumb Code    44  lc_numeric_c.o(locale$$code)
    _get_lc_ctype                            0x08005f51   Thumb Code    44  lc_ctype_c.o(locale$$code)
    __fpl_dretinf                            0x08005f7d   Thumb Code    12  dretinf.o(x$fpl$dretinf)
    __aeabi_f2d                              0x08005f89   Thumb Code     0  f2d.o(x$fpl$f2d)
    _f2d                                     0x08005f89   Thumb Code    86  f2d.o(x$fpl$f2d)
    __fpl_fnaninf                            0x08005fdf   Thumb Code   140  fnaninf.o(x$fpl$fnaninf)
    _fp_init                                 0x0800606b   Thumb Code    10  fpinit.o(x$fpl$fpinit)
    __fplib_config_fpu_vfp                   0x08006073   Thumb Code     0  fpinit.o(x$fpl$fpinit)
    __fplib_config_pureend_doubles           0x08006073   Thumb Code     0  fpinit.o(x$fpl$fpinit)
    _printf_fp_dec                           0x08006075   Thumb Code     4  printf1.o(x$fpl$printf1)
    _printf_fp_hex                           0x08006079   Thumb Code     4  printf2.o(x$fpl$printf2)
    AHBPrescTable                            0x0800607c   Data          16  system_stm32l4xx.o(.constdata)
    __I$use$fp                               0x0800607c   Number         0  usenofp.o(x$fpl$usenofp)
    MSIRangeTable                            0x0800608c   Data          48  system_stm32l4xx.o(.constdata)
    APBPrescTable                            0x080060bc   Data           8  system_stm32l4xx.o(.constdata)
    twiddleCoef_1024                         0x080060c4   Data        8192  commontables.o(.constdata)
    armBitRevIndexTable1024                  0x080080c4   Data        3600  commontables.o(.constdata)
    arm_cfft_sR_f32_len1024                  0x08008ed4   Data          16  commontables.o(.constdata)
    Region$$Table$$Base                      0x08008fe0   Number         0  anon$$obj.o(Region$$Table)
    Region$$Table$$Limit                     0x08009000   Number         0  anon$$obj.o(Region$$Table)
    __ctype                                  0x08009029   Data           0  lc_ctype_c.o(locale$$data)
    uwTickFreq                               0x20000000   Data           1  stm32l4xx_hal.o(.data)
    uwTickPrio                               0x20000004   Data           4  stm32l4xx_hal.o(.data)
    uwTick                                   0x20000008   Data           4  stm32l4xx_hal.o(.data)
    SystemCoreClock                          0x2000000c   Data           4  system_stm32l4xx.o(.data)
    hadc1                                    0x20000010   Data         100  adc.o(.bss)
    hdma_adc1                                0x20000074   Data          72  adc.o(.bss)
    hdac1                                    0x200000bc   Data          20  dac.o(.bss)
    hi2c1                                    0x200000d0   Data          84  i2c.o(.bss)
    htim1                                    0x20000124   Data          76  tim.o(.bss)
    huart2                                   0x20000170   Data         132  usart.o(.bss)
    __libspace_start                         0x200041f8   Data          96  libspace.o(.bss)
    __temporary_stack_top$libspace           0x20004258   Data           0  libspace.o(.bss)



==============================================================================

Memory Map of the image

  Image Entry point : 0x0800018d

  Load Region LR_IROM1 (Base: 0x08000000, Size: 0x0000913c, Max: 0x00040000, ABSOLUTE)

    Execution Region ER_IROM1 (Exec base: 0x08000000, Load base: 0x08000000, Size: 0x0000912c, Max: 0x00040000, ABSOLUTE)

    Exec Addr    Load Addr    Size         Type   Attr      Idx    E Section Name        Object

    0x08000000   0x08000000   0x0000018c   Data   RO            3    RESET               startup_stm32l432xx.o
    0x0800018c   0x0800018c   0x00000008   Code   RO        11363  * !!!main             c_w.l(__main.o)
    0x08000194   0x08000194   0x00000034   Code   RO        11904    !!!scatter          c_w.l(__scatter.o)
    0x080001c8   0x080001c8   0x0000001a   Code   RO        11906    !!handler_copy      c_w.l(__scatter_copy.o)
    0x080001e2   0x080001e2   0x00000002   PAD
    0x080001e4   0x080001e4   0x0000001c   Code   RO        11908    !!handler_zi        c_w.l(__scatter_zi.o)
    0x08000200   0x08000200   0x00000000   Code   RO        11609    .ARM.Collect$$_printf_percent$$00000000  c_w.l(_printf_percent.o)
    0x08000200   0x08000200   0x00000006   Code   RO        11598    .ARM.Collect$$_printf_percent$$00000001  c_w.l(_printf_n.o)
    0x08000206   0x08000206   0x00000006   Code   RO        11600    .ARM.Collect$$_printf_percent$$00000002  c_w.l(_printf_p.o)
    0x0800020c   0x0800020c   0x00000006   Code   RO        11605    .ARM.Collect$$_printf_percent$$00000003  c_w.l(_printf_f.o)
    0x08000212   0x08000212   0x00000006   Code   RO        11606    .ARM.Collect$$_printf_percent$$00000004  c_w.l(_printf_e.o)
    0x08000218   0x08000218   0x00000006   Code   RO        11607    .ARM.Collect$$_printf_percent$$00000005  c_w.l(_printf_g.o)
    0x0800021e   0x0800021e   0x00000006   Code   RO        11608    .ARM.Collect$$_printf_percent$$00000006  c_w.l(_printf_a.o)
    0x08000224   0x08000224   0x0000000a   Code   RO        11613    .ARM.Collect$$_printf_percent$$00000007  c_w.l(_printf_ll.o)
    0x0800022e   0x0800022e   0x00000006   Code   RO        11602    .ARM.Collect$$_printf_percent$$00000008  c_w.l(_printf_i.o)
    0x08000234   0x08000234   0x00000006   Code   RO        11603    .ARM.Collect$$_printf_percent$$00000009  c_w.l(_printf_d.o)
    0x0800023a   0x0800023a   0x00000006   Code   RO        11604    .ARM.Collect$$_printf_percent$$0000000A  c_w.l(_printf_u.o)
    0x08000240   0x08000240   0x00000006   Code   RO        11601    .ARM.Collect$$_printf_percent$$0000000B  c_w.l(_printf_o.o)
    0x08000246   0x08000246   0x00000006   Code   RO        11599    .ARM.Collect$$_printf_percent$$0000000C  c_w.l(_printf_x.o)
    0x0800024c   0x0800024c   0x00000006   Code   RO        11610    .ARM.Collect$$_printf_percent$$0000000D  c_w.l(_printf_lli.o)
    0x08000252   0x08000252   0x00000006   Code   RO        11611    .ARM.Collect$$_printf_percent$$0000000E  c_w.l(_printf_lld.o)
    0x08000258   0x08000258   0x00000006   Code   RO        11612    .ARM.Collect$$_printf_percent$$0000000F  c_w.l(_printf_llu.o)
    0x0800025e   0x0800025e   0x00000006   Code   RO        11617    .ARM.Collect$$_printf_percent$$00000010  c_w.l(_printf_llo.o)
    0x08000264   0x08000264   0x00000006   Code   RO        11618    .ARM.Collect$$_printf_percent$$00000011  c_w.l(_printf_llx.o)
    0x0800026a   0x0800026a   0x0000000a   Code   RO        11614    .ARM.Collect$$_printf_percent$$00000012  c_w.l(_printf_l.o)
    0x08000274   0x08000274   0x00000006   Code   RO        11596    .ARM.Collect$$_printf_percent$$00000013  c_w.l(_printf_c.o)
    0x0800027a   0x0800027a   0x00000006   Code   RO        11597    .ARM.Collect$$_printf_percent$$00000014  c_w.l(_printf_s.o)
    0x08000280   0x08000280   0x00000006   Code   RO        11615    .ARM.Collect$$_printf_percent$$00000015  c_w.l(_printf_lc.o)
    0x08000286   0x08000286   0x00000006   Code   RO        11616    .ARM.Collect$$_printf_percent$$00000016  c_w.l(_printf_ls.o)
    0x0800028c   0x0800028c   0x00000004   Code   RO        11714    .ARM.Collect$$_printf_percent$$00000017  c_w.l(_printf_percent_end.o)
    0x08000290   0x08000290   0x00000002   Code   RO        11770    .ARM.Collect$$libinit$$00000000  c_w.l(libinit.o)
    0x08000292   0x08000292   0x00000004   Code   RO        11784    .ARM.Collect$$libinit$$00000001  c_w.l(libinit2.o)
    0x08000296   0x08000296   0x00000000   Code   RO        11787    .ARM.Collect$$libinit$$00000004  c_w.l(libinit2.o)
    0x08000296   0x08000296   0x00000000   Code   RO        11790    .ARM.Collect$$libinit$$0000000A  c_w.l(libinit2.o)
    0x08000296   0x08000296   0x00000000   Code   RO        11792    .ARM.Collect$$libinit$$0000000C  c_w.l(libinit2.o)
    0x08000296   0x08000296   0x00000000   Code   RO        11794    .ARM.Collect$$libinit$$0000000E  c_w.l(libinit2.o)
    0x08000296   0x08000296   0x00000006   Code   RO        11795    .ARM.Collect$$libinit$$0000000F  c_w.l(libinit2.o)
    0x0800029c   0x0800029c   0x00000000   Code   RO        11797    .ARM.Collect$$libinit$$00000011  c_w.l(libinit2.o)
    0x0800029c   0x0800029c   0x0000000c   Code   RO        11798    .ARM.Collect$$libinit$$00000012  c_w.l(libinit2.o)
    0x080002a8   0x080002a8   0x00000000   Code   RO        11799    .ARM.Collect$$libinit$$00000013  c_w.l(libinit2.o)
    0x080002a8   0x080002a8   0x00000000   Code   RO        11801    .ARM.Collect$$libinit$$00000015  c_w.l(libinit2.o)
    0x080002a8   0x080002a8   0x0000000a   Code   RO        11802    .ARM.Collect$$libinit$$00000016  c_w.l(libinit2.o)
    0x080002b2   0x080002b2   0x00000000   Code   RO        11803    .ARM.Collect$$libinit$$00000017  c_w.l(libinit2.o)
    0x080002b2   0x080002b2   0x00000000   Code   RO        11805    .ARM.Collect$$libinit$$00000019  c_w.l(libinit2.o)
    0x080002b2   0x080002b2   0x00000000   Code   RO        11807    .ARM.Collect$$libinit$$0000001B  c_w.l(libinit2.o)
    0x080002b2   0x080002b2   0x00000000   Code   RO        11809    .ARM.Collect$$libinit$$0000001D  c_w.l(libinit2.o)
    0x080002b2   0x080002b2   0x00000000   Code   RO        11811    .ARM.Collect$$libinit$$0000001F  c_w.l(libinit2.o)
    0x080002b2   0x080002b2   0x00000000   Code   RO        11813    .ARM.Collect$$libinit$$00000021  c_w.l(libinit2.o)
    0x080002b2   0x080002b2   0x00000000   Code   RO        11815    .ARM.Collect$$libinit$$00000023  c_w.l(libinit2.o)
    0x080002b2   0x080002b2   0x00000000   Code   RO        11817    .ARM.Collect$$libinit$$00000025  c_w.l(libinit2.o)
    0x080002b2   0x080002b2   0x00000000   Code   RO        11821    .ARM.Collect$$libinit$$0000002C  c_w.l(libinit2.o)
    0x080002b2   0x080002b2   0x00000000   Code   RO        11823    .ARM.Collect$$libinit$$0000002E  c_w.l(libinit2.o)
    0x080002b2   0x080002b2   0x00000000   Code   RO        11825    .ARM.Collect$$libinit$$00000030  c_w.l(libinit2.o)
    0x080002b2   0x080002b2   0x00000000   Code   RO        11827    .ARM.Collect$$libinit$$00000032  c_w.l(libinit2.o)
    0x080002b2   0x080002b2   0x00000002   Code   RO        11828    .ARM.Collect$$libinit$$00000033  c_w.l(libinit2.o)
    0x080002b4   0x080002b4   0x00000002   Code   RO        11859    .ARM.Collect$$libshutdown$$00000000  c_w.l(libshutdown.o)
    0x080002b6   0x080002b6   0x00000000   Code   RO        11885    .ARM.Collect$$libshutdown$$00000002  c_w.l(libshutdown2.o)
    0x080002b6   0x080002b6   0x00000000   Code   RO        11887    .ARM.Collect$$libshutdown$$00000004  c_w.l(libshutdown2.o)
    0x080002b6   0x080002b6   0x00000000   Code   RO        11889    .ARM.Collect$$libshutdown$$00000006  c_w.l(libshutdown2.o)
    0x080002b6   0x080002b6   0x00000000   Code   RO        11892    .ARM.Collect$$libshutdown$$00000009  c_w.l(libshutdown2.o)
    0x080002b6   0x080002b6   0x00000000   Code   RO        11895    .ARM.Collect$$libshutdown$$0000000C  c_w.l(libshutdown2.o)
    0x080002b6   0x080002b6   0x00000000   Code   RO        11897    .ARM.Collect$$libshutdown$$0000000E  c_w.l(libshutdown2.o)
    0x080002b6   0x080002b6   0x00000000   Code   RO        11900    .ARM.Collect$$libshutdown$$00000011  c_w.l(libshutdown2.o)
    0x080002b6   0x080002b6   0x00000002   Code   RO        11901    .ARM.Collect$$libshutdown$$00000012  c_w.l(libshutdown2.o)
    0x080002b8   0x080002b8   0x00000000   Code   RO        11519    .ARM.Collect$$rtentry$$00000000  c_w.l(__rtentry.o)
    0x080002b8   0x080002b8   0x00000000   Code   RO        11678    .ARM.Collect$$rtentry$$00000002  c_w.l(__rtentry2.o)
    0x080002b8   0x080002b8   0x00000006   Code   RO        11690    .ARM.Collect$$rtentry$$00000004  c_w.l(__rtentry4.o)
    0x080002be   0x080002be   0x00000000   Code   RO        11680    .ARM.Collect$$rtentry$$00000009  c_w.l(__rtentry2.o)
    0x080002be   0x080002be   0x00000004   Code   RO        11681    .ARM.Collect$$rtentry$$0000000A  c_w.l(__rtentry2.o)
    0x080002c2   0x080002c2   0x00000000   Code   RO        11683    .ARM.Collect$$rtentry$$0000000C  c_w.l(__rtentry2.o)
    0x080002c2   0x080002c2   0x00000008   Code   RO        11684    .ARM.Collect$$rtentry$$0000000D  c_w.l(__rtentry2.o)
    0x080002ca   0x080002ca   0x00000002   Code   RO        11771    .ARM.Collect$$rtexit$$00000000  c_w.l(rtexit.o)
    0x080002cc   0x080002cc   0x00000000   Code   RO        11832    .ARM.Collect$$rtexit$$00000002  c_w.l(rtexit2.o)
    0x080002cc   0x080002cc   0x00000004   Code   RO        11833    .ARM.Collect$$rtexit$$00000003  c_w.l(rtexit2.o)
    0x080002d0   0x080002d0   0x00000006   Code   RO        11834    .ARM.Collect$$rtexit$$00000004  c_w.l(rtexit2.o)
    0x080002d6   0x080002d6   0x00000002   PAD
    0x080002d8   0x080002d8   0x00000040   Code   RO            4    .text               startup_stm32l432xx.o
    0x08000318   0x08000318   0x000000ee   Code   RO        11341    .text               c_w.l(lludivv7m.o)
    0x08000406   0x08000406   0x00000002   PAD
    0x08000408   0x08000408   0x00000034   Code   RO        11349    .text               c_w.l(vsnprintf.o)
    0x0800043c   0x0800043c   0x0000003e   Code   RO        11351    .text               c_w.l(strlen.o)
    0x0800047a   0x0800047a   0x0000008a   Code   RO        11353    .text               c_w.l(rt_memcpy_v6.o)
    0x08000504   0x08000504   0x00000064   Code   RO        11355    .text               c_w.l(rt_memcpy_w.o)
    0x08000568   0x08000568   0x0000004e   Code   RO        11359    .text               c_w.l(rt_memclr_w.o)
    0x080005b6   0x080005b6   0x00000006   Code   RO        11361    .text               c_w.l(heapauxi.o)
    0x080005bc   0x080005bc   0x0000004e   Code   RO        11528    .text               c_w.l(_printf_pad.o)
    0x0800060a   0x0800060a   0x00000024   Code   RO        11530    .text               c_w.l(_printf_truncate.o)
    0x0800062e   0x0800062e   0x00000052   Code   RO        11532    .text               c_w.l(_printf_str.o)
    0x08000680   0x08000680   0x00000078   Code   RO        11534    .text               c_w.l(_printf_dec.o)
    0x080006f8   0x080006f8   0x00000028   Code   RO        11536    .text               c_w.l(_printf_charcount.o)
    0x08000720   0x08000720   0x00000030   Code   RO        11538    .text               c_w.l(_printf_char_common.o)
    0x08000750   0x08000750   0x0000000a   Code   RO        11540    .text               c_w.l(_sputc.o)
    0x0800075a   0x0800075a   0x00000010   Code   RO        11542    .text               c_w.l(_snputc.o)
    0x0800076a   0x0800076a   0x00000002   PAD
    0x0800076c   0x0800076c   0x000000c2   Code   RO        11544    .text               c_w.l(_printf_wctomb.o)
    0x0800082e   0x0800082e   0x00000002   PAD
    0x08000830   0x08000830   0x0000007c   Code   RO        11547    .text               c_w.l(_printf_longlong_dec.o)
    0x080008ac   0x080008ac   0x00000070   Code   RO        11553    .text               c_w.l(_printf_oct_int_ll.o)
    0x0800091c   0x0800091c   0x00000094   Code   RO        11573    .text               c_w.l(_printf_hex_int_ll_ptr.o)
    0x080009b0   0x080009b0   0x0000018e   Code   RO        11593    .text               c_w.l(__printf_flags_ss_wp.o)
    0x08000b3e   0x08000b3e   0x0000008a   Code   RO        11699    .text               c_w.l(lludiv10.o)
    0x08000bc8   0x08000bc8   0x000000b2   Code   RO        11701    .text               c_w.l(_printf_intcommon.o)
    0x08000c7a   0x08000c7a   0x00000424   Code   RO        11703    .text               c_w.l(_printf_fp_dec.o)
    0x0800109e   0x0800109e   0x00000002   PAD
    0x080010a0   0x080010a0   0x00000302   Code   RO        11705    .text               c_w.l(_printf_fp_hex.o)
    0x080013a2   0x080013a2   0x0000002c   Code   RO        11710    .text               c_w.l(_printf_char.o)
    0x080013ce   0x080013ce   0x0000002c   Code   RO        11712    .text               c_w.l(_printf_wchar.o)
    0x080013fa   0x080013fa   0x00000040   Code   RO        11715    .text               c_w.l(_wcrtomb.o)
    0x0800143a   0x0800143a   0x00000002   PAD
    0x0800143c   0x0800143c   0x00000008   Code   RO        11717    .text               c_w.l(libspace.o)
    0x08001444   0x08001444   0x0000004a   Code   RO        11720    .text               c_w.l(sys_stackheap_outer.o)
    0x0800148e   0x0800148e   0x00000002   PAD
    0x08001490   0x08001490   0x00000010   Code   RO        11722    .text               c_w.l(rt_ctype_table.o)
    0x080014a0   0x080014a0   0x00000008   Code   RO        11727    .text               c_w.l(rt_locale_intlibspace.o)
    0x080014a8   0x080014a8   0x00000080   Code   RO        11729    .text               c_w.l(_printf_fp_infnan.o)
    0x08001528   0x08001528   0x000000e4   Code   RO        11731    .text               c_w.l(bigflt0.o)
    0x0800160c   0x0800160c   0x00000012   Code   RO        11759    .text               c_w.l(exit.o)
    0x0800161e   0x0800161e   0x00000002   PAD
    0x08001620   0x08001620   0x00000080   Code   RO        11782    .text               c_w.l(strcmpv7m.o)
    0x080016a0   0x080016a0   0x0000000c   Code   RO        11829    .text               c_w.l(sys_exit.o)
    0x080016ac   0x080016ac   0x00000002   Code   RO        11848    .text               c_w.l(use_no_semi.o)
    0x080016ae   0x080016ae   0x00000000   Code   RO        11850    .text               c_w.l(indicate_semi.o)
    0x080016ae   0x080016ae   0x0000003e   Code   RO        11734    CL$$btod_d2e        c_w.l(btod.o)
    0x080016ec   0x080016ec   0x00000046   Code   RO        11736    CL$$btod_d2e_denorm_low  c_w.l(btod.o)
    0x08001732   0x08001732   0x00000060   Code   RO        11735    CL$$btod_d2e_norm_op1  c_w.l(btod.o)
    0x08001792   0x08001792   0x00000338   Code   RO        11744    CL$$btod_div_common  c_w.l(btod.o)
    0x08001aca   0x08001aca   0x000000dc   Code   RO        11741    CL$$btod_e2e        c_w.l(btod.o)
    0x08001ba6   0x08001ba6   0x0000002a   Code   RO        11738    CL$$btod_ediv       c_w.l(btod.o)
    0x08001bd0   0x08001bd0   0x0000002a   Code   RO        11737    CL$$btod_emul       c_w.l(btod.o)
    0x08001bfa   0x08001bfa   0x00000244   Code   RO        11743    CL$$btod_mult_common  c_w.l(btod.o)
    0x08001e3e   0x08001e3e   0x00000002   PAD
    0x08001e40   0x08001e40   0x0000000c   Code   RO          680    i.ADC1_IRQHandler   stm32l4xx_it.o
    0x08001e4c   0x08001e4c   0x00000068   Code   RO          793    i.ADC_DMAConvCplt   stm32l4xx_hal_adc.o
    0x08001eb4   0x08001eb4   0x0000001a   Code   RO          794    i.ADC_DMAError      stm32l4xx_hal_adc.o
    0x08001ece   0x08001ece   0x0000000a   Code   RO          795    i.ADC_DMAHalfConvCplt  stm32l4xx_hal_adc.o
    0x08001ed8   0x08001ed8   0x00000070   Code   RO          796    i.ADC_Disable       stm32l4xx_hal_adc.o
    0x08001f48   0x08001f48   0x000000ac   Code   RO          797    i.ADC_Enable        stm32l4xx_hal_adc.o
    0x08001ff4   0x08001ff4   0x00000002   Code   RO          681    i.BusFault_Handler  stm32l4xx_it.o
    0x08001ff6   0x08001ff6   0x00000002   PAD
    0x08001ff8   0x08001ff8   0x0000000c   Code   RO          682    i.DMA1_Channel1_IRQHandler  stm32l4xx_it.o
    0x08002004   0x08002004   0x0000002e   Code   RO         1962    i.DMA_SetConfig     stm32l4xx_hal_dma.o
    0x08002032   0x08002032   0x00000002   Code   RO          683    i.DebugMon_Handler  stm32l4xx_it.o
    0x08002034   0x08002034   0x00000004   Code   RO           13    i.Error_Handler     main.o
    0x08002038   0x08002038   0x00000090   Code   RO         1023    i.HAL_ADCEx_Calibration_Start  stm32l4xx_hal_adc_ex.o
    0x080020c8   0x080020c8   0x00000002   Code   RO         1027    i.HAL_ADCEx_EndOfSamplingCallback  stm32l4xx_hal_adc_ex.o
    0x080020ca   0x080020ca   0x00000002   Code   RO         1030    i.HAL_ADCEx_InjectedConvCpltCallback  stm32l4xx_hal_adc_ex.o
    0x080020cc   0x080020cc   0x00000002   Code   RO         1033    i.HAL_ADCEx_InjectedQueueOverflowCallback  stm32l4xx_hal_adc_ex.o
    0x080020ce   0x080020ce   0x00000002   Code   RO         1038    i.HAL_ADCEx_LevelOutOfWindow2Callback  stm32l4xx_hal_adc_ex.o
    0x080020d0   0x080020d0   0x00000002   Code   RO         1039    i.HAL_ADCEx_LevelOutOfWindow3Callback  stm32l4xx_hal_adc_ex.o
    0x080020d2   0x080020d2   0x00000002   PAD
    0x080020d4   0x080020d4   0x000003f2   Code   RO          799    i.HAL_ADC_ConfigChannel  stm32l4xx_hal_adc.o
    0x080024c6   0x080024c6   0x00000002   PAD
    0x080024c8   0x080024c8   0x0000003c   Code   RO         4905    i.HAL_ADC_ConvCpltCallback  tasks.o
    0x08002504   0x08002504   0x00000002   Code   RO          801    i.HAL_ADC_ConvHalfCpltCallback  stm32l4xx_hal_adc.o
    0x08002506   0x08002506   0x00000002   Code   RO          803    i.HAL_ADC_ErrorCallback  stm32l4xx_hal_adc.o
    0x08002508   0x08002508   0x00000202   Code   RO          807    i.HAL_ADC_IRQHandler  stm32l4xx_hal_adc.o
    0x0800270a   0x0800270a   0x00000002   PAD
    0x0800270c   0x0800270c   0x000001b0   Code   RO          808    i.HAL_ADC_Init      stm32l4xx_hal_adc.o
    0x080028bc   0x080028bc   0x00000002   Code   RO          809    i.HAL_ADC_LevelOutOfWindowCallback  stm32l4xx_hal_adc.o
    0x080028be   0x080028be   0x00000002   PAD
    0x080028c0   0x080028c0   0x000000d4   Code   RO          438    i.HAL_ADC_MspInit   adc.o
    0x08002994   0x08002994   0x000000b4   Code   RO          815    i.HAL_ADC_Start_DMA  stm32l4xx_hal_adc.o
    0x08002a48   0x08002a48   0x0000011e   Code   RO         2621    i.HAL_DAC_ConfigChannel  stm32l4xx_hal_dac.o
    0x08002b66   0x08002b66   0x00000028   Code   RO         2631    i.HAL_DAC_Init      stm32l4xx_hal_dac.o
    0x08002b8e   0x08002b8e   0x00000002   PAD
    0x08002b90   0x08002b90   0x0000005c   Code   RO          480    i.HAL_DAC_MspInit   dac.o
    0x08002bec   0x08002bec   0x000000ba   Code   RO         1968    i.HAL_DMA_IRQHandler  stm32l4xx_hal_dma.o
    0x08002ca6   0x08002ca6   0x00000002   PAD
    0x08002ca8   0x08002ca8   0x000000c0   Code   RO         1969    i.HAL_DMA_Init      stm32l4xx_hal_dma.o
    0x08002d68   0x08002d68   0x00000070   Code   RO         1973    i.HAL_DMA_Start_IT  stm32l4xx_hal_dma.o
    0x08002dd8   0x08002dd8   0x00000024   Code   RO         1206    i.HAL_Delay         stm32l4xx_hal.o
    0x08002dfc   0x08002dfc   0x00000202   Code   RO         1899    i.HAL_GPIO_Init     stm32l4xx_hal_gpio.o
    0x08002ffe   0x08002ffe   0x0000000a   Code   RO         1903    i.HAL_GPIO_WritePin  stm32l4xx_hal_gpio.o
    0x08003008   0x08003008   0x0000000c   Code   RO         1210    i.HAL_GetTick       stm32l4xx_hal.o
    0x08003014   0x08003014   0x00000056   Code   RO         3336    i.HAL_I2CEx_ConfigAnalogFilter  stm32l4xx_hal_i2c_ex.o
    0x0800306a   0x0800306a   0x00000052   Code   RO         3337    i.HAL_I2CEx_ConfigDigitalFilter  stm32l4xx_hal_i2c_ex.o
    0x080030bc   0x080030bc   0x000000b8   Code   RO         2875    i.HAL_I2C_Init      stm32l4xx_hal_i2c.o
    0x08003174   0x08003174   0x00000080   Code   RO          549    i.HAL_I2C_MspInit   i2c.o
    0x080031f4   0x080031f4   0x00000010   Code   RO         1216    i.HAL_IncTick       stm32l4xx_hal.o
    0x08003204   0x08003204   0x0000001e   Code   RO         1217    i.HAL_Init          stm32l4xx_hal.o
    0x08003222   0x08003222   0x00000002   PAD
    0x08003224   0x08003224   0x00000044   Code   RO         1218    i.HAL_InitTick      stm32l4xx_hal.o
    0x08003268   0x08003268   0x0000002c   Code   RO          768    i.HAL_MspInit       stm32l4xx_hal_msp.o
    0x08003294   0x08003294   0x0000001a   Code   RO         2416    i.HAL_NVIC_EnableIRQ  stm32l4xx_hal_cortex.o
    0x080032ae   0x080032ae   0x00000002   PAD
    0x080032b0   0x080032b0   0x00000040   Code   RO         2422    i.HAL_NVIC_SetPriority  stm32l4xx_hal_cortex.o
    0x080032f0   0x080032f0   0x00000024   Code   RO         2423    i.HAL_NVIC_SetPriorityGrouping  stm32l4xx_hal_cortex.o
    0x08003314   0x08003314   0x00000068   Code   RO         2190    i.HAL_PWREx_ControlVoltageScaling  stm32l4xx_hal_pwr_ex.o
    0x0800337c   0x0800337c   0x00000010   Code   RO         2217    i.HAL_PWREx_GetVoltageRange  stm32l4xx_hal_pwr_ex.o
    0x0800338c   0x0800338c   0x0000028a   Code   RO         1532    i.HAL_RCCEx_PeriphCLKConfig  stm32l4xx_hal_rcc_ex.o
    0x08003616   0x08003616   0x00000002   PAD
    0x08003618   0x08003618   0x00000144   Code   RO         1404    i.HAL_RCC_ClockConfig  stm32l4xx_hal_rcc.o
    0x0800375c   0x0800375c   0x00000024   Code   RO         1410    i.HAL_RCC_GetPCLK1Freq  stm32l4xx_hal_rcc.o
    0x08003780   0x08003780   0x00000024   Code   RO         1411    i.HAL_RCC_GetPCLK2Freq  stm32l4xx_hal_rcc.o
    0x080037a4   0x080037a4   0x000000a4   Code   RO         1413    i.HAL_RCC_GetSysClockFreq  stm32l4xx_hal_rcc.o
    0x08003848   0x08003848   0x00000560   Code   RO         1416    i.HAL_RCC_OscConfig  stm32l4xx_hal_rcc.o
    0x08003da8   0x08003da8   0x00000028   Code   RO         2427    i.HAL_SYSTICK_Config  stm32l4xx_hal_cortex.o
    0x08003dd0   0x08003dd0   0x00000084   Code   RO         4110    i.HAL_TIMEx_ConfigBreakDeadTime  stm32l4xx_hal_tim_ex.o
    0x08003e54   0x08003e54   0x0000006c   Code   RO         4128    i.HAL_TIMEx_MasterConfigSynchronization  stm32l4xx_hal_tim_ex.o
    0x08003ec0   0x08003ec0   0x00000062   Code   RO         3392    i.HAL_TIM_Base_Init  stm32l4xx_hal_tim.o
    0x08003f22   0x08003f22   0x00000002   PAD
    0x08003f24   0x08003f24   0x00000028   Code   RO          591    i.HAL_TIM_Base_MspInit  tim.o
    0x08003f4c   0x08003f4c   0x00000050   Code   RO         3395    i.HAL_TIM_Base_Start  stm32l4xx_hal_tim.o
    0x08003f9c   0x08003f9c   0x000000e0   Code   RO         3401    i.HAL_TIM_ConfigClockSource  stm32l4xx_hal_tim.o
    0x0800407c   0x0800407c   0x00000054   Code   RO          592    i.HAL_TIM_MspPostInit  tim.o
    0x080040d0   0x080040d0   0x00000124   Code   RO         3464    i.HAL_TIM_PWM_ConfigChannel  stm32l4xx_hal_tim.o
    0x080041f4   0x080041f4   0x00000062   Code   RO         3467    i.HAL_TIM_PWM_Init  stm32l4xx_hal_tim.o
    0x08004256   0x08004256   0x00000002   Code   RO         3469    i.HAL_TIM_PWM_MspInit  stm32l4xx_hal_tim.o
    0x08004258   0x08004258   0x000000d0   Code   RO         3472    i.HAL_TIM_PWM_Start  stm32l4xx_hal_tim.o
    0x08004328   0x08004328   0x00000066   Code   RO         4420    i.HAL_UART_Init     stm32l4xx_hal_uart.o
    0x0800438e   0x0800438e   0x00000002   PAD
    0x08004390   0x08004390   0x00000090   Code   RO          639    i.HAL_UART_MspInit  usart.o
    0x08004420   0x08004420   0x000000b6   Code   RO         4429    i.HAL_UART_Transmit  stm32l4xx_hal_uart.o
    0x080044d6   0x080044d6   0x00000002   Code   RO          684    i.HardFault_Handler  stm32l4xx_it.o
    0x080044d8   0x080044d8   0x0000000c   Code   RO          821    i.LL_ADC_GetOffsetChannel  stm32l4xx_hal_adc.o
    0x080044e4   0x080044e4   0x00000008   Code   RO          822    i.LL_ADC_INJ_IsConversionOngoing  stm32l4xx_hal_adc.o
    0x080044ec   0x080044ec   0x00000008   Code   RO          823    i.LL_ADC_REG_IsConversionOngoing  stm32l4xx_hal_adc.o
    0x080044f4   0x080044f4   0x00000010   Code   RO          824    i.LL_ADC_REG_IsTriggerSourceSWStart  stm32l4xx_hal_adc.o
    0x08004504   0x08004504   0x0000001e   Code   RO          826    i.LL_ADC_SetChannelSamplingTime  stm32l4xx_hal_adc.o
    0x08004522   0x08004522   0x00000010   Code   RO          827    i.LL_ADC_SetOffsetState  stm32l4xx_hal_adc.o
    0x08004532   0x08004532   0x00000002   PAD
    0x08004534   0x08004534   0x00000078   Code   RO          439    i.MX_ADC1_Init      adc.o
    0x080045ac   0x080045ac   0x00000048   Code   RO          481    i.MX_DAC1_Init      dac.o
    0x080045f4   0x080045f4   0x0000002c   Code   RO          521    i.MX_DMA_Init       dma.o
    0x08004620   0x08004620   0x0000006c   Code   RO          298    i.MX_GPIO_Init      gpio.o
    0x0800468c   0x0800468c   0x00000058   Code   RO          550    i.MX_I2C1_Init      i2c.o
    0x080046e4   0x080046e4   0x000000d8   Code   RO          593    i.MX_TIM1_Init      tim.o
    0x080047bc   0x080047bc   0x0000003c   Code   RO          640    i.MX_USART2_UART_Init  usart.o
    0x080047f8   0x080047f8   0x00000002   Code   RO          685    i.MemManage_Handler  stm32l4xx_it.o
    0x080047fa   0x080047fa   0x00000002   Code   RO          686    i.NMI_Handler       stm32l4xx_it.o
    0x080047fc   0x080047fc   0x00000002   Code   RO          687    i.PendSV_Handler    stm32l4xx_it.o
    0x080047fe   0x080047fe   0x00000002   PAD
    0x08004800   0x08004800   0x0000012c   Code   RO         1536    i.RCCEx_PLLSAI1_Config  stm32l4xx_hal_rcc_ex.o
    0x0800492c   0x0800492c   0x0000007c   Code   RO         1417    i.RCC_SetFlashLatencyFromMSIRange  stm32l4xx_hal_rcc.o
    0x080049a8   0x080049a8   0x00000002   Code   RO          688    i.SVC_Handler       stm32l4xx_it.o
    0x080049aa   0x080049aa   0x00000004   Code   RO          689    i.SysTick_Handler   stm32l4xx_it.o
    0x080049ae   0x080049ae   0x00000072   Code   RO           14    i.SystemClock_Config  main.o
    0x08004a20   0x08004a20   0x00000010   Code   RO         4868    i.SystemInit        system_stm32l4xx.o
    0x08004a30   0x08004a30   0x0000006c   Code   RO         3485    i.TIM_Base_SetConfig  stm32l4xx_hal_tim.o
    0x08004a9c   0x08004a9c   0x0000001a   Code   RO         3486    i.TIM_CCxChannelCmd  stm32l4xx_hal_tim.o
    0x08004ab6   0x08004ab6   0x00000014   Code   RO         3496    i.TIM_ETR_SetConfig  stm32l4xx_hal_tim.o
    0x08004aca   0x08004aca   0x00000010   Code   RO         3497    i.TIM_ITRx_SetConfig  stm32l4xx_hal_tim.o
    0x08004ada   0x08004ada   0x00000002   PAD
    0x08004adc   0x08004adc   0x00000078   Code   RO         3498    i.TIM_OC1_SetConfig  stm32l4xx_hal_tim.o
    0x08004b54   0x08004b54   0x00000078   Code   RO         3499    i.TIM_OC2_SetConfig  stm32l4xx_hal_tim.o
    0x08004bcc   0x08004bcc   0x00000074   Code   RO         3500    i.TIM_OC3_SetConfig  stm32l4xx_hal_tim.o
    0x08004c40   0x08004c40   0x00000060   Code   RO         3501    i.TIM_OC4_SetConfig  stm32l4xx_hal_tim.o
    0x08004ca0   0x08004ca0   0x0000005c   Code   RO         3502    i.TIM_OC5_SetConfig  stm32l4xx_hal_tim.o
    0x08004cfc   0x08004cfc   0x0000005c   Code   RO         3503    i.TIM_OC6_SetConfig  stm32l4xx_hal_tim.o
    0x08004d58   0x08004d58   0x00000022   Code   RO         3505    i.TIM_TI1_ConfigInputStage  stm32l4xx_hal_tim.o
    0x08004d7a   0x08004d7a   0x00000024   Code   RO         3507    i.TIM_TI2_ConfigInputStage  stm32l4xx_hal_tim.o
    0x08004d9e   0x08004d9e   0x000000c8   Code   RO         4434    i.UART_AdvFeatureConfig  stm32l4xx_hal_uart.o
    0x08004e66   0x08004e66   0x0000005c   Code   RO         4435    i.UART_CheckIdleState  stm32l4xx_hal_uart.o
    0x08004ec2   0x08004ec2   0x00000002   PAD
    0x08004ec4   0x08004ec4   0x000001dc   Code   RO         4450    i.UART_SetConfig    stm32l4xx_hal_uart.o
    0x080050a0   0x080050a0   0x000000c6   Code   RO         4455    i.UART_WaitOnFlagUntilTimeout  stm32l4xx_hal_uart.o
    0x08005166   0x08005166   0x00000002   Code   RO          690    i.UsageFault_Handler  stm32l4xx_it.o
    0x08005168   0x08005168   0x00000030   Code   RO        11656    i.__ARM_fpclassify  m_wm.l(fpclassify.o)
    0x08005198   0x08005198   0x00000020   Code   RO         2429    i.__NVIC_SetPriority  stm32l4xx_hal_cortex.o
    0x080051b8   0x080051b8   0x0000000e   Code   RO        11586    i._is_digit         c_w.l(__printf_wp.o)
    0x080051c6   0x080051c6   0x00000002   PAD
    0x080051c8   0x080051c8   0x0000003e   Code   RO        10148    i.arm_bitreversal_32  transformfunctions.o
    0x08005206   0x08005206   0x000000cc   Code   RO        10153    i.arm_cfft_f32      transformfunctions.o
    0x080052d2   0x080052d2   0x00000188   Code   RO        10214    i.arm_cfft_radix8by2_f32  transformfunctions.o
    0x0800545a   0x0800545a   0x00000436   Code   RO        10215    i.arm_cfft_radix8by4_f32  transformfunctions.o
    0x08005890   0x08005890   0x00000044   Code   RO         6094    i.arm_cmplx_mag_f32  complexmathfunctions.o
    0x080058d4   0x080058d4   0x000004d6   Code   RO        10265    i.arm_radix8_butterfly_f32  transformfunctions.o
    0x08005daa   0x08005daa   0x00000002   PAD
    0x08005dac   0x08005dac   0x000000a0   Code   RO         4906    i.calculate_fft     tasks.o
    0x08005e4c   0x08005e4c   0x0000003c   Code   RO           15    i.main              main.o
    0x08005e88   0x08005e88   0x00000030   Code   RO         5123    i.myprintf          uart.o
    0x08005eb8   0x08005eb8   0x0000006c   Code   RO         4908    i.startup           tasks.o
    0x08005f24   0x08005f24   0x0000002c   Code   RO        11757    locale$$code        c_w.l(lc_numeric_c.o)
    0x08005f50   0x08005f50   0x0000002c   Code   RO        11776    locale$$code        c_w.l(lc_ctype_c.o)
    0x08005f7c   0x08005f7c   0x0000000c   Code   RO        11623    x$fpl$dretinf       fz_wm.l(dretinf.o)
    0x08005f88   0x08005f88   0x00000056   Code   RO        11401    x$fpl$f2d           fz_wm.l(f2d.o)
    0x08005fde   0x08005fde   0x0000008c   Code   RO        11627    x$fpl$fnaninf       fz_wm.l(fnaninf.o)
    0x0800606a   0x0800606a   0x0000000a   Code   RO        11844    x$fpl$fpinit        fz_wm.l(fpinit.o)
    0x08006074   0x08006074   0x00000004   Code   RO        11633    x$fpl$printf1       fz_wm.l(printf1.o)
    0x08006078   0x08006078   0x00000004   Code   RO        11635    x$fpl$printf2       fz_wm.l(printf2.o)
    0x0800607c   0x0800607c   0x00000000   Code   RO        11641    x$fpl$usenofp       fz_wm.l(usenofp.o)
    0x0800607c   0x0800607c   0x00000040   Data   RO         4869    .constdata          system_stm32l4xx.o
    0x080060bc   0x080060bc   0x00000008   Data   RO         4870    .constdata          system_stm32l4xx.o
    0x080060c4   0x080060c4   0x00002000   Data   RO         5855    .constdata          commontables.o
    0x080080c4   0x080080c4   0x00000e10   Data   RO         5891    .constdata          commontables.o
    0x08008ed4   0x08008ed4   0x00000010   Data   RO         5971    .constdata          commontables.o
    0x08008ee4   0x08008ee4   0x00000008   Data   RO        11545    .constdata          c_w.l(_printf_wctomb.o)
    0x08008eec   0x08008eec   0x00000028   Data   RO        11574    .constdata          c_w.l(_printf_hex_int_ll_ptr.o)
    0x08008f14   0x08008f14   0x00000011   Data   RO        11594    .constdata          c_w.l(__printf_flags_ss_wp.o)
    0x08008f25   0x08008f25   0x00000026   Data   RO        11706    .constdata          c_w.l(_printf_fp_hex.o)
    0x08008f4b   0x08008f4b   0x00000001   PAD
    0x08008f4c   0x08008f4c   0x00000094   Data   RO        11732    .constdata          c_w.l(bigflt0.o)
    0x08008fe0   0x08008fe0   0x00000020   Data   RO        11902    Region$$Table       anon$$obj.o
    0x08009000   0x08009000   0x0000001c   Data   RO        11756    locale$$data        c_w.l(lc_numeric_c.o)
    0x0800901c   0x0800901c   0x00000110   Data   RO        11775    locale$$data        c_w.l(lc_ctype_c.o)


    Execution Region RW_IRAM2 (Exec base: 0x10000000, Load base: 0x0800913c, Size: 0x00000000, Max: 0x00004000, ABSOLUTE)

    **** No section assigned to this execution region ****


    Execution Region RW_IRAM1 (Exec base: 0x20000000, Load base: 0x0800912c, Size: 0x00004858, Max: 0x0000c000, ABSOLUTE)

    Exec Addr    Load Addr    Size         Type   Attr      Idx    E Section Name        Object

    0x20000000   0x0800912c   0x0000000c   Data   RW         1229    .data               stm32l4xx_hal.o
    0x2000000c   0x08009138   0x00000004   Data   RW         4871    .data               system_stm32l4xx.o
    0x20000010        -       0x000000ac   Zero   RW          440    .bss                adc.o
    0x200000bc        -       0x00000014   Zero   RW          482    .bss                dac.o
    0x200000d0        -       0x00000054   Zero   RW          551    .bss                i2c.o
    0x20000124        -       0x0000004c   Zero   RW          594    .bss                tim.o
    0x20000170        -       0x00000084   Zero   RW          641    .bss                usart.o
    0x200001f4        -       0x00004004   Zero   RW         4909    .bss                tasks.o
    0x200041f8        -       0x00000060   Zero   RW        11718    .bss                c_w.l(libspace.o)
    0x20004258        -       0x00000200   Zero   RW            2    HEAP                startup_stm32l432xx.o
    0x20004458        -       0x00000400   Zero   RW            1    STACK               startup_stm32l432xx.o


==============================================================================

Image component sizes


      Code (inc. data)   RO Data    RW Data    ZI Data      Debug   Object Name

       332         30          0          0        172       1895   adc.o
         0          0      11808          0          0      13489   commontables.o
        68          6          0          0          0       2076   complexmathfunctions.o
       164         18          0          0         20       1709   dac.o
        44          4          0          0          0        778   dma.o
       108          8          0          0          0     697047   gpio.o
       216         22          0          0         84       1757   i2c.o
       178          4          0          0          0     606256   main.o
        64         26        396          0       1536        844   startup_stm32l432xx.o
       162         24          0         12          0      11589   stm32l4xx_hal.o
      2656        118          0          0          0      67016   stm32l4xx_hal_adc.o
       154          4          0          0          0      55139   stm32l4xx_hal_adc_ex.o
       198         14          0          0          0      33859   stm32l4xx_hal_cortex.o
       326          0          0          0          0       2267   stm32l4xx_hal_dac.o
       536         14          0          0          0       3755   stm32l4xx_hal_dma.o
       524         20          0          0          0       2272   stm32l4xx_hal_gpio.o
       184          6          0          0          0       3231   stm32l4xx_hal_i2c.o
       168          0          0          0          0       1923   stm32l4xx_hal_i2c_ex.o
        44          6          0          0          0        854   stm32l4xx_hal_msp.o
       120         20          0          0          0       1370   stm32l4xx_hal_pwr_ex.o
      2060         98          0          0          0       7004   stm32l4xx_hal_rcc.o
       950         32          0          0          0       2900   stm32l4xx_hal_rcc_ex.o
      1878        150          0          0          0      15273   stm32l4xx_hal_tim.o
       240         16          0          0          0       2292   stm32l4xx_hal_tim_ex.o
      1250         48          0          0          0       6545   stm32l4xx_hal_uart.o
        44         12          0          0          0       5139   stm32l4xx_it.o
        16          4         72          4          0       1189   system_stm32l4xx.o
       328         78          0          0      16388       2357   tasks.o
       340         30          0          0         76       2464   tim.o
      2974          4          0          0          0       9565   transformfunctions.o
        48          4          0          0          0       1195   uart.o
       204         16          0          0        132       1782   usart.o

    ----------------------------------------------------------------------
     16612        836      12308         16      18408    1566831   Object Totals
         0          0         32          0          0          0   (incl. Generated)
        34          0          0          0          0          0   (incl. Padding)

    ----------------------------------------------------------------------

      Code (inc. data)   RO Data    RW Data    ZI Data      Debug   Library Member Name

         8          0          0          0          0         68   __main.o
       398          4         17          0          0         92   __printf_flags_ss_wp.o
        14          0          0          0          0         68   __printf_wp.o
         0          0          0          0          0          0   __rtentry.o
        12          0          0          0          0          0   __rtentry2.o
         6          0          0          0          0          0   __rtentry4.o
        52          8          0          0          0          0   __scatter.o
        26          0          0          0          0          0   __scatter_copy.o
        28          0          0          0          0          0   __scatter_zi.o
         6          0          0          0          0          0   _printf_a.o
         6          0          0          0          0          0   _printf_c.o
        44          0          0          0          0        108   _printf_char.o
        48          6          0          0          0         96   _printf_char_common.o
        40          0          0          0          0         68   _printf_charcount.o
         6          0          0          0          0          0   _printf_d.o
       120         16          0          0          0         92   _printf_dec.o
         6          0          0          0          0          0   _printf_e.o
         6          0          0          0          0          0   _printf_f.o
      1060          0          0          0          0        216   _printf_fp_dec.o
       770          8         38          0          0        100   _printf_fp_hex.o
       128         16          0          0          0         84   _printf_fp_infnan.o
         6          0          0          0          0          0   _printf_g.o
       148          4         40          0          0        160   _printf_hex_int_ll_ptr.o
         6          0          0          0          0          0   _printf_i.o
       178          0          0          0          0         88   _printf_intcommon.o
        10          0          0          0          0          0   _printf_l.o
         6          0          0          0          0          0   _printf_lc.o
        10          0          0          0          0          0   _printf_ll.o
         6          0          0          0          0          0   _printf_lld.o
         6          0          0          0          0          0   _printf_lli.o
         6          0          0          0          0          0   _printf_llo.o
         6          0          0          0          0          0   _printf_llu.o
         6          0          0          0          0          0   _printf_llx.o
       124         16          0          0          0         92   _printf_longlong_dec.o
         6          0          0          0          0          0   _printf_ls.o
         6          0          0          0          0          0   _printf_n.o
         6          0          0          0          0          0   _printf_o.o
       112         10          0          0          0        124   _printf_oct_int_ll.o
         6          0          0          0          0          0   _printf_p.o
        78          0          0          0          0        108   _printf_pad.o
         0          0          0          0          0          0   _printf_percent.o
         4          0          0          0          0          0   _printf_percent_end.o
         6          0          0          0          0          0   _printf_s.o
        82          0          0          0          0         80   _printf_str.o
        36          0          0          0          0         84   _printf_truncate.o
         6          0          0          0          0          0   _printf_u.o
        44          0          0          0          0        108   _printf_wchar.o
       194          6          8          0          0         92   _printf_wctomb.o
         6          0          0          0          0          0   _printf_x.o
        16          0          0          0          0         68   _snputc.o
        10          0          0          0          0         68   _sputc.o
        64          0          0          0          0         92   _wcrtomb.o
       228          4        148          0          0         96   bigflt0.o
      1936        128          0          0          0        672   btod.o
        18          0          0          0          0         80   exit.o
         6          0          0          0          0        152   heapauxi.o
         0          0          0          0          0          0   indicate_semi.o
        44         10        272          0          0         76   lc_ctype_c.o
        44         10         28          0          0         76   lc_numeric_c.o
         2          0          0          0          0          0   libinit.o
        34          0          0          0          0          0   libinit2.o
         2          0          0          0          0          0   libshutdown.o
         2          0          0          0          0          0   libshutdown2.o
         8          4          0          0         96         68   libspace.o
       138          0          0          0          0         80   lludiv10.o
       238          0          0          0          0        100   lludivv7m.o
        16          4          0          0          0         76   rt_ctype_table.o
         8          4          0          0          0         68   rt_locale_intlibspace.o
        78          0          0          0          0         80   rt_memclr_w.o
       138          0          0          0          0         68   rt_memcpy_v6.o
       100          0          0          0          0         80   rt_memcpy_w.o
         2          0          0          0          0          0   rtexit.o
        10          0          0          0          0          0   rtexit2.o
       128          0          0          0          0         68   strcmpv7m.o
        62          0          0          0          0         76   strlen.o
        12          4          0          0          0         68   sys_exit.o
        74          0          0          0          0         80   sys_stackheap_outer.o
         2          0          0          0          0         68   use_no_semi.o
        52          4          0          0          0         80   vsnprintf.o
        12          0          0          0          0        116   dretinf.o
        86          4          0          0          0        132   f2d.o
       140          4          0          0          0        132   fnaninf.o
        10          0          0          0          0        116   fpinit.o
         4          0          0          0          0        116   printf1.o
         4          0          0          0          0        116   printf2.o
         0          0          0          0          0          0   usenofp.o
        48          0          0          0          0        124   fpclassify.o

    ----------------------------------------------------------------------
      7692        274        552          0         96       5220   Library Totals
        22          0          1          0          0          0   (incl. Padding)

    ----------------------------------------------------------------------

      Code (inc. data)   RO Data    RW Data    ZI Data      Debug   Library Name

      7366        266        551          0         96       4368   c_w.l
       256          8          0          0          0        728   fz_wm.l
        48          0          0          0          0        124   m_wm.l

    ----------------------------------------------------------------------
      7692        274        552          0         96       5220   Library Totals

    ----------------------------------------------------------------------

==============================================================================


      Code (inc. data)   RO Data    RW Data    ZI Data      Debug   

     24304       1110      12860         16      18504    1557859   Grand Totals
     24304       1110      12860         16      18504    1557859   ELF Image Totals
     24304       1110      12860         16          0          0   ROM Totals

==============================================================================

    Total RO  Size (Code + RO Data)                37164 (  36.29kB)
    Total RW  Size (RW Data + ZI Data)             18520 (  18.09kB)
    Total ROM Size (Code + RO Data + RW Data)      37180 (  36.31kB)

==============================================================================

