Component: ARM Compiler 5.06 update 7 (build 960) Tool: armlink [4d3601]

==============================================================================

Section Cross References

    startup_stm32g431xx.o(STACK) refers (Special) to heapauxi.o(.text) for __use_two_region_memory
    startup_stm32g431xx.o(HEAP) refers (Special) to heapauxi.o(.text) for __use_two_region_memory
    startup_stm32g431xx.o(RESET) refers (Special) to heapauxi.o(.text) for __use_two_region_memory
    startup_stm32g431xx.o(RESET) refers to startup_stm32g431xx.o(STACK) for __initial_sp
    startup_stm32g431xx.o(RESET) refers to startup_stm32g431xx.o(.text) for Reset_Handler
    startup_stm32g431xx.o(RESET) refers to stm32g4xx_it.o(i.NMI_Handler) for NMI_Handler
    startup_stm32g431xx.o(RESET) refers to stm32g4xx_it.o(i.HardFault_Handler) for HardFault_Handler
    startup_stm32g431xx.o(RESET) refers to stm32g4xx_it.o(i.MemManage_Handler) for MemManage_Handler
    startup_stm32g431xx.o(RESET) refers to stm32g4xx_it.o(i.BusFault_Handler) for BusFault_Handler
    startup_stm32g431xx.o(RESET) refers to stm32g4xx_it.o(i.UsageFault_Handler) for UsageFault_Handler
    startup_stm32g431xx.o(RESET) refers to stm32g4xx_it.o(i.SVC_Handler) for SVC_Handler
    startup_stm32g431xx.o(RESET) refers to stm32g4xx_it.o(i.DebugMon_Handler) for DebugMon_Handler
    startup_stm32g431xx.o(RESET) refers to stm32g4xx_it.o(i.PendSV_Handler) for PendSV_Handler
    startup_stm32g431xx.o(RESET) refers to stm32g4xx_it.o(i.SysTick_Handler) for SysTick_Handler
    startup_stm32g431xx.o(RESET) refers to stm32g4xx_it.o(i.EXTI4_IRQHandler) for EXTI4_IRQHandler
    startup_stm32g431xx.o(RESET) refers to stm32g4xx_it.o(i.DMA1_Channel1_IRQHandler) for DMA1_Channel1_IRQHandler
    startup_stm32g431xx.o(RESET) refers to stm32g4xx_it.o(i.ADC1_2_IRQHandler) for ADC1_2_IRQHandler
    startup_stm32g431xx.o(RESET) refers to stm32g4xx_it.o(i.EXTI15_10_IRQHandler) for EXTI15_10_IRQHandler
    startup_stm32g431xx.o(RESET) refers to stm32g4xx_it.o(i.TIM6_DAC_IRQHandler) for TIM6_DAC_IRQHandler
    startup_stm32g431xx.o(RESET) refers to stm32g4xx_it.o(i.DMA2_Channel1_IRQHandler) for DMA2_Channel1_IRQHandler
    startup_stm32g431xx.o(.text) refers (Special) to heapauxi.o(.text) for __use_two_region_memory
    startup_stm32g431xx.o(.text) refers to system_stm32g4xx.o(i.SystemInit) for SystemInit
    startup_stm32g431xx.o(.text) refers to __main.o(!!!main) for __main
    startup_stm32g431xx.o(.text) refers to startup_stm32g431xx.o(HEAP) for Heap_Mem
    startup_stm32g431xx.o(.text) refers to startup_stm32g431xx.o(STACK) for Stack_Mem
    main.o(i.SystemClock_Config) refers to rt_memclr_w.o(.text) for __aeabi_memclr4
    main.o(i.SystemClock_Config) refers to stm32g4xx_hal_pwr_ex.o(i.HAL_PWREx_ControlVoltageScaling) for HAL_PWREx_ControlVoltageScaling
    main.o(i.SystemClock_Config) refers to stm32g4xx_hal_rcc.o(i.HAL_RCC_OscConfig) for HAL_RCC_OscConfig
    main.o(i.SystemClock_Config) refers to stm32g4xx_hal_rcc.o(i.HAL_RCC_ClockConfig) for HAL_RCC_ClockConfig
    main.o(i.main) refers to stm32g4xx_hal.o(i.HAL_Init) for HAL_Init
    main.o(i.main) refers to main.o(i.SystemClock_Config) for SystemClock_Config
    main.o(i.main) refers to gpio.o(i.MX_GPIO_Init) for MX_GPIO_Init
    main.o(i.main) refers to dma.o(i.MX_DMA_Init) for MX_DMA_Init
    main.o(i.main) refers to adc.o(i.MX_ADC1_Init) for MX_ADC1_Init
    main.o(i.main) refers to i2c.o(i.MX_I2C1_Init) for MX_I2C1_Init
    main.o(i.main) refers to dac.o(i.MX_DAC1_Init) for MX_DAC1_Init
    main.o(i.main) refers to tim.o(i.MX_TIM1_Init) for MX_TIM1_Init
    main.o(i.main) refers to tim.o(i.MX_TIM6_Init) for MX_TIM6_Init
    main.o(i.main) refers to usart.o(i.MX_USART3_UART_Init) for MX_USART3_UART_Init
    main.o(i.main) refers to ui.o(i.UI_Init) for UI_Init
    main.o(i.main) refers to ui.o(i.UI_Update) for UI_Update
    main.o(i.main) refers to stm32g4xx_hal.o(i.HAL_Delay) for HAL_Delay
    gpio.o(i.MX_GPIO_Init) refers to rt_memclr_w.o(.text) for __aeabi_memclr4
    gpio.o(i.MX_GPIO_Init) refers to stm32g4xx_hal_gpio.o(i.HAL_GPIO_WritePin) for HAL_GPIO_WritePin
    gpio.o(i.MX_GPIO_Init) refers to stm32g4xx_hal_gpio.o(i.HAL_GPIO_Init) for HAL_GPIO_Init
    gpio.o(i.MX_GPIO_Init) refers to stm32g4xx_hal_cortex.o(i.HAL_NVIC_SetPriority) for HAL_NVIC_SetPriority
    gpio.o(i.MX_GPIO_Init) refers to stm32g4xx_hal_cortex.o(i.HAL_NVIC_EnableIRQ) for HAL_NVIC_EnableIRQ
    adc.o(i.HAL_ADC_MspDeInit) refers to stm32g4xx_hal_gpio.o(i.HAL_GPIO_DeInit) for HAL_GPIO_DeInit
    adc.o(i.HAL_ADC_MspDeInit) refers to stm32g4xx_hal_dma.o(i.HAL_DMA_DeInit) for HAL_DMA_DeInit
    adc.o(i.HAL_ADC_MspDeInit) refers to stm32g4xx_hal_cortex.o(i.HAL_NVIC_DisableIRQ) for HAL_NVIC_DisableIRQ
    adc.o(i.HAL_ADC_MspInit) refers to rt_memclr_w.o(.text) for __aeabi_memclr4
    adc.o(i.HAL_ADC_MspInit) refers to stm32g4xx_hal_rcc_ex.o(i.HAL_RCCEx_PeriphCLKConfig) for HAL_RCCEx_PeriphCLKConfig
[...]
    _printf_l                                0x080002b7   Thumb Code     0  _printf_l.o(.ARM.Collect$$_printf_percent$$00000012)
    _printf_c                                0x080002c1   Thumb Code     0  _printf_c.o(.ARM.Collect$$_printf_percent$$00000013)
    _printf_s                                0x080002c7   Thumb Code     0  _printf_s.o(.ARM.Collect$$_printf_percent$$00000014)
    _printf_lc                               0x080002cd   Thumb Code     0  _printf_lc.o(.ARM.Collect$$_printf_percent$$00000015)
    _printf_ls                               0x080002d3   Thumb Code     0  _printf_ls.o(.ARM.Collect$$_printf_percent$$00000016)
    _printf_percent_end                      0x080002d9   Thumb Code     0  _printf_percent_end.o(.ARM.Collect$$_printf_percent$$00000017)
    __rt_lib_init                            0x080002dd   Thumb Code     0  libinit.o(.ARM.Collect$$libinit$$00000000)
    __rt_lib_init_fp_1                       0x080002df   Thumb Code     0  libinit2.o(.ARM.Collect$$libinit$$00000001)
    __rt_lib_init_heap_1                     0x080002e3   Thumb Code     0  libinit2.o(.ARM.Collect$$libinit$$0000000A)
    __rt_lib_init_lc_common                  0x080002e3   Thumb Code     0  libinit2.o(.ARM.Collect$$libinit$$0000000F)
    __rt_lib_init_preinit_1                  0x080002e3   Thumb Code     0  libinit2.o(.ARM.Collect$$libinit$$00000004)
    __rt_lib_init_rand_1                     0x080002e3   Thumb Code     0  libinit2.o(.ARM.Collect$$libinit$$0000000E)
    __rt_lib_init_user_alloc_1               0x080002e3   Thumb Code     0  libinit2.o(.ARM.Collect$$libinit$$0000000C)
    __rt_lib_init_lc_collate_1               0x080002e9   Thumb Code     0  libinit2.o(.ARM.Collect$$libinit$$00000011)
    __rt_lib_init_lc_ctype_2                 0x080002e9   Thumb Code     0  libinit2.o(.ARM.Collect$$libinit$$00000012)
    __rt_lib_init_lc_ctype_1                 0x080002f5   Thumb Code     0  libinit2.o(.ARM.Collect$$libinit$$00000013)
    __rt_lib_init_lc_monetary_1              0x080002f5   Thumb Code     0  libinit2.o(.ARM.Collect$$libinit$$00000015)
    __rt_lib_init_lc_numeric_2               0x080002f5   Thumb Code     0  libinit2.o(.ARM.Collect$$libinit$$00000016)
    __rt_lib_init_alloca_1                   0x080002ff   Thumb Code     0  libinit2.o(.ARM.Collect$$libinit$$0000002E)
    __rt_lib_init_argv_1                     0x080002ff   Thumb Code     0  libinit2.o(.ARM.Collect$$libinit$$0000002C)
    __rt_lib_init_atexit_1                   0x080002ff   Thumb Code     0  libinit2.o(.ARM.Collect$$libinit$$0000001B)
    __rt_lib_init_clock_1                    0x080002ff   Thumb Code     0  libinit2.o(.ARM.Collect$$libinit$$00000021)
    __rt_lib_init_cpp_1                      0x080002ff   Thumb Code     0  libinit2.o(.ARM.Collect$$libinit$$00000032)
    __rt_lib_init_exceptions_1               0x080002ff   Thumb Code     0  libinit2.o(.ARM.Collect$$libinit$$00000030)
    __rt_lib_init_fp_trap_1                  0x080002ff   Thumb Code     0  libinit2.o(.ARM.Collect$$libinit$$0000001F)
    __rt_lib_init_getenv_1                   0x080002ff   Thumb Code     0  libinit2.o(.ARM.Collect$$libinit$$00000023)
    __rt_lib_init_lc_numeric_1               0x080002ff   Thumb Code     0  libinit2.o(.ARM.Collect$$libinit$$00000017)
    __rt_lib_init_lc_time_1                  0x080002ff   Thumb Code     0  libinit2.o(.ARM.Collect$$libinit$$00000019)
    __rt_lib_init_return                     0x080002ff   Thumb Code     0  libinit2.o(.ARM.Collect$$libinit$$00000033)
    __rt_lib_init_signal_1                   0x080002ff   Thumb Code     0  libinit2.o(.ARM.Collect$$libinit$$0000001D)
    __rt_lib_init_stdio_1                    0x080002ff   Thumb Code     0  libinit2.o(.ARM.Collect$$libinit$$00000025)
    __rt_lib_shutdown                        0x08000301   Thumb Code     0  libshutdown.o(.ARM.Collect$$libshutdown$$00000000)
    __rt_lib_shutdown_cpp_1                  0x08000303   Thumb Code     0  libshutdown2.o(.ARM.Collect$$libshutdown$$00000004)
    __rt_lib_shutdown_fini_1                 0x08000303   Thumb Code     0  libshutdown2.o(.ARM.Collect$$libshutdown$$00000002)
    __rt_lib_shutdown_fp_trap_1              0x08000303   Thumb Code     0  libshutdown2.o(.ARM.Collect$$libshutdown$$00000009)
    __rt_lib_shutdown_heap_1                 0x08000303   Thumb Code     0  libshutdown2.o(.ARM.Collect$$libshutdown$$00000011)
    __rt_lib_shutdown_return                 0x08000303   Thumb Code     0  libshutdown2.o(.ARM.Collect$$libshutdown$$00000012)
    __rt_lib_shutdown_signal_1               0x08000303   Thumb Code     0  libshutdown2.o(.ARM.Collect$$libshutdown$$0000000C)
    __rt_lib_shutdown_stdio_1                0x08000303   Thumb Code     0  libshutdown2.o(.ARM.Collect$$libshutdown$$00000006)
    __rt_lib_shutdown_user_alloc_1           0x08000303   Thumb Code     0  libshutdown2.o(.ARM.Collect$$libshutdown$$0000000E)
    __rt_entry                               0x08000305   Thumb Code     0  __rtentry.o(.ARM.Collect$$rtentry$$00000000)
    __rt_entry_presh_1                       0x08000305   Thumb Code     0  __rtentry2.o(.ARM.Collect$$rtentry$$00000002)
    __rt_entry_sh                            0x08000305   Thumb Code     0  __rtentry4.o(.ARM.Collect$$rtentry$$00000004)
    __rt_entry_li                            0x0800030b   Thumb Code     0  __rtentry2.o(.ARM.Collect$$rtentry$$0000000A)
    __rt_entry_postsh_1                      0x0800030b   Thumb Code     0  __rtentry2.o(.ARM.Collect$$rtentry$$00000009)
    __rt_entry_main                          0x0800030f   Thumb Code     0  __rtentry2.o(.ARM.Collect$$rtentry$$0000000D)
    __rt_entry_postli_1                      0x0800030f   Thumb Code     0  __rtentry2.o(.ARM.Collect$$rtentry$$0000000C)
    __rt_exit                                0x08000317   Thumb Code     0  rtexit.o(.ARM.Collect$$rtexit$$00000000)
    __rt_exit_ls                             0x08000319   Thumb Code     0  rtexit2.o(.ARM.Collect$$rtexit$$00000003)
    __rt_exit_prels_1                        0x08000319   Thumb Code     0  rtexit2.o(.ARM.Collect$$rtexit$$00000002)
    __rt_exit_exit                           0x0800031d   Thumb Code     0  rtexit2.o(.ARM.Collect$$rtexit$$00000004)
    Reset_Handler                            0x08000325   Thumb Code     8  startup_stm32g431xx.o(.text)
    COMP1_2_3_IRQHandler                     0x0800033f   Thumb Code     0  startup_stm32g431xx.o(.text)
    COMP4_IRQHandler                         0x0800033f   Thumb Code     0  startup_stm32g431xx.o(.text)
    CORDIC_IRQHandler                        0x0800033f   Thumb Code     0  startup_stm32g431xx.o(.text)
    CRS_IRQHandler                           0x0800033f   Thumb Code     0  startup_stm32g431xx.o(.text)
    DMA1_Channel2_IRQHandler                 0x0800033f   Thumb Code     0  startup_stm32g431xx.o(.text)
    DMA1_Channel3_IRQHandler                 0x0800033f   Thumb Code     0  startup_stm32g431xx.o(.text)
    DMA1_Channel4_IRQHandler                 0x0800033f   Thumb Code     0  startup_stm32g431xx.o(.text)
    DMA1_Channel5_IRQHandler                 0x0800033f   Thumb Code     0  startup_stm32g431xx.o(.text)
    DMA1_Channel6_IRQHandler                 0x0800033f   Thumb Code     0  startup_stm32g431xx.o(.text)
    DMA2_Channel2_IRQHandler                 0x0800033f   Thumb Code     0  startup_stm32g431xx.o(.text)
    DMA2_Channel3_IRQHandler                 0x0800033f   Thumb Code     0  startup_stm32g431xx.o(.text)
    DMA2_Channel4_IRQHandler                 0x0800033f   Thumb Code     0  startup_stm32g431xx.o(.text)
    DMA2_Channel5_IRQHandler                 0x0800033f   Thumb Code     0  startup_stm32g431xx.o(.text)
    DMA2_Channel6_IRQHandler                 0x0800033f   Thumb Code     0  startup_stm32g431xx.o(.text)
    DMAMUX_OVR_IRQHandler                    0x0800033f   Thumb Code     0  startup_stm32g431xx.o(.text)
    EXTI0_IRQHandler                         0x0800033f   Thumb Code     0  startup_stm32g431xx.o(.text)
    EXTI1_IRQHandler                         0x0800033f   Thumb Code     0  startup_stm32g431xx.o(.text)
    EXTI2_IRQHandler                         0x0800033f   Thumb Code     0  startup_stm32g431xx.o(.text)
    EXTI3_IRQHandler                         0x0800033f   Thumb Code     0  startup_stm32g431xx.o(.text)
    EXTI9_5_IRQHandler                       0x0800033f   Thumb Code     0  startup_stm32g431xx.o(.text)
    FDCAN1_IT0_IRQHandler                    0x0800033f   Thumb Code     0  startup_stm32g431xx.o(.text)
    FDCAN1_IT1_IRQHandler                    0x0800033f   Thumb Code     0  startup_stm32g431xx.o(.text)
    FLASH_IRQHandler                         0x0800033f   Thumb Code     0  startup_stm32g431xx.o(.text)
    FMAC_IRQHandler                          0x0800033f   Thumb Code     0  startup_stm32g431xx.o(.text)
    FPU_IRQHandler                           0x0800033f   Thumb Code     0  startup_stm32g431xx.o(.text)
    I2C1_ER_IRQHandler                       0x0800033f   Thumb Code     0  startup_stm32g431xx.o(.text)
    I2C1_EV_IRQHandler                       0x0800033f   Thumb Code     0  startup_stm32g431xx.o(.text)
    I2C2_ER_IRQHandler                       0x0800033f   Thumb Code     0  startup_stm32g431xx.o(.text)
    I2C2_EV_IRQHandler                       0x0800033f   Thumb Code     0  startup_stm32g431xx.o(.text)
    I2C3_ER_IRQHandler                       0x0800033f   Thumb Code     0  startup_stm32g431xx.o(.text)
    I2C3_EV_IRQHandler                       0x0800033f   Thumb Code     0  startup_stm32g431xx.o(.text)
    LPTIM1_IRQHandler                        0x0800033f   Thumb Code     0  startup_stm32g431xx.o(.text)
    LPUART1_IRQHandler                       0x0800033f   Thumb Code     0  startup_stm32g431xx.o(.text)
    PVD_PVM_IRQHandler                       0x0800033f   Thumb Code     0  startup_stm32g431xx.o(.text)
    RCC_IRQHandler                           0x0800033f   Thumb Code     0  startup_stm32g431xx.o(.text)
    RNG_IRQHandler                           0x0800033f   Thumb Code     0  startup_stm32g431xx.o(.text)
    RTC_Alarm_IRQHandler                     0x0800033f   Thumb Code     0  startup_stm32g431xx.o(.text)
    RTC_TAMP_LSECSS_IRQHandler               0x0800033f   Thumb Code     0  startup_stm32g431xx.o(.text)
    RTC_WKUP_IRQHandler                      0x0800033f   Thumb Code     0  startup_stm32g431xx.o(.text)
    SAI1_IRQHandler                          0x0800033f   Thumb Code     0  startup_stm32g431xx.o(.text)
    SPI1_IRQHandler                          0x0800033f   Thumb Code     0  startup_stm32g431xx.o(.text)
    SPI2_IRQHandler                          0x0800033f   Thumb Code     0  startup_stm32g431xx.o(.text)
    SPI3_IRQHandler                          0x0800033f   Thumb Code     0  startup_stm32g431xx.o(.text)
    TIM1_BRK_TIM15_IRQHandler                0x0800033f   Thumb Code     0  startup_stm32g431xx.o(.text)
    TIM1_CC_IRQHandler                       0x0800033f   Thumb Code     0  startup_stm32g431xx.o(.text)
    TIM1_TRG_COM_TIM17_IRQHandler            0x0800033f   Thumb Code     0  startup_stm32g431xx.o(.text)
    TIM1_UP_TIM16_IRQHandler                 0x0800033f   Thumb Code     0  startup_stm32g431xx.o(.text)
    TIM2_IRQHandler                          0x0800033f   Thumb Code     0  startup_stm32g431xx.o(.text)
    TIM3_IRQHandler                          0x0800033f   Thumb Code     0  startup_stm32g431xx.o(.text)
    TIM4_IRQHandler                          0x0800033f   Thumb Code     0  startup_stm32g431xx.o(.text)
    TIM7_IRQHandler                          0x0800033f   Thumb Code     0  startup_stm32g431xx.o(.text)
    TIM8_BRK_IRQHandler                      0x0800033f   Thumb Code     0  startup_stm32g431xx.o(.text)
    TIM8_CC_IRQHandler                       0x0800033f   Thumb Code     0  startup_stm32g431xx.o(.text)
    TIM8_TRG_COM_IRQHandler                  0x0800033f   Thumb Code     0  startup_stm32g431xx.o(.text)
    TIM8_UP_IRQHandler                       0x0800033f   Thumb Code     0  startup_stm32g431xx.o(.text)
    UART4_IRQHandler                         0x0800033f   Thumb Code     0  startup_stm32g431xx.o(.text)
    UCPD1_IRQHandler                         0x0800033f   Thumb Code     0  startup_stm32g431xx.o(.text)
    USART1_IRQHandler                        0x0800033f   Thumb Code     0  startup_stm32g431xx.o(.text)
    USART2_IRQHandler                        0x0800033f   Thumb Code     0  startup_stm32g431xx.o(.text)
    USART3_IRQHandler                        0x0800033f   Thumb Code     0  startup_stm32g431xx.o(.text)
    USBWakeUp_IRQHandler                     0x0800033f   Thumb Code     0  startup_stm32g431xx.o(.text)
    USB_HP_IRQHandler                        0x0800033f   Thumb Code     0  startup_stm32g431xx.o(.text)
    USB_LP_IRQHandler                        0x0800033f   Thumb Code     0  startup_stm32g431xx.o(.text)
    WWDG_IRQHandler                          0x0800033f   Thumb Code     0  startup_stm32g431xx.o(.text)
    __user_initial_stackheap                 0x08000341   Thumb Code     0  startup_stm32g431xx.o(.text)
    __aeabi_uldivmod                         0x08000365   Thumb Code     0  lludivv7m.o(.text)
    _ll_udiv                                 0x08000365   Thumb Code   238  lludivv7m.o(.text)
    __aeabi_ldivmod                          0x08000453   Thumb Code     0  llsdiv.o(.text)
    _ll_sdiv                                 0x08000453   Thumb Code    72  llsdiv.o(.text)
    vsnprintf                                0x0800049d   Thumb Code    48  vsnprintf.o(.text)
    strlen                                   0x080004d1   Thumb Code    62  strlen.o(.text)
    __aeabi_memclr4                          0x0800050f   Thumb Code     0  rt_memclr_w.o(.text)
    __aeabi_memclr8                          0x0800050f   Thumb Code     0  rt_memclr_w.o(.text)
    __rt_memclr_w                            0x0800050f   Thumb Code    78  rt_memclr_w.o(.text)
    _memset_w                                0x08000513   Thumb Code     0  rt_memclr_w.o(.text)
    __use_two_region_memory                  0x0800055d   Thumb Code     2  heapauxi.o(.text)
    __rt_heap_escrow$2region                 0x0800055f   Thumb Code     2  heapauxi.o(.text)
    __rt_heap_expand$2region                 0x08000561   Thumb Code     2  heapauxi.o(.text)
    __read_errno                             0x08000563   Thumb Code    10  _rserrno.o(.text)
    __set_errno                              0x0800056d   Thumb Code    12  _rserrno.o(.text)
    _printf_pre_padding                      0x08000579   Thumb Code    44  _printf_pad.o(.text)
    _printf_post_padding                     0x080005a5   Thumb Code    34  _printf_pad.o(.text)
    _printf_truncate_signed                  0x080005c7   Thumb Code    18  _printf_truncate.o(.text)
    _printf_truncate_unsigned                0x080005d9   Thumb Code    18  _printf_truncate.o(.text)
    _printf_str                              0x080005eb   Thumb Code    82  _printf_str.o(.text)
    _printf_int_dec                          0x0800063d   Thumb Code   104  _printf_dec.o(.text)
    _printf_charcount                        0x080006b5   Thumb Code    40  _printf_charcount.o(.text)
    _printf_char_common                      0x080006e7   Thumb Code    32  _printf_char_common.o(.text)
    _sputc                                   0x0800070d   Thumb Code    10  _sputc.o(.text)
    _snputc                                  0x08000717   Thumb Code    16  _snputc.o(.text)
    _printf_wctomb                           0x08000729   Thumb Code   182  _printf_wctomb.o(.text)
    _printf_longlong_dec                     0x080007e5   Thumb Code   108  _printf_longlong_dec.o(.text)
    _printf_longlong_oct                     0x08000861   Thumb Code    66  _printf_oct_int_ll.o(.text)
    _printf_int_oct                          0x080008a3   Thumb Code    24  _printf_oct_int_ll.o(.text)
    _printf_ll_oct                           0x080008bb   Thumb Code    12  _printf_oct_int_ll.o(.text)
    _printf_longlong_hex                     0x080008d1   Thumb Code    86  _printf_hex_int_ll_ptr.o(.text)
    _printf_int_hex                          0x08000927   Thumb Code    28  _printf_hex_int_ll_ptr.o(.text)
    _printf_ll_hex                           0x08000943   Thumb Code    12  _printf_hex_int_ll_ptr.o(.text)
    _printf_hex_ptr                          0x0800094f   Thumb Code    18  _printf_hex_int_ll_ptr.o(.text)
    __printf                                 0x08000965   Thumb Code   388  __printf_flags_ss_wp.o(.text)
    __aeabi_errno_addr                       0x08000aed   Thumb Code     8  rt_errno_addr_intlibspace.o(.text)
    __errno$intlibspace                      0x08000aed   Thumb Code     0  rt_errno_addr_intlibspace.o(.text)
    __rt_errno_addr$intlibspace              0x08000aed   Thumb Code     0  rt_errno_addr_intlibspace.o(.text)
    _ll_udiv10                               0x08000af5   Thumb Code   138  lludiv10.o(.text)
    _printf_int_common                       0x08000b7f   Thumb Code   178  _printf_intcommon.o(.text)
    __lib_sel_fp_printf                      0x08000c31   Thumb Code     2  _printf_fp_dec.o(.text)
    _printf_fp_dec_real                      0x08000de3   Thumb Code   620  _printf_fp_dec.o(.text)
    _printf_fp_hex_real                      0x08001051   Thumb Code   756  _printf_fp_hex.o(.text)
    _printf_cs_common                        0x0800134d   Thumb Code    20  _printf_char.o(.text)
    _printf_char                             0x08001361   Thumb Code    16  _printf_char.o(.text)
    _printf_string                           0x08001371   Thumb Code     8  _printf_char.o(.text)
    _printf_lcs_common                       0x08001379   Thumb Code    20  _printf_wchar.o(.text)
    _printf_wchar                            0x0800138d   Thumb Code    16  _printf_wchar.o(.text)
    _printf_wstring                          0x0800139d   Thumb Code     8  _printf_wchar.o(.text)
    _wcrtomb                                 0x080013a5   Thumb Code    64  _wcrtomb.o(.text)
    __user_libspace                          0x080013e5   Thumb Code     8  libspace.o(.text)
    __user_perproc_libspace                  0x080013e5   Thumb Code     0  libspace.o(.text)
    __user_perthread_libspace                0x080013e5   Thumb Code     0  libspace.o(.text)
    __user_setup_stackheap                   0x080013ed   Thumb Code    74  sys_stackheap_outer.o(.text)
    __rt_ctype_table                         0x08001439   Thumb Code    16  rt_ctype_table.o(.text)
    __rt_locale                              0x08001449   Thumb Code     8  rt_locale_intlibspace.o(.text)
    _printf_fp_infnan                        0x08001451   Thumb Code   112  _printf_fp_infnan.o(.text)
    _btod_etento                             0x080014d1   Thumb Code   224  bigflt0.o(.text)
    exit                                     0x080015b5   Thumb Code    18  exit.o(.text)
    strcmp                                   0x080015c9   Thumb Code   128  strcmpv7m.o(.text)
    _sys_exit                                0x08001649   Thumb Code     8  sys_exit.o(.text)
    __I$use$semihosting                      0x08001655   Thumb Code     0  use_no_semi.o(.text)
    __use_no_semihosting_swi                 0x08001655   Thumb Code     2  use_no_semi.o(.text)
    __semihosting_library_function           0x08001657   Thumb Code     0  indicate_semi.o(.text)
    _btod_d2e                                0x08001657   Thumb Code    62  btod.o(CL$$btod_d2e)
    _d2e_denorm_low                          0x08001695   Thumb Code    70  btod.o(CL$$btod_d2e_denorm_low)
    _d2e_norm_op1                            0x080016db   Thumb Code    96  btod.o(CL$$btod_d2e_norm_op1)
    __btod_div_common                        0x0800173b   Thumb Code   696  btod.o(CL$$btod_div_common)
    _e2e                                     0x08001a73   Thumb Code   220  btod.o(CL$$btod_e2e)
    _btod_ediv                               0x08001b4f   Thumb Code    42  btod.o(CL$$btod_ediv)
    _btod_emul                               0x08001b79   Thumb Code    42  btod.o(CL$$btod_emul)
    __btod_mult_common                       0x08001ba3   Thumb Code   580  btod.o(CL$$btod_mult_common)
    ADC1_2_IRQHandler                        0x08001de9   Thumb Code     6  stm32g4xx_it.o(i.ADC1_2_IRQHandler)
    ADC_DMAConvCplt                          0x08001df5   Thumb Code   104  stm32g4xx_hal_adc.o(i.ADC_DMAConvCplt)
    ADC_DMAError                             0x08001e5d   Thumb Code    26  stm32g4xx_hal_adc.o(i.ADC_DMAError)
    ADC_DMAHalfConvCplt                      0x08001e77   Thumb Code    10  stm32g4xx_hal_adc.o(i.ADC_DMAHalfConvCplt)
    ADC_Enable                               0x08001e81   Thumb Code   110  stm32g4xx_hal_adc.o(i.ADC_Enable)
    ADC_Start                                0x08001ef5   Thumb Code    12  tasks.o(i.ADC_Start)
    BusFault_Handler                         0x08001f09   Thumb Code     2  stm32g4xx_it.o(i.BusFault_Handler)
    Calculate_Waveform                       0x08001f0d   Thumb Code   364  tasks.o(i.Calculate_Waveform)
    DMA1_Channel1_IRQHandler                 0x080021a1   Thumb Code     6  stm32g4xx_it.o(i.DMA1_Channel1_IRQHandler)
    DMA2_Channel1_IRQHandler                 0x080021ad   Thumb Code     6  stm32g4xx_it.o(i.DMA2_Channel1_IRQHandler)
    DebugMon_Handler                         0x0800225b   Thumb Code     2  stm32g4xx_it.o(i.DebugMon_Handler)
    EXTI15_10_IRQHandler                     0x0800225d   Thumb Code     8  stm32g4xx_it.o(i.EXTI15_10_IRQHandler)
    EXTI4_IRQHandler                         0x08002265   Thumb Code     6  stm32g4xx_it.o(i.EXTI4_IRQHandler)
    Error_Handler                            0x0800226b   Thumb Code     4  main.o(i.Error_Handler)
    HAL_ADCEx_EndOfSamplingCallback          0x0800226f   Thumb Code     2  stm32g4xx_hal_adc_ex.o(i.HAL_ADCEx_EndOfSamplingCallback)
    HAL_ADCEx_InjectedConvCpltCallback       0x08002271   Thumb Code     2  stm32g4xx_hal_adc_ex.o(i.HAL_ADCEx_InjectedConvCpltCallback)
    HAL_ADCEx_InjectedQueueOverflowCallback  0x08002273   Thumb Code     2  stm32g4xx_hal_adc_ex.o(i.HAL_ADCEx_InjectedQueueOverflowCallback)
    HAL_ADCEx_LevelOutOfWindow2Callback      0x08002275   Thumb Code     2  stm32g4xx_hal_adc_ex.o(i.HAL_ADCEx_LevelOutOfWindow2Callback)
    HAL_ADCEx_LevelOutOfWindow3Callback      0x08002277   Thumb Code     2  stm32g4xx_hal_adc_ex.o(i.HAL_ADCEx_LevelOutOfWindow3Callback)
    HAL_ADCEx_MultiModeConfigChannel         0x08002279   Thumb Code   208  stm32g4xx_hal_adc_ex.o(i.HAL_ADCEx_MultiModeConfigChannel)
    HAL_ADC_ConfigChannel                    0x08002351   Thumb Code   998  stm32g4xx_hal_adc.o(i.HAL_ADC_ConfigChannel)
    HAL_ADC_ConvCpltCallback                 0x08002769   Thumb Code   102  tasks.o(i.HAL_ADC_ConvCpltCallback)
    HAL_ADC_ConvHalfCpltCallback             0x080027dd   Thumb Code     2  stm32g4xx_hal_adc.o(i.HAL_ADC_ConvHalfCpltCallback)
    HAL_ADC_ErrorCallback                    0x080027df   Thumb Code     2  stm32g4xx_hal_adc.o(i.HAL_ADC_ErrorCallback)
    HAL_ADC_IRQHandler                       0x080027e1   Thumb Code   612  stm32g4xx_hal_adc.o(i.HAL_ADC_IRQHandler)
    HAL_ADC_Init                             0x08002a4d   Thumb Code   476  stm32g4xx_hal_adc.o(i.HAL_ADC_Init)
    HAL_ADC_LevelOutOfWindowCallback         0x08002c49   Thumb Code     2  stm32g4xx_hal_adc.o(i.HAL_ADC_LevelOutOfWindowCallback)
    HAL_ADC_MspInit                          0x08002c4d   Thumb Code   176  adc.o(i.HAL_ADC_MspInit)
    HAL_ADC_Start_DMA                        0x08002d09   Thumb Code   214  stm32g4xx_hal_adc.o(i.HAL_ADC_Start_DMA)
    HAL_DACEx_DMAUnderrunCallbackCh2         0x08002df9   Thumb Code     2  stm32g4xx_hal_dac_ex.o(i.HAL_DACEx_DMAUnderrunCallbackCh2)
    HAL_DAC_ConfigChannel                    0x08002dfd   Thumb Code   428  stm32g4xx_hal_dac.o(i.HAL_DAC_ConfigChannel)
    HAL_DAC_DMAUnderrunCallbackCh1           0x08002fb1   Thumb Code     2  stm32g4xx_hal_dac.o(i.HAL_DAC_DMAUnderrunCallbackCh1)
    HAL_DAC_IRQHandler                       0x08002fb3   Thumb Code   104  stm32g4xx_hal_dac.o(i.HAL_DAC_IRQHandler)
    HAL_DAC_Init                             0x0800301b   Thumb Code    40  stm32g4xx_hal_dac.o(i.HAL_DAC_Init)
    HAL_DAC_MspInit                          0x08003045   Thumb Code   146  dac.o(i.HAL_DAC_MspInit)
    HAL_DMA_IRQHandler                       0x080030e9   Thumb Code   186  stm32g4xx_hal_dma.o(i.HAL_DMA_IRQHandler)
    HAL_DMA_Init                             0x080031a5   Thumb Code   178  stm32g4xx_hal_dma.o(i.HAL_DMA_Init)
    HAL_DMA_Start_IT                         0x08003265   Thumb Code   140  stm32g4xx_hal_dma.o(i.HAL_DMA_Start_IT)
    HAL_Delay                                0x080032f1   Thumb Code    32  stm32g4xx_hal.o(i.HAL_Delay)
    HAL_GPIO_EXTI_Callback                   0x08003315   Thumb Code   102  ui.o(i.HAL_GPIO_EXTI_Callback)
    HAL_GPIO_EXTI_IRQHandler                 0x08003381   Thumb Code    18  stm32g4xx_hal_gpio.o(i.HAL_GPIO_EXTI_IRQHandler)
    HAL_GPIO_Init                            0x08003399   Thumb Code   550  stm32g4xx_hal_gpio.o(i.HAL_GPIO_Init)
    HAL_GPIO_WritePin                        0x080035e1   Thumb Code    10  stm32g4xx_hal_gpio.o(i.HAL_GPIO_WritePin)
    HAL_GetTick                              0x080035ed   Thumb Code     6  stm32g4xx_hal.o(i.HAL_GetTick)
    HAL_I2CEx_ConfigAnalogFilter             0x080035f9   Thumb Code    86  stm32g4xx_hal_i2c_ex.o(i.HAL_I2CEx_ConfigAnalogFilter)
    HAL_I2CEx_ConfigDigitalFilter            0x0800364f   Thumb Code    82  stm32g4xx_hal_i2c_ex.o(i.HAL_I2CEx_ConfigDigitalFilter)
    HAL_I2C_Init                             0x080036a1   Thumb Code   178  stm32g4xx_hal_i2c.o(i.HAL_I2C_Init)
    HAL_I2C_Mem_Write                        0x08003759   Thumb Code   340  stm32g4xx_hal_i2c.o(i.HAL_I2C_Mem_Write)
    HAL_I2C_MspInit                          0x080038b1   Thumb Code   150  i2c.o(i.HAL_I2C_MspInit)
    HAL_IncTick                              0x08003955   Thumb Code    12  stm32g4xx_hal.o(i.HAL_IncTick)
    HAL_Init                                 0x08003965   Thumb Code    30  stm32g4xx_hal.o(i.HAL_Init)
    HAL_InitTick                             0x08003985   Thumb Code    58  stm32g4xx_hal.o(i.HAL_InitTick)
    HAL_MspInit                              0x080039c9   Thumb Code    42  stm32g4xx_hal_msp.o(i.HAL_MspInit)
    HAL_NVIC_EnableIRQ                       0x080039f9   Thumb Code    26  stm32g4xx_hal_cortex.o(i.HAL_NVIC_EnableIRQ)
    HAL_NVIC_SetPriority                     0x08003a15   Thumb Code    60  stm32g4xx_hal_cortex.o(i.HAL_NVIC_SetPriority)
    HAL_NVIC_SetPriorityGrouping             0x08003a55   Thumb Code    26  stm32g4xx_hal_cortex.o(i.HAL_NVIC_SetPriorityGrouping)
    HAL_PWREx_ControlVoltageScaling          0x08003a79   Thumb Code   174  stm32g4xx_hal_pwr_ex.o(i.HAL_PWREx_ControlVoltageScaling)
    HAL_PWREx_DisableUCPDDeadBattery         0x08003b35   Thumb Code    12  stm32g4xx_hal_pwr_ex.o(i.HAL_PWREx_DisableUCPDDeadBattery)
    HAL_RCCEx_PeriphCLKConfig                0x08003b45   Thumb Code   638  stm32g4xx_hal_rcc_ex.o(i.HAL_RCCEx_PeriphCLKConfig)
    HAL_RCC_ClockConfig                      0x08003dcd   Thumb Code   444  stm32g4xx_hal_rcc.o(i.HAL_RCC_ClockConfig)
    HAL_RCC_GetHCLKFreq                      0x08003fa9   Thumb Code     6  stm32g4xx_hal_rcc.o(i.HAL_RCC_GetHCLKFreq)
    HAL_RCC_GetPCLK1Freq                     0x08003fb5   Thumb Code    24  stm32g4xx_hal_rcc.o(i.HAL_RCC_GetPCLK1Freq)
    HAL_RCC_GetPCLK2Freq                     0x08003fd9   Thumb Code    24  stm32g4xx_hal_rcc.o(i.HAL_RCC_GetPCLK2Freq)
    HAL_RCC_GetSysClockFreq                  0x08003ffd   Thumb Code    98  stm32g4xx_hal_rcc.o(i.HAL_RCC_GetSysClockFreq)
    HAL_RCC_OscConfig                        0x08004069   Thumb Code  1036  stm32g4xx_hal_rcc.o(i.HAL_RCC_OscConfig)
    HAL_SYSTICK_Config                       0x08004475   Thumb Code    40  stm32g4xx_hal_cortex.o(i.HAL_SYSTICK_Config)
    HAL_TIMEx_Break2Callback                 0x0800449d   Thumb Code     2  stm32g4xx_hal_tim_ex.o(i.HAL_TIMEx_Break2Callback)
    HAL_TIMEx_BreakCallback                  0x0800449f   Thumb Code     2  stm32g4xx_hal_tim_ex.o(i.HAL_TIMEx_BreakCallback)
    HAL_TIMEx_CommutCallback                 0x080044a1   Thumb Code     2  stm32g4xx_hal_tim_ex.o(i.HAL_TIMEx_CommutCallback)
    HAL_TIMEx_ConfigBreakDeadTime            0x080044a5   Thumb Code   164  stm32g4xx_hal_tim_ex.o(i.HAL_TIMEx_ConfigBreakDeadTime)
    HAL_TIMEx_DirectionChangeCallback        0x08004551   Thumb Code     2  stm32g4xx_hal_tim_ex.o(i.HAL_TIMEx_DirectionChangeCallback)
    HAL_TIMEx_EncoderIndexCallback           0x08004553   Thumb Code     2  stm32g4xx_hal_tim_ex.o(i.HAL_TIMEx_EncoderIndexCallback)
    HAL_TIMEx_IndexErrorCallback             0x08004555   Thumb Code     2  stm32g4xx_hal_tim_ex.o(i.HAL_TIMEx_IndexErrorCallback)
    HAL_TIMEx_MasterConfigSynchronization    0x08004559   Thumb Code   132  stm32g4xx_hal_tim_ex.o(i.HAL_TIMEx_MasterConfigSynchronization)
    HAL_TIMEx_TransitionErrorCallback        0x080045f5   Thumb Code     2  stm32g4xx_hal_tim_ex.o(i.HAL_TIMEx_TransitionErrorCallback)
    HAL_TIM_Base_Init                        0x080045f7   Thumb Code    98  stm32g4xx_hal_tim.o(i.HAL_TIM_Base_Init)
    HAL_TIM_Base_MspInit                     0x08004659   Thumb Code    50  tim.o(i.HAL_TIM_Base_MspInit)
    HAL_TIM_IC_CaptureCallback               0x08004695   Thumb Code     2  stm32g4xx_hal_tim.o(i.HAL_TIM_IC_CaptureCallback)
    HAL_TIM_IRQHandler                       0x08004697   Thumb Code   508  stm32g4xx_hal_tim.o(i.HAL_TIM_IRQHandler)
    HAL_TIM_MspPostInit                      0x08004895   Thumb Code    74  tim.o(i.HAL_TIM_MspPostInit)
    HAL_TIM_OC_DelayElapsedCallback          0x080048e9   Thumb Code     2  stm32g4xx_hal_tim.o(i.HAL_TIM_OC_DelayElapsedCallback)
    HAL_TIM_PWM_ConfigChannel                0x080048eb   Thumb Code   292  stm32g4xx_hal_tim.o(i.HAL_TIM_PWM_ConfigChannel)
    HAL_TIM_PWM_Init                         0x08004a0f   Thumb Code    98  stm32g4xx_hal_tim.o(i.HAL_TIM_PWM_Init)
    HAL_TIM_PWM_MspInit                      0x08004a71   Thumb Code    30  tim.o(i.HAL_TIM_PWM_MspInit)
    HAL_TIM_PWM_PulseFinishedCallback        0x08004a99   Thumb Code     2  stm32g4xx_hal_tim.o(i.HAL_TIM_PWM_PulseFinishedCallback)
    HAL_TIM_PeriodElapsedCallback            0x08004a9b   Thumb Code     2  stm32g4xx_hal_tim.o(i.HAL_TIM_PeriodElapsedCallback)
    HAL_TIM_TriggerCallback                  0x08004a9d   Thumb Code     2  stm32g4xx_hal_tim.o(i.HAL_TIM_TriggerCallback)
    HAL_UARTEx_DisableFifoMode               0x08004a9f   Thumb Code    62  stm32g4xx_hal_uart_ex.o(i.HAL_UARTEx_DisableFifoMode)
    HAL_UARTEx_SetRxFifoThreshold            0x08004add   Thumb Code    76  stm32g4xx_hal_uart_ex.o(i.HAL_UARTEx_SetRxFifoThreshold)
    HAL_UARTEx_SetTxFifoThreshold            0x08004b29   Thumb Code    76  stm32g4xx_hal_uart_ex.o(i.HAL_UARTEx_SetTxFifoThreshold)
    HAL_UART_Init                            0x08004b75   Thumb Code   106  stm32g4xx_hal_uart.o(i.HAL_UART_Init)
    HAL_UART_MspInit                         0x08004be1   Thumb Code   114  usart.o(i.HAL_UART_MspInit)
    HAL_UART_Transmit                        0x08004c61   Thumb Code   188  stm32g4xx_hal_uart.o(i.HAL_UART_Transmit)
    HardFault_Handler                        0x08004d1d   Thumb Code     2  stm32g4xx_it.o(i.HardFault_Handler)
    MX_ADC1_Init                             0x0800504d   Thumb Code   136  adc.o(i.MX_ADC1_Init)
    MX_DAC1_Init                             0x080050dd   Thumb Code    82  dac.o(i.MX_DAC1_Init)
    MX_DMA_Init                              0x08005139   Thumb Code    88  dma.o(i.MX_DMA_Init)
    MX_GPIO_Init                             0x08005195   Thumb Code   184  gpio.o(i.MX_GPIO_Init)
    MX_I2C1_Init                             0x08005259   Thumb Code    76  i2c.o(i.MX_I2C1_Init)
    MX_TIM1_Init                             0x080052b1   Thumb Code   170  tim.o(i.MX_TIM1_Init)
    MX_TIM6_Init                             0x08005365   Thumb Code    62  tim.o(i.MX_TIM6_Init)
    MX_USART3_UART_Init                      0x080053ad   Thumb Code    94  usart.o(i.MX_USART3_UART_Init)
    MemManage_Handler                        0x08005415   Thumb Code     2  stm32g4xx_it.o(i.MemManage_Handler)
    NMI_Handler                              0x08005417   Thumb Code     2  stm32g4xx_it.o(i.NMI_Handler)
    OLED_Clear                               0x08005419   Thumb Code    52  oled.o(i.OLED_Clear)
    OLED_Init                                0x0800544d   Thumb Code    28  oled.o(i.OLED_Init)
    OLED_Set_Pos                             0x0800546d   Thumb Code    34  oled.o(i.OLED_Set_Pos)
    OLED_ShowChar                            0x08005491   Thumb Code   148  oled.o(i.OLED_ShowChar)
    OLED_ShowNum                             0x0800552d   Thumb Code   116  oled.o(i.OLED_ShowNum)
    OLED_ShowString                          0x080055a1   Thumb Code    88  oled.o(i.OLED_ShowString)
    OLED_WR_CMD                              0x080055f9   Thumb Code    32  oled.o(i.OLED_WR_CMD)
    OLED_WR_DATA                             0x0800561d   Thumb Code    32  oled.o(i.OLED_WR_DATA)
    PendSV_Handler                           0x08005641   Thumb Code     2  stm32g4xx_it.o(i.PendSV_Handler)
    SVC_Handler                              0x08005643   Thumb Code     2  stm32g4xx_it.o(i.SVC_Handler)
    SysTick_Handler                          0x08005645   Thumb Code     4  stm32g4xx_it.o(i.SysTick_Handler)
    SystemClock_Config                       0x08005649   Thumb Code   102  main.o(i.SystemClock_Config)
    SystemInit                               0x080056b1   Thumb Code    12  system_stm32g4xx.o(i.SystemInit)
    TIM6_DAC_IRQHandler                      0x080056c1   Thumb Code    18  stm32g4xx_it.o(i.TIM6_DAC_IRQHandler)
    TIM_Base_SetConfig                       0x080056dd   Thumb Code   146  stm32g4xx_hal_tim.o(i.TIM_Base_SetConfig)
    TIM_OC2_SetConfig                        0x08005829   Thumb Code   120  stm32g4xx_hal_tim.o(i.TIM_OC2_SetConfig)
    UART_AdvFeatureConfig                    0x08005afd   Thumb Code   200  stm32g4xx_hal_uart.o(i.UART_AdvFeatureConfig)
    UART_CheckIdleState                      0x08005bc5   Thumb Code    96  stm32g4xx_hal_uart.o(i.UART_CheckIdleState)
    UART_SetConfig                           0x08005c25   Thumb Code   582  stm32g4xx_hal_uart.o(i.UART_SetConfig)
    UART_WaitOnFlagUntilTimeout              0x08005e99   Thumb Code   198  stm32g4xx_hal_uart.o(i.UART_WaitOnFlagUntilTimeout)
    UI_Init                                  0x08005f61   Thumb Code    18  ui.o(i.UI_Init)
    UI_Update                                0x08005f79   Thumb Code    82  ui.o(i.UI_Update)
    UsageFault_Handler                       0x08005ff1   Thumb Code     2  stm32g4xx_it.o(i.UsageFault_Handler)
    __ARM_fpclassify                         0x08005ff3   Thumb Code    48  fpclassify.o(i.__ARM_fpclassify)
    __hardfp_cosf                            0x08006045   Thumb Code   280  cosf.o(i.__hardfp_cosf)
    __mathlib_flt_infnan                     0x08006195   Thumb Code     6  funder.o(i.__mathlib_flt_infnan)
    __mathlib_flt_invalid                    0x0800619d   Thumb Code    10  funder.o(i.__mathlib_flt_invalid)
    __mathlib_rredf2                         0x080061ad   Thumb Code   316  rredf.o(i.__mathlib_rredf2)
    _is_digit                                0x08006301   Thumb Code    14  __printf_wp.o(i._is_digit)
    arm_bitreversal_32                       0x08006311   Thumb Code    62  transformfunctions.o(i.arm_bitreversal_32)
    arm_cfft_f32                             0x0800634f   Thumb Code   204  transformfunctions.o(i.arm_cfft_f32)
    arm_cfft_radix8by2_f32                   0x0800641b   Thumb Code   392  transformfunctions.o(i.arm_cfft_radix8by2_f32)
    arm_cfft_radix8by4_f32                   0x080065a3   Thumb Code  1068  transformfunctions.o(i.arm_cfft_radix8by4_f32)
    arm_cmplx_mag_f32                        0x080069d1   Thumb Code    62  complexmathfunctions.o(i.arm_cmplx_mag_f32)
    arm_max_q15                              0x08006a15   Thumb Code    36  statisticsfunctions.o(i.arm_max_q15)
    arm_min_q15                              0x08006a39   Thumb Code    36  statisticsfunctions.o(i.arm_min_q15)
    arm_radix8_butterfly_f32                 0x08006a5d   Thumb Code  1220  transformfunctions.o(i.arm_radix8_butterfly_f32)
    arm_rms_q15                              0x08006f21   Thumb Code    58  statisticsfunctions.o(i.arm_rms_q15)
    arm_sqrt_q15                             0x08006f5d   Thumb Code   152  fastmathfunctions.o(i.arm_sqrt_q15)
    calculate_fft                            0x08006ff9   Thumb Code   132  tasks.o(i.calculate_fft)
    calculate_freq                           0x08007099   Thumb Code   194  tasks.o(i.calculate_freq)
    calculate_mixfreq                        0x08007179   Thumb Code   368  tasks.o(i.calculate_mixfreq)
    main                                     0x08007359   Thumb Code    56  main.o(i.main)
    myprintf                                 0x08007391   Thumb Code    44  uart.o(i.myprintf)
    oled_pow                                 0x080073c1   Thumb Code    16  oled.o(i.oled_pow)
    _get_lc_numeric                          0x080073d1   Thumb Code    44  lc_numeric_c.o(locale$$code)
    _get_lc_ctype                            0x080073fd   Thumb Code    44  lc_ctype_c.o(locale$$code)
    __fpl_dretinf                            0x08007429   Thumb Code    12  dretinf.o(x$fpl$dretinf)
    __aeabi_f2d                              0x08007435   Thumb Code     0  f2d.o(x$fpl$f2d)
    _f2d                                     0x08007435   Thumb Code    86  f2d.o(x$fpl$f2d)
    __fpl_fnaninf                            0x0800748b   Thumb Code   140  fnaninf.o(x$fpl$fnaninf)
    _fp_init                                 0x08007517   Thumb Code    10  fpinit.o(x$fpl$fpinit)
    __fplib_config_fpu_vfp                   0x0800751f   Thumb Code     0  fpinit.o(x$fpl$fpinit)
    __fplib_config_pureend_doubles           0x0800751f   Thumb Code     0  fpinit.o(x$fpl$fpinit)
    _printf_fp_dec                           0x08007521   Thumb Code     4  printf1.o(x$fpl$printf1)
    _printf_fp_hex                           0x08007525   Thumb Code     4  printf2.o(x$fpl$printf2)
    UARTPrescTable                           0x08007528   Data          24  stm32g4xx_hal_uart.o(.constdata)
    __I$use$fp                               0x08007528   Number         0  usenofp.o(x$fpl$usenofp)
    AHBPrescTable                            0x08007550   Data          16  system_stm32g4xx.o(.constdata)
    APBPrescTable                            0x08007560   Data           8  system_stm32g4xx.o(.constdata)
    F6x8                                     0x08007568   Data         552  oledfont.o(.constdata)
    F8X16                                    0x08007790   Data        1504  oledfont.o(.constdata)
    twiddleCoef_1024                         0x08007d70   Data        8192  commontables.o(.constdata)
    armBitRevIndexTable1024                  0x08009d70   Data        3600  commontables.o(.constdata)
    sqrt_initial_lut_q15                     0x0800ab80   Data          32  commontables.o(.constdata)
    arm_cfft_sR_f32_len1024                  0x0800aba0   Data          16  commontables.o(.constdata)
    Region$$Table$$Base                      0x0800acd0   Number         0  anon$$obj.o(Region$$Table)
    Region$$Table$$Limit                     0x0800acf0   Number         0  anon$$obj.o(Region$$Table)
    __ctype                                  0x0800ad19   Data           0  lc_ctype_c.o(locale$$data)
    uwTickPrio                               0x20000000   Data           4  stm32g4xx_hal.o(.data)
    uwTickFreq                               0x20000004   Data           4  stm32g4xx_hal.o(.data)
    uwTick                                   0x20000008   Data           4  stm32g4xx_hal.o(.data)
    SystemCoreClock                          0x2000000c   Data           4  system_stm32g4xx.o(.data)
    current_page                             0x20000014   Data           1  ui.o(.data)
    home_select                              0x20000015   Data           1  ui.o(.data)
    mix_select                               0x20000016   Data           1  ui.o(.data)
    CMD_Data                                 0x2000001c   Data          23  oled.o(.data)
    hadc1                                    0x20000034   Data         108  adc.o(.bss)
    hdma_adc1                                0x200000a0   Data          96  adc.o(.bss)
    hdac1                                    0x20000100   Data          20  dac.o(.bss)
    hdma_dac1_ch1                            0x20000114   Data          96  dac.o(.bss)
    hi2c1                                    0x20000174   Data          76  i2c.o(.bss)
    htim1                                    0x200001c0   Data          76  tim.o(.bss)
    htim6                                    0x2000020c   Data          76  tim.o(.bss)
    huart3                                   0x20000258   Data         144  usart.o(.bss)
    __libspace_start                         0x200042ec   Data          96  libspace.o(.bss)
    __temporary_stack_top$libspace           0x2000434c   Data           0  libspace.o(.bss)



==============================================================================

Memory Map of the image

  Image Entry point : 0x080001d9

  Load Region LR_IROM1 (Base: 0x08000000, Size: 0x0000ae50, Max: 0x00020000, ABSOLUTE)

    Execution Region ER_IROM1 (Exec base: 0x08000000, Load base: 0x08000000, Size: 0x0000ae1c, Max: 0x00020000, ABSOLUTE)

    Exec Addr    Load Addr    Size         Type   Attr      Idx    E Section Name        Object

    0x08000000   0x08000000   0x000001d8   Data   RO            3    RESET               startup_stm32g431xx.o
    0x080001d8   0x080001d8   0x00000008   Code   RO        11854  * !!!main             c_w.l(__main.o)
    0x080001e0   0x080001e0   0x00000034   Code   RO        12422    !!!scatter          c_w.l(__scatter.o)
    0x08000214   0x08000214   0x0000001a   Code   RO        12424    !!handler_copy      c_w.l(__scatter_copy.o)
    0x0800022e   0x0800022e   0x00000002   PAD
    0x08000230   0x08000230   0x0000001c   Code   RO        12426    !!handler_zi        c_w.l(__scatter_zi.o)
    0x0800024c   0x0800024c   0x00000000   Code   RO        12124    .ARM.Collect$$_printf_percent$$00000000  c_w.l(_printf_percent.o)
    0x0800024c   0x0800024c   0x00000006   Code   RO        12113    .ARM.Collect$$_printf_percent$$00000001  c_w.l(_printf_n.o)
    0x08000252   0x08000252   0x00000006   Code   RO        12115    .ARM.Collect$$_printf_percent$$00000002  c_w.l(_printf_p.o)
    0x08000258   0x08000258   0x00000006   Code   RO        12120    .ARM.Collect$$_printf_percent$$00000003  c_w.l(_printf_f.o)
    0x0800025e   0x0800025e   0x00000006   Code   RO        12121    .ARM.Collect$$_printf_percent$$00000004  c_w.l(_printf_e.o)
    0x08000264   0x08000264   0x00000006   Code   RO        12122    .ARM.Collect$$_printf_percent$$00000005  c_w.l(_printf_g.o)
    0x0800026a   0x0800026a   0x00000006   Code   RO        12123    .ARM.Collect$$_printf_percent$$00000006  c_w.l(_printf_a.o)
    0x08000270   0x08000270   0x0000000a   Code   RO        12128    .ARM.Collect$$_printf_percent$$00000007  c_w.l(_printf_ll.o)
    0x0800027a   0x0800027a   0x00000006   Code   RO        12117    .ARM.Collect$$_printf_percent$$00000008  c_w.l(_printf_i.o)
    0x08000280   0x08000280   0x00000006   Code   RO        12118    .ARM.Collect$$_printf_percent$$00000009  c_w.l(_printf_d.o)
    0x08000286   0x08000286   0x00000006   Code   RO        12119    .ARM.Collect$$_printf_percent$$0000000A  c_w.l(_printf_u.o)
    0x0800028c   0x0800028c   0x00000006   Code   RO        12116    .ARM.Collect$$_printf_percent$$0000000B  c_w.l(_printf_o.o)
    0x08000292   0x08000292   0x00000006   Code   RO        12114    .ARM.Collect$$_printf_percent$$0000000C  c_w.l(_printf_x.o)
    0x08000298   0x08000298   0x00000006   Code   RO        12125    .ARM.Collect$$_printf_percent$$0000000D  c_w.l(_printf_lli.o)
    0x0800029e   0x0800029e   0x00000006   Code   RO        12126    .ARM.Collect$$_printf_percent$$0000000E  c_w.l(_printf_lld.o)
    0x080002a4   0x080002a4   0x00000006   Code   RO        12127    .ARM.Collect$$_printf_percent$$0000000F  c_w.l(_printf_llu.o)
    0x080002aa   0x080002aa   0x00000006   Code   RO        12132    .ARM.Collect$$_printf_percent$$00000010  c_w.l(_printf_llo.o)
    0x080002b0   0x080002b0   0x00000006   Code   RO        12133    .ARM.Collect$$_printf_percent$$00000011  c_w.l(_printf_llx.o)
    0x080002b6   0x080002b6   0x0000000a   Code   RO        12129    .ARM.Collect$$_printf_percent$$00000012  c_w.l(_printf_l.o)
    0x080002c0   0x080002c0   0x00000006   Code   RO        12111    .ARM.Collect$$_printf_percent$$00000013  c_w.l(_printf_c.o)
    0x080002c6   0x080002c6   0x00000006   Code   RO        12112    .ARM.Collect$$_printf_percent$$00000014  c_w.l(_printf_s.o)
    0x080002cc   0x080002cc   0x00000006   Code   RO        12130    .ARM.Collect$$_printf_percent$$00000015  c_w.l(_printf_lc.o)
    0x080002d2   0x080002d2   0x00000006   Code   RO        12131    .ARM.Collect$$_printf_percent$$00000016  c_w.l(_printf_ls.o)
    0x080002d8   0x080002d8   0x00000004   Code   RO        12232    .ARM.Collect$$_printf_percent$$00000017  c_w.l(_printf_percent_end.o)
    0x080002dc   0x080002dc   0x00000002   Code   RO        12288    .ARM.Collect$$libinit$$00000000  c_w.l(libinit.o)
    0x080002de   0x080002de   0x00000004   Code   RO        12302    .ARM.Collect$$libinit$$00000001  c_w.l(libinit2.o)
    0x080002e2   0x080002e2   0x00000000   Code   RO        12305    .ARM.Collect$$libinit$$00000004  c_w.l(libinit2.o)
    0x080002e2   0x080002e2   0x00000000   Code   RO        12308    .ARM.Collect$$libinit$$0000000A  c_w.l(libinit2.o)
    0x080002e2   0x080002e2   0x00000000   Code   RO        12310    .ARM.Collect$$libinit$$0000000C  c_w.l(libinit2.o)
    0x080002e2   0x080002e2   0x00000000   Code   RO        12312    .ARM.Collect$$libinit$$0000000E  c_w.l(libinit2.o)
    0x080002e2   0x080002e2   0x00000006   Code   RO        12313    .ARM.Collect$$libinit$$0000000F  c_w.l(libinit2.o)
    0x080002e8   0x080002e8   0x00000000   Code   RO        12315    .ARM.Collect$$libinit$$00000011  c_w.l(libinit2.o)
    0x080002e8   0x080002e8   0x0000000c   Code   RO        12316    .ARM.Collect$$libinit$$00000012  c_w.l(libinit2.o)
    0x080002f4   0x080002f4   0x00000000   Code   RO        12317    .ARM.Collect$$libinit$$00000013  c_w.l(libinit2.o)
    0x080002f4   0x080002f4   0x00000000   Code   RO        12319    .ARM.Collect$$libinit$$00000015  c_w.l(libinit2.o)
    0x080002f4   0x080002f4   0x0000000a   Code   RO        12320    .ARM.Collect$$libinit$$00000016  c_w.l(libinit2.o)
    0x080002fe   0x080002fe   0x00000000   Code   RO        12321    .ARM.Collect$$libinit$$00000017  c_w.l(libinit2.o)
    0x080002fe   0x080002fe   0x00000000   Code   RO        12323    .ARM.Collect$$libinit$$00000019  c_w.l(libinit2.o)
    0x080002fe   0x080002fe   0x00000000   Code   RO        12325    .ARM.Collect$$libinit$$0000001B  c_w.l(libinit2.o)
    0x080002fe   0x080002fe   0x00000000   Code   RO        12327    .ARM.Collect$$libinit$$0000001D  c_w.l(libinit2.o)
    0x080002fe   0x080002fe   0x00000000   Code   RO        12329    .ARM.Collect$$libinit$$0000001F  c_w.l(libinit2.o)
    0x080002fe   0x080002fe   0x00000000   Code   RO        12331    .ARM.Collect$$libinit$$00000021  c_w.l(libinit2.o)
    0x080002fe   0x080002fe   0x00000000   Code   RO        12333    .ARM.Collect$$libinit$$00000023  c_w.l(libinit2.o)
    0x080002fe   0x080002fe   0x00000000   Code   RO        12335    .ARM.Collect$$libinit$$00000025  c_w.l(libinit2.o)
    0x080002fe   0x080002fe   0x00000000   Code   RO        12339    .ARM.Collect$$libinit$$0000002C  c_w.l(libinit2.o)
    0x080002fe   0x080002fe   0x00000000   Code   RO        12341    .ARM.Collect$$libinit$$0000002E  c_w.l(libinit2.o)
    0x080002fe   0x080002fe   0x00000000   Code   RO        12343    .ARM.Collect$$libinit$$00000030  c_w.l(libinit2.o)
    0x080002fe   0x080002fe   0x00000000   Code   RO        12345    .ARM.Collect$$libinit$$00000032  c_w.l(libinit2.o)
    0x080002fe   0x080002fe   0x00000002   Code   RO        12346    .ARM.Collect$$libinit$$00000033  c_w.l(libinit2.o)
    0x08000300   0x08000300   0x00000002   Code   RO        12377    .ARM.Collect$$libshutdown$$00000000  c_w.l(libshutdown.o)
    0x08000302   0x08000302   0x00000000   Code   RO        12403    .ARM.Collect$$libshutdown$$00000002  c_w.l(libshutdown2.o)
    0x08000302   0x08000302   0x00000000   Code   RO        12405    .ARM.Collect$$libshutdown$$00000004  c_w.l(libshutdown2.o)
    0x08000302   0x08000302   0x00000000   Code   RO        12407    .ARM.Collect$$libshutdown$$00000006  c_w.l(libshutdown2.o)
    0x08000302   0x08000302   0x00000000   Code   RO        12410    .ARM.Collect$$libshutdown$$00000009  c_w.l(libshutdown2.o)
    0x08000302   0x08000302   0x00000000   Code   RO        12413    .ARM.Collect$$libshutdown$$0000000C  c_w.l(libshutdown2.o)
    0x08000302   0x08000302   0x00000000   Code   RO        12415    .ARM.Collect$$libshutdown$$0000000E  c_w.l(libshutdown2.o)
    0x08000302   0x08000302   0x00000000   Code   RO        12418    .ARM.Collect$$libshutdown$$00000011  c_w.l(libshutdown2.o)
    0x08000302   0x08000302   0x00000002   Code   RO        12419    .ARM.Collect$$libshutdown$$00000012  c_w.l(libshutdown2.o)
    0x08000304   0x08000304   0x00000000   Code   RO        12034    .ARM.Collect$$rtentry$$00000000  c_w.l(__rtentry.o)
    0x08000304   0x08000304   0x00000000   Code   RO        12196    .ARM.Collect$$rtentry$$00000002  c_w.l(__rtentry2.o)
    0x08000304   0x08000304   0x00000006   Code   RO        12208    .ARM.Collect$$rtentry$$00000004  c_w.l(__rtentry4.o)
    0x0800030a   0x0800030a   0x00000000   Code   RO        12198    .ARM.Collect$$rtentry$$00000009  c_w.l(__rtentry2.o)
    0x0800030a   0x0800030a   0x00000004   Code   RO        12199    .ARM.Collect$$rtentry$$0000000A  c_w.l(__rtentry2.o)
    0x0800030e   0x0800030e   0x00000000   Code   RO        12201    .ARM.Collect$$rtentry$$0000000C  c_w.l(__rtentry2.o)
    0x0800030e   0x0800030e   0x00000008   Code   RO        12202    .ARM.Collect$$rtentry$$0000000D  c_w.l(__rtentry2.o)
    0x08000316   0x08000316   0x00000002   Code   RO        12289    .ARM.Collect$$rtexit$$00000000  c_w.l(rtexit.o)
    0x08000318   0x08000318   0x00000000   Code   RO        12350    .ARM.Collect$$rtexit$$00000002  c_w.l(rtexit2.o)
    0x08000318   0x08000318   0x00000004   Code   RO        12351    .ARM.Collect$$rtexit$$00000003  c_w.l(rtexit2.o)
    0x0800031c   0x0800031c   0x00000006   Code   RO        12352    .ARM.Collect$$rtexit$$00000004  c_w.l(rtexit2.o)
    0x08000322   0x08000322   0x00000002   PAD
    0x08000324   0x08000324   0x00000040   Code   RO            4    .text               startup_stm32g431xx.o
    0x08000364   0x08000364   0x000000ee   Code   RO        11834    .text               c_w.l(lludivv7m.o)
    0x08000452   0x08000452   0x00000048   Code   RO        11840    .text               c_w.l(llsdiv.o)
    0x0800049a   0x0800049a   0x00000002   PAD
    0x0800049c   0x0800049c   0x00000034   Code   RO        11842    .text               c_w.l(vsnprintf.o)
    0x080004d0   0x080004d0   0x0000003e   Code   RO        11844    .text               c_w.l(strlen.o)
    0x0800050e   0x0800050e   0x0000004e   Code   RO        11850    .text               c_w.l(rt_memclr_w.o)
    0x0800055c   0x0800055c   0x00000006   Code   RO        11852    .text               c_w.l(heapauxi.o)
    0x08000562   0x08000562   0x00000016   Code   RO        12039    .text               c_w.l(_rserrno.o)
    0x08000578   0x08000578   0x0000004e   Code   RO        12043    .text               c_w.l(_printf_pad.o)
    0x080005c6   0x080005c6   0x00000024   Code   RO        12045    .text               c_w.l(_printf_truncate.o)
    0x080005ea   0x080005ea   0x00000052   Code   RO        12047    .text               c_w.l(_printf_str.o)
    0x0800063c   0x0800063c   0x00000078   Code   RO        12049    .text               c_w.l(_printf_dec.o)
    0x080006b4   0x080006b4   0x00000028   Code   RO        12051    .text               c_w.l(_printf_charcount.o)
    0x080006dc   0x080006dc   0x00000030   Code   RO        12053    .text               c_w.l(_printf_char_common.o)
    0x0800070c   0x0800070c   0x0000000a   Code   RO        12055    .text               c_w.l(_sputc.o)
    0x08000716   0x08000716   0x00000010   Code   RO        12057    .text               c_w.l(_snputc.o)
    0x08000726   0x08000726   0x00000002   PAD
    0x08000728   0x08000728   0x000000bc   Code   RO        12059    .text               c_w.l(_printf_wctomb.o)
    0x080007e4   0x080007e4   0x0000007c   Code   RO        12062    .text               c_w.l(_printf_longlong_dec.o)
    0x08000860   0x08000860   0x00000070   Code   RO        12068    .text               c_w.l(_printf_oct_int_ll.o)
    0x080008d0   0x080008d0   0x00000094   Code   RO        12088    .text               c_w.l(_printf_hex_int_ll_ptr.o)
    0x08000964   0x08000964   0x00000188   Code   RO        12108    .text               c_w.l(__printf_flags_ss_wp.o)
    0x08000aec   0x08000aec   0x00000008   Code   RO        12215    .text               c_w.l(rt_errno_addr_intlibspace.o)
    0x08000af4   0x08000af4   0x0000008a   Code   RO        12217    .text               c_w.l(lludiv10.o)
    0x08000b7e   0x08000b7e   0x000000b2   Code   RO        12219    .text               c_w.l(_printf_intcommon.o)
    0x08000c30   0x08000c30   0x0000041e   Code   RO        12221    .text               c_w.l(_printf_fp_dec.o)
    0x0800104e   0x0800104e   0x00000002   PAD
    0x08001050   0x08001050   0x000002fc   Code   RO        12223    .text               c_w.l(_printf_fp_hex.o)
    0x0800134c   0x0800134c   0x0000002c   Code   RO        12228    .text               c_w.l(_printf_char.o)
    0x08001378   0x08001378   0x0000002c   Code   RO        12230    .text               c_w.l(_printf_wchar.o)
    0x080013a4   0x080013a4   0x00000040   Code   RO        12233    .text               c_w.l(_wcrtomb.o)
    0x080013e4   0x080013e4   0x00000008   Code   RO        12235    .text               c_w.l(libspace.o)
    0x080013ec   0x080013ec   0x0000004a   Code   RO        12238    .text               c_w.l(sys_stackheap_outer.o)
    0x08001436   0x08001436   0x00000002   PAD
    0x08001438   0x08001438   0x00000010   Code   RO        12240    .text               c_w.l(rt_ctype_table.o)
    0x08001448   0x08001448   0x00000008   Code   RO        12245    .text               c_w.l(rt_locale_intlibspace.o)
    0x08001450   0x08001450   0x00000080   Code   RO        12247    .text               c_w.l(_printf_fp_infnan.o)
    0x080014d0   0x080014d0   0x000000e4   Code   RO        12249    .text               c_w.l(bigflt0.o)
    0x080015b4   0x080015b4   0x00000012   Code   RO        12277    .text               c_w.l(exit.o)
    0x080015c6   0x080015c6   0x00000002   PAD
    0x080015c8   0x080015c8   0x00000080   Code   RO        12300    .text               c_w.l(strcmpv7m.o)
    0x08001648   0x08001648   0x0000000c   Code   RO        12347    .text               c_w.l(sys_exit.o)
    0x08001654   0x08001654   0x00000002   Code   RO        12366    .text               c_w.l(use_no_semi.o)
    0x08001656   0x08001656   0x00000000   Code   RO        12368    .text               c_w.l(indicate_semi.o)
    0x08001656   0x08001656   0x0000003e   Code   RO        12252    CL$$btod_d2e        c_w.l(btod.o)
    0x08001694   0x08001694   0x00000046   Code   RO        12254    CL$$btod_d2e_denorm_low  c_w.l(btod.o)
    0x080016da   0x080016da   0x00000060   Code   RO        12253    CL$$btod_d2e_norm_op1  c_w.l(btod.o)
    0x0800173a   0x0800173a   0x00000338   Code   RO        12262    CL$$btod_div_common  c_w.l(btod.o)
    0x08001a72   0x08001a72   0x000000dc   Code   RO        12259    CL$$btod_e2e        c_w.l(btod.o)
    0x08001b4e   0x08001b4e   0x0000002a   Code   RO        12256    CL$$btod_ediv       c_w.l(btod.o)
    0x08001b78   0x08001b78   0x0000002a   Code   RO        12255    CL$$btod_emul       c_w.l(btod.o)
    0x08001ba2   0x08001ba2   0x00000244   Code   RO        12261    CL$$btod_mult_common  c_w.l(btod.o)
    0x08001de6   0x08001de6   0x00000002   PAD
    0x08001de8   0x08001de8   0x0000000c   Code   RO          712    i.ADC1_2_IRQHandler  stm32g4xx_it.o
    0x08001df4   0x08001df4   0x00000068   Code   RO          849    i.ADC_DMAConvCplt   stm32g4xx_hal_adc.o
    0x08001e5c   0x08001e5c   0x0000001a   Code   RO          850    i.ADC_DMAError      stm32g4xx_hal_adc.o
    0x08001e76   0x08001e76   0x0000000a   Code   RO          851    i.ADC_DMAHalfConvCplt  stm32g4xx_hal_adc.o
    0x08001e80   0x08001e80   0x00000074   Code   RO          853    i.ADC_Enable        stm32g4xx_hal_adc.o
    0x08001ef4   0x08001ef4   0x00000014   Code   RO         5329    i.ADC_Start         tasks.o
    0x08001f08   0x08001f08   0x00000002   Code   RO          713    i.BusFault_Handler  stm32g4xx_it.o
    0x08001f0a   0x08001f0a   0x00000002   PAD
    0x08001f0c   0x08001f0c   0x00000294   Code   RO         5330    i.Calculate_Waveform  tasks.o
    0x080021a0   0x080021a0   0x0000000c   Code   RO          714    i.DMA1_Channel1_IRQHandler  stm32g4xx_it.o
    0x080021ac   0x080021ac   0x0000000c   Code   RO          715    i.DMA2_Channel1_IRQHandler  stm32g4xx_it.o
    0x080021b8   0x080021b8   0x00000040   Code   RO         2128    i.DMA_CalcDMAMUXChannelBaseAndMask  stm32g4xx_hal_dma.o
    0x080021f8   0x080021f8   0x00000024   Code   RO         2129    i.DMA_CalcDMAMUXRequestGenBaseAndMask  stm32g4xx_hal_dma.o
    0x0800221c   0x0800221c   0x0000003e   Code   RO         2130    i.DMA_SetConfig     stm32g4xx_hal_dma.o
    0x0800225a   0x0800225a   0x00000002   Code   RO          716    i.DebugMon_Handler  stm32g4xx_it.o
    0x0800225c   0x0800225c   0x00000008   Code   RO          717    i.EXTI15_10_IRQHandler  stm32g4xx_it.o
    0x08002264   0x08002264   0x00000006   Code   RO          718    i.EXTI4_IRQHandler  stm32g4xx_it.o
    0x0800226a   0x0800226a   0x00000004   Code   RO           13    i.Error_Handler     main.o
    0x0800226e   0x0800226e   0x00000002   Code   RO         1090    i.HAL_ADCEx_EndOfSamplingCallback  stm32g4xx_hal_adc_ex.o
    0x08002270   0x08002270   0x00000002   Code   RO         1093    i.HAL_ADCEx_InjectedConvCpltCallback  stm32g4xx_hal_adc_ex.o
    0x08002272   0x08002272   0x00000002   Code   RO         1096    i.HAL_ADCEx_InjectedQueueOverflowCallback  stm32g4xx_hal_adc_ex.o
    0x08002274   0x08002274   0x00000002   Code   RO         1101    i.HAL_ADCEx_LevelOutOfWindow2Callback  stm32g4xx_hal_adc_ex.o
    0x08002276   0x08002276   0x00000002   Code   RO         1102    i.HAL_ADCEx_LevelOutOfWindow3Callback  stm32g4xx_hal_adc_ex.o
    0x08002278   0x08002278   0x000000d8   Code   RO         1103    i.HAL_ADCEx_MultiModeConfigChannel  stm32g4xx_hal_adc_ex.o
    0x08002350   0x08002350   0x00000418   Code   RO          855    i.HAL_ADC_ConfigChannel  stm32g4xx_hal_adc.o
    0x08002768   0x08002768   0x00000074   Code   RO         5331    i.HAL_ADC_ConvCpltCallback  tasks.o
    0x080027dc   0x080027dc   0x00000002   Code   RO          857    i.HAL_ADC_ConvHalfCpltCallback  stm32g4xx_hal_adc.o
    0x080027de   0x080027de   0x00000002   Code   RO          859    i.HAL_ADC_ErrorCallback  stm32g4xx_hal_adc.o
    0x080027e0   0x080027e0   0x0000026c   Code   RO          863    i.HAL_ADC_IRQHandler  stm32g4xx_hal_adc.o
    0x08002a4c   0x08002a4c   0x000001fc   Code   RO          864    i.HAL_ADC_Init      stm32g4xx_hal_adc.o
    0x08002c48   0x08002c48   0x00000002   Code   RO          865    i.HAL_ADC_LevelOutOfWindowCallback  stm32g4xx_hal_adc.o
    0x08002c4a   0x08002c4a   0x00000002   PAD
    0x08002c4c   0x08002c4c   0x000000bc   Code   RO          452    i.HAL_ADC_MspInit   adc.o
    0x08002d08   0x08002d08   0x000000f0   Code   RO          872    i.HAL_ADC_Start_DMA  stm32g4xx_hal_adc.o
    0x08002df8   0x08002df8   0x00000002   Code   RO         2919    i.HAL_DACEx_DMAUnderrunCallbackCh2  stm32g4xx_hal_dac_ex.o
    0x08002dfa   0x08002dfa   0x00000002   PAD
    0x08002dfc   0x08002dfc   0x000001b4   Code   RO         2773    i.HAL_DAC_ConfigChannel  stm32g4xx_hal_dac.o
    0x08002fb0   0x08002fb0   0x00000002   Code   RO         2776    i.HAL_DAC_DMAUnderrunCallbackCh1  stm32g4xx_hal_dac.o
    0x08002fb2   0x08002fb2   0x00000068   Code   RO         2782    i.HAL_DAC_IRQHandler  stm32g4xx_hal_dac.o
    0x0800301a   0x0800301a   0x00000028   Code   RO         2783    i.HAL_DAC_Init      stm32g4xx_hal_dac.o
    0x08003042   0x08003042   0x00000002   PAD
    0x08003044   0x08003044   0x000000a4   Code   RO          494    i.HAL_DAC_MspInit   dac.o
    0x080030e8   0x080030e8   0x000000ba   Code   RO         2136    i.HAL_DMA_IRQHandler  stm32g4xx_hal_dma.o
    0x080031a2   0x080031a2   0x00000002   PAD
    0x080031a4   0x080031a4   0x000000c0   Code   RO         2137    i.HAL_DMA_Init      stm32g4xx_hal_dma.o
    0x08003264   0x08003264   0x0000008c   Code   RO         2141    i.HAL_DMA_Start_IT  stm32g4xx_hal_dma.o
    0x080032f0   0x080032f0   0x00000024   Code   RO         1302    i.HAL_Delay         stm32g4xx_hal.o
    0x08003314   0x08003314   0x0000006c   Code   RO         5408    i.HAL_GPIO_EXTI_Callback  ui.o
    0x08003380   0x08003380   0x00000018   Code   RO         1992    i.HAL_GPIO_EXTI_IRQHandler  stm32g4xx_hal_gpio.o
    0x08003398   0x08003398   0x00000248   Code   RO         1993    i.HAL_GPIO_Init     stm32g4xx_hal_gpio.o
    0x080035e0   0x080035e0   0x0000000a   Code   RO         1997    i.HAL_GPIO_WritePin  stm32g4xx_hal_gpio.o
    0x080035ea   0x080035ea   0x00000002   PAD
    0x080035ec   0x080035ec   0x0000000c   Code   RO         1306    i.HAL_GetTick       stm32g4xx_hal.o
    0x080035f8   0x080035f8   0x00000056   Code   RO         3520    i.HAL_I2CEx_ConfigAnalogFilter  stm32g4xx_hal_i2c_ex.o
    0x0800364e   0x0800364e   0x00000052   Code   RO         3521    i.HAL_I2CEx_ConfigDigitalFilter  stm32g4xx_hal_i2c_ex.o
    0x080036a0   0x080036a0   0x000000b8   Code   RO         3069    i.HAL_I2C_Init      stm32g4xx_hal_i2c.o
    0x08003758   0x08003758   0x00000158   Code   RO         3090    i.HAL_I2C_Mem_Write  stm32g4xx_hal_i2c.o
    0x080038b0   0x080038b0   0x000000a4   Code   RO          563    i.HAL_I2C_MspInit   i2c.o
    0x08003954   0x08003954   0x00000010   Code   RO         1309    i.HAL_IncTick       stm32g4xx_hal.o
    0x08003964   0x08003964   0x0000001e   Code   RO         1310    i.HAL_Init          stm32g4xx_hal.o
    0x08003982   0x08003982   0x00000002   PAD
    0x08003984   0x08003984   0x00000044   Code   RO         1311    i.HAL_InitTick      stm32g4xx_hal.o
    0x080039c8   0x080039c8   0x00000030   Code   RO          824    i.HAL_MspInit       stm32g4xx_hal_msp.o
    0x080039f8   0x080039f8   0x0000001a   Code   RO         2640    i.HAL_NVIC_EnableIRQ  stm32g4xx_hal_cortex.o
    0x08003a12   0x08003a12   0x00000002   PAD
    0x08003a14   0x08003a14   0x00000040   Code   RO         2646    i.HAL_NVIC_SetPriority  stm32g4xx_hal_cortex.o
    0x08003a54   0x08003a54   0x00000024   Code   RO         2647    i.HAL_NVIC_SetPriorityGrouping  stm32g4xx_hal_cortex.o
    0x08003a78   0x08003a78   0x000000bc   Code   RO         2396    i.HAL_PWREx_ControlVoltageScaling  stm32g4xx_hal_pwr_ex.o
    0x08003b34   0x08003b34   0x00000010   Code   RO         2408    i.HAL_PWREx_DisableUCPDDeadBattery  stm32g4xx_hal_pwr_ex.o
    0x08003b44   0x08003b44   0x00000288   Code   RO         1655    i.HAL_RCCEx_PeriphCLKConfig  stm32g4xx_hal_rcc_ex.o
    0x08003dcc   0x08003dcc   0x000001dc   Code   RO         1530    i.HAL_RCC_ClockConfig  stm32g4xx_hal_rcc.o
    0x08003fa8   0x08003fa8   0x0000000c   Code   RO         1536    i.HAL_RCC_GetHCLKFreq  stm32g4xx_hal_rcc.o
    0x08003fb4   0x08003fb4   0x00000024   Code   RO         1538    i.HAL_RCC_GetPCLK1Freq  stm32g4xx_hal_rcc.o
    0x08003fd8   0x08003fd8   0x00000024   Code   RO         1539    i.HAL_RCC_GetPCLK2Freq  stm32g4xx_hal_rcc.o
    0x08003ffc   0x08003ffc   0x0000006c   Code   RO         1540    i.HAL_RCC_GetSysClockFreq  stm32g4xx_hal_rcc.o
    0x08004068   0x08004068   0x0000040c   Code   RO         1543    i.HAL_RCC_OscConfig  stm32g4xx_hal_rcc.o
    0x08004474   0x08004474   0x00000028   Code   RO         2651    i.HAL_SYSTICK_Config  stm32g4xx_hal_cortex.o
    0x0800449c   0x0800449c   0x00000002   Code   RO         4290    i.HAL_TIMEx_Break2Callback  stm32g4xx_hal_tim_ex.o
    0x0800449e   0x0800449e   0x00000002   Code   RO         4291    i.HAL_TIMEx_BreakCallback  stm32g4xx_hal_tim_ex.o
    0x080044a0   0x080044a0   0x00000002   Code   RO         4292    i.HAL_TIMEx_CommutCallback  stm32g4xx_hal_tim_ex.o
    0x080044a2   0x080044a2   0x00000002   PAD
    0x080044a4   0x080044a4   0x000000ac   Code   RO         4295    i.HAL_TIMEx_ConfigBreakDeadTime  stm32g4xx_hal_tim_ex.o
    0x08004550   0x08004550   0x00000002   Code   RO         4303    i.HAL_TIMEx_DirectionChangeCallback  stm32g4xx_hal_tim_ex.o
    0x08004552   0x08004552   0x00000002   Code   RO         4317    i.HAL_TIMEx_EncoderIndexCallback  stm32g4xx_hal_tim_ex.o
    0x08004554   0x08004554   0x00000002   Code   RO         4331    i.HAL_TIMEx_IndexErrorCallback  stm32g4xx_hal_tim_ex.o
    0x08004556   0x08004556   0x00000002   PAD
    0x08004558   0x08004558   0x0000009c   Code   RO         4332    i.HAL_TIMEx_MasterConfigSynchronization  stm32g4xx_hal_tim_ex.o
    0x080045f4   0x080045f4   0x00000002   Code   RO         4353    i.HAL_TIMEx_TransitionErrorCallback  stm32g4xx_hal_tim_ex.o
    0x080045f6   0x080045f6   0x00000062   Code   RO         3576    i.HAL_TIM_Base_Init  stm32g4xx_hal_tim.o
    0x08004658   0x08004658   0x0000003c   Code   RO          605    i.HAL_TIM_Base_MspInit  tim.o
    0x08004694   0x08004694   0x00000002   Code   RO         3610    i.HAL_TIM_IC_CaptureCallback  stm32g4xx_hal_tim.o
    0x08004696   0x08004696   0x000001fc   Code   RO         3624    i.HAL_TIM_IRQHandler  stm32g4xx_hal_tim.o
    0x08004892   0x08004892   0x00000002   PAD
    0x08004894   0x08004894   0x00000054   Code   RO          606    i.HAL_TIM_MspPostInit  tim.o
    0x080048e8   0x080048e8   0x00000002   Code   RO         3627    i.HAL_TIM_OC_DelayElapsedCallback  stm32g4xx_hal_tim.o
    0x080048ea   0x080048ea   0x00000124   Code   RO         3648    i.HAL_TIM_PWM_ConfigChannel  stm32g4xx_hal_tim.o
    0x08004a0e   0x08004a0e   0x00000062   Code   RO         3651    i.HAL_TIM_PWM_Init  stm32g4xx_hal_tim.o
    0x08004a70   0x08004a70   0x00000028   Code   RO          608    i.HAL_TIM_PWM_MspInit  tim.o
    0x08004a98   0x08004a98   0x00000002   Code   RO         3654    i.HAL_TIM_PWM_PulseFinishedCallback  stm32g4xx_hal_tim.o
    0x08004a9a   0x08004a9a   0x00000002   Code   RO         3662    i.HAL_TIM_PeriodElapsedCallback  stm32g4xx_hal_tim.o
    0x08004a9c   0x08004a9c   0x00000002   Code   RO         3667    i.HAL_TIM_TriggerCallback  stm32g4xx_hal_tim.o
    0x08004a9e   0x08004a9e   0x0000003e   Code   RO         5139    i.HAL_UARTEx_DisableFifoMode  stm32g4xx_hal_uart_ex.o
    0x08004adc   0x08004adc   0x0000004c   Code   RO         5147    i.HAL_UARTEx_SetRxFifoThreshold  stm32g4xx_hal_uart_ex.o
    0x08004b28   0x08004b28   0x0000004c   Code   RO         5148    i.HAL_UARTEx_SetTxFifoThreshold  stm32g4xx_hal_uart_ex.o
    0x08004b74   0x08004b74   0x0000006a   Code   RO         4748    i.HAL_UART_Init     stm32g4xx_hal_uart.o
    0x08004bde   0x08004bde   0x00000002   PAD
    0x08004be0   0x08004be0   0x00000080   Code   RO          671    i.HAL_UART_MspInit  usart.o
    0x08004c60   0x08004c60   0x000000bc   Code   RO         4757    i.HAL_UART_Transmit  stm32g4xx_hal_uart.o
    0x08004d1c   0x08004d1c   0x00000002   Code   RO          719    i.HardFault_Handler  stm32g4xx_it.o
    0x08004d1e   0x08004d1e   0x00000022   Code   RO         3116    i.I2C_Flush_TXDR    stm32g4xx_hal_i2c.o
    0x08004d40   0x08004d40   0x00000120   Code   RO         3124    i.I2C_IsErrorOccurred  stm32g4xx_hal_i2c.o
    0x08004e60   0x08004e60   0x00000064   Code   RO         3128    i.I2C_RequestMemoryWrite  stm32g4xx_hal_i2c.o
    0x08004ec4   0x08004ec4   0x00000030   Code   RO         3131    i.I2C_TransferConfig  stm32g4xx_hal_i2c.o
    0x08004ef4   0x08004ef4   0x00000058   Code   RO         3133    i.I2C_WaitOnFlagUntilTimeout  stm32g4xx_hal_i2c.o
    0x08004f4c   0x08004f4c   0x0000004c   Code   RO         3135    i.I2C_WaitOnSTOPFlagUntilTimeout  stm32g4xx_hal_i2c.o
    0x08004f98   0x08004f98   0x00000050   Code   RO         3136    i.I2C_WaitOnTXISFlagUntilTimeout  stm32g4xx_hal_i2c.o
    0x08004fe8   0x08004fe8   0x0000000c   Code   RO          878    i.LL_ADC_GetOffsetChannel  stm32g4xx_hal_adc.o
    0x08004ff4   0x08004ff4   0x00000008   Code   RO          879    i.LL_ADC_INJ_IsConversionOngoing  stm32g4xx_hal_adc.o
    0x08004ffc   0x08004ffc   0x00000008   Code   RO          880    i.LL_ADC_REG_IsConversionOngoing  stm32g4xx_hal_adc.o
    0x08005004   0x08005004   0x00000008   Code   RO         1113    i.LL_ADC_REG_IsConversionOngoing  stm32g4xx_hal_adc_ex.o
    0x0800500c   0x0800500c   0x00000010   Code   RO          881    i.LL_ADC_REG_IsTriggerSourceSWStart  stm32g4xx_hal_adc.o
    0x0800501c   0x0800501c   0x0000001e   Code   RO          883    i.LL_ADC_SetChannelSamplingTime  stm32g4xx_hal_adc.o
    0x0800503a   0x0800503a   0x00000010   Code   RO          884    i.LL_ADC_SetOffsetState  stm32g4xx_hal_adc.o
    0x0800504a   0x0800504a   0x00000002   PAD
    0x0800504c   0x0800504c   0x00000090   Code   RO          453    i.MX_ADC1_Init      adc.o
    0x080050dc   0x080050dc   0x0000005c   Code   RO          495    i.MX_DAC1_Init      dac.o
    0x08005138   0x08005138   0x0000005c   Code   RO          535    i.MX_DMA_Init       dma.o
    0x08005194   0x08005194   0x000000c4   Code   RO          308    i.MX_GPIO_Init      gpio.o
    0x08005258   0x08005258   0x00000058   Code   RO          564    i.MX_I2C1_Init      i2c.o
    0x080052b0   0x080052b0   0x000000b4   Code   RO          609    i.MX_TIM1_Init      tim.o
    0x08005364   0x08005364   0x00000048   Code   RO          610    i.MX_TIM6_Init      tim.o
    0x080053ac   0x080053ac   0x00000068   Code   RO          672    i.MX_USART3_UART_Init  usart.o
    0x08005414   0x08005414   0x00000002   Code   RO          720    i.MemManage_Handler  stm32g4xx_it.o
    0x08005416   0x08005416   0x00000002   Code   RO          721    i.NMI_Handler       stm32g4xx_it.o
    0x08005418   0x08005418   0x00000034   Code   RO         5454    i.OLED_Clear        oled.o
    0x0800544c   0x0800544c   0x00000020   Code   RO         5460    i.OLED_Init         oled.o
    0x0800546c   0x0800546c   0x00000022   Code   RO         5463    i.OLED_Set_Pos      oled.o
    0x0800548e   0x0800548e   0x00000002   PAD
    0x08005490   0x08005490   0x0000009c   Code   RO         5465    i.OLED_ShowChar     oled.o
    0x0800552c   0x0800552c   0x00000074   Code   RO         5466    i.OLED_ShowNum      oled.o
    0x080055a0   0x080055a0   0x00000058   Code   RO         5467    i.OLED_ShowString   oled.o
    0x080055f8   0x080055f8   0x00000024   Code   RO         5471    i.OLED_WR_CMD       oled.o
    0x0800561c   0x0800561c   0x00000024   Code   RO         5472    i.OLED_WR_DATA      oled.o
    0x08005640   0x08005640   0x00000002   Code   RO          722    i.PendSV_Handler    stm32g4xx_it.o
    0x08005642   0x08005642   0x00000002   Code   RO          723    i.SVC_Handler       stm32g4xx_it.o
    0x08005644   0x08005644   0x00000004   Code   RO          724    i.SysTick_Handler   stm32g4xx_it.o
    0x08005648   0x08005648   0x00000066   Code   RO           14    i.SystemClock_Config  main.o
    0x080056ae   0x080056ae   0x00000002   PAD
    0x080056b0   0x080056b0   0x00000010   Code   RO         5252    i.SystemInit        system_stm32g4xx.o
    0x080056c0   0x080056c0   0x0000001c   Code   RO          725    i.TIM6_DAC_IRQHandler  stm32g4xx_it.o
    0x080056dc   0x080056dc   0x000000b0   Code   RO         3669    i.TIM_Base_SetConfig  stm32g4xx_hal_tim.o
    0x0800578c   0x0800578c   0x0000009c   Code   RO         3682    i.TIM_OC1_SetConfig  stm32g4xx_hal_tim.o
    0x08005828   0x08005828   0x00000090   Code   RO         3683    i.TIM_OC2_SetConfig  stm32g4xx_hal_tim.o
    0x080058b8   0x080058b8   0x00000090   Code   RO         3684    i.TIM_OC3_SetConfig  stm32g4xx_hal_tim.o
    0x08005948   0x08005948   0x00000090   Code   RO         3685    i.TIM_OC4_SetConfig  stm32g4xx_hal_tim.o
    0x080059d8   0x080059d8   0x00000070   Code   RO         3686    i.TIM_OC5_SetConfig  stm32g4xx_hal_tim.o
    0x08005a48   0x08005a48   0x00000070   Code   RO         3687    i.TIM_OC6_SetConfig  stm32g4xx_hal_tim.o
    0x08005ab8   0x08005ab8   0x00000044   Code   RO         5152    i.UARTEx_SetNbDataToProcess  stm32g4xx_hal_uart_ex.o
    0x08005afc   0x08005afc   0x000000c8   Code   RO         4762    i.UART_AdvFeatureConfig  stm32g4xx_hal_uart.o
    0x08005bc4   0x08005bc4   0x00000060   Code   RO         4763    i.UART_CheckIdleState  stm32g4xx_hal_uart.o
    0x08005c24   0x08005c24   0x00000274   Code   RO         4780    i.UART_SetConfig    stm32g4xx_hal_uart.o
    0x08005e98   0x08005e98   0x000000c6   Code   RO         4787    i.UART_WaitOnFlagUntilTimeout  stm32g4xx_hal_uart.o
    0x08005f5e   0x08005f5e   0x00000002   PAD
    0x08005f60   0x08005f60   0x00000018   Code   RO         5409    i.UI_Init           ui.o
    0x08005f78   0x08005f78   0x00000078   Code   RO         5410    i.UI_Update         ui.o
    0x08005ff0   0x08005ff0   0x00000002   Code   RO          726    i.UsageFault_Handler  stm32g4xx_it.o
    0x08005ff2   0x08005ff2   0x00000030   Code   RO        12171    i.__ARM_fpclassify  m_wm.l(fpclassify.o)
    0x08006022   0x08006022   0x00000020   Code   RO         2653    i.__NVIC_SetPriority  stm32g4xx_hal_cortex.o
    0x08006042   0x08006042   0x00000002   PAD
    0x08006044   0x08006044   0x00000150   Code   RO        11898    i.__hardfp_cosf     m_wm.l(cosf.o)
    0x08006194   0x08006194   0x00000006   Code   RO        12176    i.__mathlib_flt_infnan  m_wm.l(funder.o)
    0x0800619a   0x0800619a   0x00000002   PAD
    0x0800619c   0x0800619c   0x00000010   Code   RO        12178    i.__mathlib_flt_invalid  m_wm.l(funder.o)
    0x080061ac   0x080061ac   0x00000154   Code   RO        12192    i.__mathlib_rredf2  m_wm.l(rredf.o)
    0x08006300   0x08006300   0x0000000e   Code   RO        12101    i._is_digit         c_w.l(__printf_wp.o)
    0x0800630e   0x0800630e   0x00000002   PAD
    0x08006310   0x08006310   0x0000003e   Code   RO        10641    i.arm_bitreversal_32  transformfunctions.o
    0x0800634e   0x0800634e   0x000000cc   Code   RO        10646    i.arm_cfft_f32      transformfunctions.o
    0x0800641a   0x0800641a   0x00000188   Code   RO        10707    i.arm_cfft_radix8by2_f32  transformfunctions.o
    0x080065a2   0x080065a2   0x0000042c   Code   RO        10708    i.arm_cfft_radix8by4_f32  transformfunctions.o
    0x080069ce   0x080069ce   0x00000002   PAD
    0x080069d0   0x080069d0   0x00000044   Code   RO         6587    i.arm_cmplx_mag_f32  complexmathfunctions.o
    0x08006a14   0x08006a14   0x00000024   Code   RO         9449    i.arm_max_q15       statisticsfunctions.o
    0x08006a38   0x08006a38   0x00000024   Code   RO         9464    i.arm_min_q15       statisticsfunctions.o
    0x08006a5c   0x08006a5c   0x000004c4   Code   RO        10758    i.arm_radix8_butterfly_f32  transformfunctions.o
    0x08006f20   0x08006f20   0x0000003a   Code   RO         9478    i.arm_rms_q15       statisticsfunctions.o
    0x08006f5a   0x08006f5a   0x00000002   PAD
    0x08006f5c   0x08006f5c   0x0000009c   Code   RO         7275    i.arm_sqrt_q15      fastmathfunctions.o
    0x08006ff8   0x08006ff8   0x000000a0   Code   RO         5332    i.calculate_fft     tasks.o
    0x08007098   0x08007098   0x000000e0   Code   RO         5333    i.calculate_freq    tasks.o
    0x08007178   0x08007178   0x000001e0   Code   RO         5334    i.calculate_mixfreq  tasks.o
    0x08007358   0x08007358   0x00000038   Code   RO           15    i.main              main.o
    0x08007390   0x08007390   0x00000030   Code   RO         5616    i.myprintf          uart.o
    0x080073c0   0x080073c0   0x00000010   Code   RO         5473    i.oled_pow          oled.o
    0x080073d0   0x080073d0   0x0000002c   Code   RO        12275    locale$$code        c_w.l(lc_numeric_c.o)
    0x080073fc   0x080073fc   0x0000002c   Code   RO        12294    locale$$code        c_w.l(lc_ctype_c.o)
    0x08007428   0x08007428   0x0000000c   Code   RO        12138    x$fpl$dretinf       fz_wm.l(dretinf.o)
    0x08007434   0x08007434   0x00000056   Code   RO        11892    x$fpl$f2d           fz_wm.l(f2d.o)
    0x0800748a   0x0800748a   0x0000008c   Code   RO        12142    x$fpl$fnaninf       fz_wm.l(fnaninf.o)
    0x08007516   0x08007516   0x0000000a   Code   RO        12362    x$fpl$fpinit        fz_wm.l(fpinit.o)
    0x08007520   0x08007520   0x00000004   Code   RO        12148    x$fpl$printf1       fz_wm.l(printf1.o)
    0x08007524   0x08007524   0x00000004   Code   RO        12150    x$fpl$printf2       fz_wm.l(printf2.o)
    0x08007528   0x08007528   0x00000000   Code   RO        12156    x$fpl$usenofp       fz_wm.l(usenofp.o)
    0x08007528   0x08007528   0x00000018   Data   RO         4788    .constdata          stm32g4xx_hal_uart.o
    0x08007540   0x08007540   0x00000010   Data   RO         5153    .constdata          stm32g4xx_hal_uart_ex.o
    0x08007550   0x08007550   0x00000010   Data   RO         5253    .constdata          system_stm32g4xx.o
    0x08007560   0x08007560   0x00000008   Data   RO         5254    .constdata          system_stm32g4xx.o
    0x08007568   0x08007568   0x00000228   Data   RO         5597    .constdata          oledfont.o
    0x08007790   0x08007790   0x000005e0   Data   RO         5598    .constdata          oledfont.o
    0x08007d70   0x08007d70   0x00002000   Data   RO         6348    .constdata          commontables.o
    0x08009d70   0x08009d70   0x00000e10   Data   RO         6384    .constdata          commontables.o
    0x0800ab80   0x0800ab80   0x00000020   Data   RO         6448    .constdata          commontables.o
    0x0800aba0   0x0800aba0   0x00000010   Data   RO         6464    .constdata          commontables.o
    0x0800abb0   0x0800abb0   0x00000008   Data   RO        12060    .constdata          c_w.l(_printf_wctomb.o)
    0x0800abb8   0x0800abb8   0x00000028   Data   RO        12089    .constdata          c_w.l(_printf_hex_int_ll_ptr.o)
    0x0800abe0   0x0800abe0   0x00000011   Data   RO        12109    .constdata          c_w.l(__printf_flags_ss_wp.o)
    0x0800abf1   0x0800abf1   0x00000003   PAD
    0x0800abf4   0x0800abf4   0x00000020   Data   RO        12193    .constdata          m_wm.l(rredf.o)
    0x0800ac14   0x0800ac14   0x00000026   Data   RO        12224    .constdata          c_w.l(_printf_fp_hex.o)
    0x0800ac3a   0x0800ac3a   0x00000002   PAD
    0x0800ac3c   0x0800ac3c   0x00000094   Data   RO        12250    .constdata          c_w.l(bigflt0.o)
    0x0800acd0   0x0800acd0   0x00000020   Data   RO        12420    Region$$Table       anon$$obj.o
    0x0800acf0   0x0800acf0   0x0000001c   Data   RO        12274    locale$$data        c_w.l(lc_numeric_c.o)
    0x0800ad0c   0x0800ad0c   0x00000110   Data   RO        12293    locale$$data        c_w.l(lc_ctype_c.o)


    Execution Region RW_IRAM1 (Exec base: 0x20000000, Load base: 0x0800ae1c, Size: 0x00004950, Max: 0x00008000, ABSOLUTE)

    Exec Addr    Load Addr    Size         Type   Attr      Idx    E Section Name        Object

    0x20000000   0x0800ae1c   0x0000000c   Data   RW         1330    .data               stm32g4xx_hal.o
    0x2000000c   0x0800ae28   0x00000004   Data   RW         5255    .data               system_stm32g4xx.o
    0x20000010   0x0800ae2c   0x00000004   Data   RW         5337    .data               tasks.o
    0x20000014   0x0800ae30   0x00000008   Data   RW         5411    .data               ui.o
    0x2000001c   0x0800ae38   0x00000017   Data   RW         5474    .data               oled.o
    0x20000033   0x0800ae4f   0x00000001   PAD
    0x20000034        -       0x000000cc   Zero   RW          454    .bss                adc.o
    0x20000100        -       0x00000074   Zero   RW          496    .bss                dac.o
    0x20000174        -       0x0000004c   Zero   RW          565    .bss                i2c.o
    0x200001c0        -       0x00000098   Zero   RW          611    .bss                tim.o
    0x20000258        -       0x00000090   Zero   RW          673    .bss                usart.o
    0x200002e8        -       0x00004004   Zero   RW         5336    .bss                tasks.o
    0x200042ec        -       0x00000060   Zero   RW        12236    .bss                c_w.l(libspace.o)
    0x2000434c   0x0800ae4f   0x00000004   PAD
    0x20004350        -       0x00000200   Zero   RW            2    HEAP                startup_stm32g431xx.o
    0x20004550        -       0x00000400   Zero   RW            1    STACK               startup_stm32g431xx.o


==============================================================================

Image component sizes


      Code (inc. data)   RO Data    RW Data    ZI Data      Debug   Object Name

       332         20          0          0        204       1927   adc.o
         0          0      11840          0          0      13489   commontables.o
        68          6          0          0          0       2076   complexmathfunctions.o
       256         28          0          0        116       1819   dac.o
        92          4          0          0          0        858   dma.o
       156          4          0          0          0       1339   fastmathfunctions.o
       196         12          0          0          0     688224   gpio.o
       252         26          0          0         76       1813   i2c.o
       162          0          0          0          0     610436   main.o
       566         20          0         23          0       6370   oled.o
         0          0       2056          0          0        614   oledfont.o
        64         26        472          0       1536        844   startup_stm32g431xx.o
       130          0          0          0          0       3726   statisticsfunctions.o
       162         24          0         12          0       4333   stm32g4xx_hal.o
      2768        122          0          0          0      81430   stm32g4xx_hal_adc.o
       234          8          0          0          0      70560   stm32g4xx_hal_adc_ex.o
       198         14          0          0          0      33859   stm32g4xx_hal_cortex.o
       582          8          0          0          0       3841   stm32g4xx_hal_dac.o
         2          0          0          0          0        971   stm32g4xx_hal_dac_ex.o
       680         30          0          0          0       5079   stm32g4xx_hal_dma.o
       618         40          0          0          0       2975   stm32g4xx_hal_gpio.o
      1242         24          0          0          0       9991   stm32g4xx_hal_i2c.o
       168          0          0          0          0       1923   stm32g4xx_hal_i2c_ex.o
        48          6          0          0          0        866   stm32g4xx_hal_msp.o
       204         18          0          0          0       1409   stm32g4xx_hal_pwr_ex.o
      1704         94          0          0          0       6776   stm32g4xx_hal_rcc.o
       648         10          0          0          0       1880   stm32g4xx_hal_rcc_ex.o
      1994        178          0          0          0      13172   stm32g4xx_hal_tim.o
       342         32          0          0          0       6348   stm32g4xx_hal_tim_ex.o
      1416         66         24          0          0      25542   stm32g4xx_hal_uart.o
       282          6         16          0          0       3665   stm32g4xx_hal_uart_ex.o
        98         28          0          0          0       7084   stm32g4xx_it.o
        16          4         24          4          0       1135   system_stm32g4xx.o
      1660        488          0          4      16388       6344   tasks.o
       436         50          0          0        152       3583   tim.o
      2946          4          0          0          0       9565   transformfunctions.o
        48          4          0          0          0       1195   uart.o
       252         50          0          8          0       2325   ui.o
       232         24          0          0        144       1806   usart.o

    ----------------------------------------------------------------------
     21292       1478      14464         52      18616    1641192   Object Totals
         0          0         32          0          0          0   (incl. Generated)
        38          0          0          1          0          0   (incl. Padding)

    ----------------------------------------------------------------------

      Code (inc. data)   RO Data    RW Data    ZI Data      Debug   Library Member Name

         8          0          0          0          0         68   __main.o
       392          4         17          0          0         92   __printf_flags_ss_wp.o
        14          0          0          0          0         68   __printf_wp.o
         0          0          0          0          0          0   __rtentry.o
        12          0          0          0          0          0   __rtentry2.o
         6          0          0          0          0          0   __rtentry4.o
        52          8          0          0          0          0   __scatter.o
        26          0          0          0          0          0   __scatter_copy.o
        28          0          0          0          0          0   __scatter_zi.o
         6          0          0          0          0          0   _printf_a.o
         6          0          0          0          0          0   _printf_c.o
        44          0          0          0          0        108   _printf_char.o
        48          6          0          0          0         96   _printf_char_common.o
        40          0          0          0          0         68   _printf_charcount.o
         6          0          0          0          0          0   _printf_d.o
       120         16          0          0          0         92   _printf_dec.o
         6          0          0          0          0          0   _printf_e.o
         6          0          0          0          0          0   _printf_f.o
      1054          0          0          0          0        216   _printf_fp_dec.o
       764          8         38          0          0        100   _printf_fp_hex.o
       128         16          0          0          0         84   _printf_fp_infnan.o
         6          0          0          0          0          0   _printf_g.o
       148          4         40          0          0        160   _printf_hex_int_ll_ptr.o
         6          0          0          0          0          0   _printf_i.o
       178          0          0          0          0         88   _printf_intcommon.o
        10          0          0          0          0          0   _printf_l.o
         6          0          0          0          0          0   _printf_lc.o
        10          0          0          0          0          0   _printf_ll.o
         6          0          0          0          0          0   _printf_lld.o
         6          0          0          0          0          0   _printf_lli.o
         6          0          0          0          0          0   _printf_llo.o
         6          0          0          0          0          0   _printf_llu.o
         6          0          0          0          0          0   _printf_llx.o
       124         16          0          0          0         92   _printf_longlong_dec.o
         6          0          0          0          0          0   _printf_ls.o
         6          0          0          0          0          0   _printf_n.o
         6          0          0          0          0          0   _printf_o.o
       112         10          0          0          0        124   _printf_oct_int_ll.o
         6          0          0          0          0          0   _printf_p.o
        78          0          0          0          0        108   _printf_pad.o
         0          0          0          0          0          0   _printf_percent.o
         4          0          0          0          0          0   _printf_percent_end.o
         6          0          0          0          0          0   _printf_s.o
        82          0          0          0          0         80   _printf_str.o
        36          0          0          0          0         84   _printf_truncate.o
         6          0          0          0          0          0   _printf_u.o
        44          0          0          0          0        108   _printf_wchar.o
       188          6          8          0          0         92   _printf_wctomb.o
         6          0          0          0          0          0   _printf_x.o
        22          0          0          0          0        100   _rserrno.o
        16          0          0          0          0         68   _snputc.o
        10          0          0          0          0         68   _sputc.o
        64          0          0          0          0         92   _wcrtomb.o
       228          4        148          0          0         96   bigflt0.o
      1936        128          0          0          0        672   btod.o
        18          0          0          0          0         80   exit.o
         6          0          0          0          0        152   heapauxi.o
         0          0          0          0          0          0   indicate_semi.o
        44         10        272          0          0         76   lc_ctype_c.o
        44         10         28          0          0         76   lc_numeric_c.o
         2          0          0          0          0          0   libinit.o
        34          0          0          0          0          0   libinit2.o
         2          0          0          0          0          0   libshutdown.o
         2          0          0          0          0          0   libshutdown2.o
         8          4          0          0         96         68   libspace.o
        72          0          0          0          0         76   llsdiv.o
       138          0          0          0          0         80   lludiv10.o
       238          0          0          0          0        100   lludivv7m.o
        16          4          0          0          0         76   rt_ctype_table.o
         8          4          0          0          0         68   rt_errno_addr_intlibspace.o
         8          4          0          0          0         68   rt_locale_intlibspace.o
        78          0          0          0          0         80   rt_memclr_w.o
         2          0          0          0          0          0   rtexit.o
        10          0          0          0          0          0   rtexit2.o
       128          0          0          0          0         68   strcmpv7m.o
        62          0          0          0          0         76   strlen.o
        12          4          0          0          0         68   sys_exit.o
        74          0          0          0          0         80   sys_stackheap_outer.o
         2          0          0          0          0         68   use_no_semi.o
        52          4          0          0          0         80   vsnprintf.o
        12          0          0          0          0        116   dretinf.o
        86          4          0          0          0        132   f2d.o
       140          4          0          0          0        132   fnaninf.o
        10          0          0          0          0        116   fpinit.o
         4          0          0          0          0        116   printf1.o
         4          0          0          0          0        116   printf2.o
         0          0          0          0          0          0   usenofp.o
       336         56          0          0          0        136   cosf.o
        48          0          0          0          0        124   fpclassify.o
        22          6          0          0          0        232   funder.o
       340         24         32          0          0        160   rredf.o

    ----------------------------------------------------------------------
      8228        364        588          0        100       5844   Library Totals
        20          0          5          0          4          0   (incl. Padding)

    ----------------------------------------------------------------------

      Code (inc. data)   RO Data    RW Data    ZI Data      Debug   Library Name

      7206        270        551          0         96       4464   c_w.l
       256          8          0          0          0        728   fz_wm.l
       746         86         32          0          0        652   m_wm.l

    ----------------------------------------------------------------------
      8228        364        588          0        100       5844   Library Totals

    ----------------------------------------------------------------------

==============================================================================


      Code (inc. data)   RO Data    RW Data    ZI Data      Debug   

     29520       1842      15052         52      18716    1627892   Grand Totals
     29520       1842      15052         52      18716    1627892   ELF Image Totals
     29520       1842      15052         52          0          0   ROM Totals

==============================================================================

    Total RO  Size (Code + RO Data)                44572 (  43.53kB)
    Total RW  Size (RW Data + ZI Data)             18768 (  18.33kB)
    Total ROM Size (Code + RO Data + RW Data)      44624 (  43.58kB)

==============================================================================

